Archive member included to satisfy reference by file (symbol)

C:/ST/STM32CubeIDE_2.1.0/STM32CubeIDE/plugins/com.st.stm32cube.ide.mcu.externaltools.gnu-tools-for-stm32.14.3.rel1.win32_1.0.100.202602081740/tools/bin/../lib/gcc/arm-none-eabi/14.3.1/../../../../arm-none-eabi/lib/thumb/v7-m/nofp\libc_nano.a(libc_a-exit.o)
                              C:/ST/STM32CubeIDE_2.1.0/STM32CubeIDE/plugins/com.st.stm32cube.ide.mcu.externaltools.gnu-tools-for-stm32.14.3.rel1.win32_1.0.100.202602081740/tools/bin/../lib/gcc/arm-none-eabi/14.3.1/../../../../arm-none-eabi/lib/thumb/v7-m/nofp/crt0.o (exit)
C:/ST/STM32CubeIDE_2.1.0/STM32CubeIDE/plugins/com.st.stm32cube.ide.mcu.externaltools.gnu-tools-for-stm32.14.3.rel1.win32_1.0.100.202602081740/tools/bin/../lib/gcc/arm-none-eabi/14.3.1/../../../../arm-none-eabi/lib/thumb/v7-m/nofp\libc_nano.a(libc_a-itoa.o)
                              ./Core/Src/esp01.o (itoa)
C:/ST/STM32CubeIDE_2.1.0/STM32CubeIDE/plugins/com.st.stm32cube.ide.mcu.externaltools.gnu-tools-for-stm32.14.3.rel1.win32_1.0.100.202602081740/tools/bin/../lib/gcc/arm-none-eabi/14.3.1/../../../../arm-none-eabi/lib/thumb/v7-m/nofp\libc_nano.a(libc_a-utoa.o)
                              C:/ST/STM32CubeIDE_2.1.0/STM32CubeIDE/plugins/com.st.stm32cube.ide.mcu.externaltools.gnu-tools-for-stm32.14.3.rel1.win32_1.0.100.202602081740/tools/bin/../lib/gcc/arm-none-eabi/14.3.1/../../../../arm-none-eabi/lib/thumb/v7-m/nofp\libc_nano.a(libc_a-itoa.o) (__utoa)
C:/ST/STM32CubeIDE_2.1.0/STM32CubeIDE/plugins/com.st.stm32cube.ide.mcu.externaltools.gnu-tools-for-stm32.14.3.rel1.win32_1.0.100.202602081740/tools/bin/../lib/gcc/arm-none-eabi/14.3.1/../../../../arm-none-eabi/lib/thumb/v7-m/nofp\libc_nano.a(libc_a-findfp.o)
                              C:/ST/STM32CubeIDE_2.1.0/STM32CubeIDE/plugins/com.st.stm32cube.ide.mcu.externaltools.gnu-tools-for-stm32.14.3.rel1.win32_1.0.100.202602081740/tools/bin/../lib/gcc/arm-none-eabi/14.3.1/../../../../arm-none-eabi/lib/thumb/v7-m/nofp\libc_nano.a(libc_a-exit.o) (__stdio_exit_handler)
C:/ST/STM32CubeIDE_2.1.0/STM32CubeIDE/plugins/com.st.stm32cube.ide.mcu.externaltools.gnu-tools-for-stm32.14.3.rel1.win32_1.0.100.202602081740/tools/bin/../lib/gcc/arm-none-eabi/14.3.1/../../../../arm-none-eabi/lib/thumb/v7-m/nofp\libc_nano.a(libc_a-fwalk.o)
                              C:/ST/STM32CubeIDE_2.1.0/STM32CubeIDE/plugins/com.st.stm32cube.ide.mcu.externaltools.gnu-tools-for-stm32.14.3.rel1.win32_1.0.100.202602081740/tools/bin/../lib/gcc/arm-none-eabi/14.3.1/../../../../arm-none-eabi/lib/thumb/v7-m/nofp\libc_nano.a(libc_a-findfp.o) (_fwalk_sglue)
C:/ST/STM32CubeIDE_2.1.0/STM32CubeIDE/plugins/com.st.stm32cube.ide.mcu.externaltools.gnu-tools-for-stm32.14.3.rel1.win32_1.0.100.202602081740/tools/bin/../lib/gcc/arm-none-eabi/14.3.1/../../../../arm-none-eabi/lib/thumb/v7-m/nofp\libc_nano.a(libc_a-snprintf.o)
                              ./Core/Src/main.o (snprintf)
C:/ST/STM32CubeIDE_2.1.0/STM32CubeIDE/plugins/com.st.stm32cube.ide.mcu.externaltools.gnu-tools-for-stm32.14.3.rel1.win32_1.0.100.202602081740/tools/bin/../lib/gcc/arm-none-eabi/14.3.1/../../../../arm-none-eabi/lib/thumb/v7-m/nofp\libc_nano.a(libc_a-stdio.o)
                              C:/ST/STM32CubeIDE_2.1.0/STM32CubeIDE/plugins/com.st.stm32cube.ide.mcu.externaltools.gnu-tools-for-stm32.14.3.rel1.win32_1.0.100.202602081740/tools/bin/../lib/gcc/arm-none-eabi/14.3.1/../../../../arm-none-eabi/lib/thumb/v7-m/nofp\libc_nano.a(libc_a-findfp.o) (__sread)
C:/ST/STM32CubeIDE_2.1.0/STM32CubeIDE/plugins/com.st.stm32cube.ide.mcu.externaltools.gnu-tools-for-stm32.14.3.rel1.win32_1.0.100.202602081740/tools/bin/../lib/gcc/arm-none-eabi/14.3.1/../../../../arm-none-eabi/lib/thumb/v7-m/nofp\libc_nano.a(libc_a-memset.o)
                              C:/ST/STM32CubeIDE_2.1.0/STM32CubeIDE/plugins/com.st.stm32cube.ide.mcu.externaltools.gnu-tools-for-stm32.14.3.rel1.win32_1.0.100.202602081740/tools/bin/../lib/gcc/arm-none-eabi/14.3.1/../../../../arm-none-eabi/lib/thumb/v7-m/nofp/crt0.o (memset)
C:/ST/STM32CubeIDE_2.1.0/STM32CubeIDE/plugins/com.st.stm32cube.ide.mcu.externaltools.gnu-tools-for-stm32.14.3.rel1.win32_1.0.100.202602081740/tools/bin/../lib/gcc/arm-none-eabi/14.3.1/../../../../arm-none-eabi/lib/thumb/v7-m/nofp\libc_nano.a(libc_a-strncpy.o)
                              ./Core/Src/esp01.o (strncpy)
C:/ST/STM32CubeIDE_2.1.0/STM32CubeIDE/plugins/com.st.stm32cube.ide.mcu.externaltools.gnu-tools-for-stm32.14.3.rel1.win32_1.0.100.202602081740/tools/bin/../lib/gcc/arm-none-eabi/14.3.1/../../../../arm-none-eabi/lib/thumb/v7-m/nofp\libc_nano.a(libc_a-strstr.o)
                              ./Core/Src/main.o (strstr)
C:/ST/STM32CubeIDE_2.1.0/STM32CubeIDE/plugins/com.st.stm32cube.ide.mcu.externaltools.gnu-tools-for-stm32.14.3.rel1.win32_1.0.100.202602081740/tools/bin/../lib/gcc/arm-none-eabi/14.3.1/../../../../arm-none-eabi/lib/thumb/v7-m/nofp\libc_nano.a(libc_a-closer.o)
[...]
Memory Configuration

Name             Origin             Length             Attributes
RAM              0x20000000         0x00005000         xrw
FLASH            0x08000000         0x00010000         xr
*default*        0x00000000         0xffffffff

Linker script and memory map

LOAD C:/ST/STM32CubeIDE_2.1.0/STM32CubeIDE/plugins/com.st.stm32cube.ide.mcu.externaltools.gnu-tools-for-stm32.14.3.rel1.win32_1.0.100.202602081740/tools/bin/../lib/gcc/arm-none-eabi/14.3.1/thumb/v7-m/nofp/crti.o
LOAD C:/ST/STM32CubeIDE_2.1.0/STM32CubeIDE/plugins/com.st.stm32cube.ide.mcu.externaltools.gnu-tools-for-stm32.14.3.rel1.win32_1.0.100.202602081740/tools/bin/../lib/gcc/arm-none-eabi/14.3.1/thumb/v7-m/nofp/crtbegin.o
LOAD C:/ST/STM32CubeIDE_2.1.0/STM32CubeIDE/plugins/com.st.stm32cube.ide.mcu.externaltools.gnu-tools-for-stm32.14.3.rel1.win32_1.0.100.202602081740/tools/bin/../lib/gcc/arm-none-eabi/14.3.1/../../../../arm-none-eabi/lib/thumb/v7-m/nofp/crt0.o
LOAD ./Core/Src/esp01.o
LOAD ./Core/Src/fonts.o
LOAD ./Core/Src/main.o
LOAD ./Core/Src/mpu6050.o
LOAD ./Core/Src/ssd1306.o
LOAD ./Core/Src/stm32f1xx_hal_msp.o
LOAD ./Core/Src/stm32f1xx_it.o
LOAD ./Core/Src/syscalls.o
LOAD ./Core/Src/sysmem.o
LOAD ./Core/Src/system_stm32f1xx.o
LOAD ./Core/Src/unerPrtcl.o
LOAD ./Core/Startup/startup_stm32f103c8tx.o
LOAD ./Drivers/STM32F1xx_HAL_Driver/Src/stm32f1xx_hal.o
LOAD ./Drivers/STM32F1xx_HAL_Driver/Src/stm32f1xx_hal_adc.o
LOAD ./Drivers/STM32F1xx_HAL_Driver/Src/stm32f1xx_hal_adc_ex.o
LOAD ./Drivers/STM32F1xx_HAL_Driver/Src/stm32f1xx_hal_cortex.o
LOAD ./Drivers/STM32F1xx_HAL_Driver/Src/stm32f1xx_hal_dma.o
LOAD ./Drivers/STM32F1xx_HAL_Driver/Src/stm32f1xx_hal_exti.o
LOAD ./Drivers/STM32F1xx_HAL_Driver/Src/stm32f1xx_hal_flash.o
LOAD ./Drivers/STM32F1xx_HAL_Driver/Src/stm32f1xx_hal_flash_ex.o
LOAD ./Drivers/STM32F1xx_HAL_Driver/Src/stm32f1xx_hal_gpio.o
LOAD ./Drivers/STM32F1xx_HAL_Driver/Src/stm32f1xx_hal_gpio_ex.o
LOAD ./Drivers/STM32F1xx_HAL_Driver/Src/stm32f1xx_hal_i2c.o
LOAD ./Drivers/STM32F1xx_HAL_Driver/Src/stm32f1xx_hal_pcd.o
LOAD ./Drivers/STM32F1xx_HAL_Driver/Src/stm32f1xx_hal_pcd_ex.o
LOAD ./Drivers/STM32F1xx_HAL_Driver/Src/stm32f1xx_hal_pwr.o
LOAD ./Drivers/STM32F1xx_HAL_Driver/Src/stm32f1xx_hal_rcc.o
LOAD ./Drivers/STM32F1xx_HAL_Driver/Src/stm32f1xx_hal_rcc_ex.o
LOAD ./Drivers/STM32F1xx_HAL_Driver/Src/stm32f1xx_hal_tim.o
LOAD ./Drivers/STM32F1xx_HAL_Driver/Src/stm32f1xx_hal_tim_ex.o
LOAD ./Drivers/STM32F1xx_HAL_Driver/Src/stm32f1xx_hal_uart.o
LOAD ./Drivers/STM32F1xx_HAL_Driver/Src/stm32f1xx_ll_usb.o
LOAD ./Middlewares/ST/STM32_USB_Device_Library/Class/CDC/Src/usbd_cdc.o
LOAD ./Middlewares/ST/STM32_USB_Device_Library/Core/Src/usbd_core.o
LOAD ./Middlewares/ST/STM32_USB_Device_Library/Core/Src/usbd_ctlreq.o
LOAD ./Middlewares/ST/STM32_USB_Device_Library/Core/Src/usbd_ioreq.o
LOAD ./USB_DEVICE/App/usb_device.o
LOAD ./USB_DEVICE/App/usbd_cdc_if.o
LOAD ./USB_DEVICE/App/usbd_desc.o
LOAD ./USB_DEVICE/Target/usbd_conf.o
START GROUP
LOAD C:/ST/STM32CubeIDE_2.1.0/STM32CubeIDE/plugins/com.st.stm32cube.ide.mcu.externaltools.gnu-tools-for-stm32.14.3.rel1.win32_1.0.100.202602081740/tools/bin/../lib/gcc/arm-none-eabi/14.3.1/../../../../arm-none-eabi/lib/thumb/v7-m/nofp\libc_nano.a
LOAD C:/ST/STM32CubeIDE_2.1.0/STM32CubeIDE/plugins/com.st.stm32cube.ide.mcu.externaltools.gnu-tools-for-stm32.14.3.rel1.win32_1.0.100.202602081740/tools/bin/../lib/gcc/arm-none-eabi/14.3.1/../../../../arm-none-eabi/lib/thumb/v7-m/nofp\libm.a
END GROUP
START GROUP
LOAD C:/ST/STM32CubeIDE_2.1.0/STM32CubeIDE/plugins/com.st.stm32cube.ide.mcu.externaltools.gnu-tools-for-stm32.14.3.rel1.win32_1.0.100.202602081740/tools/bin/../lib/gcc/arm-none-eabi/14.3.1/thumb/v7-m/nofp\libgcc.a
LOAD C:/ST/STM32CubeIDE_2.1.0/STM32CubeIDE/plugins/com.st.stm32cube.ide.mcu.externaltools.gnu-tools-for-stm32.14.3.rel1.win32_1.0.100.202602081740/tools/bin/../lib/gcc/arm-none-eabi/14.3.1/../../../../arm-none-eabi/lib/thumb/v7-m/nofp\libc_nano.a
END GROUP
START GROUP
LOAD C:/ST/STM32CubeIDE_2.1.0/STM32CubeIDE/plugins/com.st.stm32cube.ide.mcu.externaltools.gnu-tools-for-stm32.14.3.rel1.win32_1.0.100.202602081740/tools/bin/../lib/gcc/arm-none-eabi/14.3.1/thumb/v7-m/nofp\libgcc.a
LOAD C:/ST/STM32CubeIDE_2.1.0/STM32CubeIDE/plugins/com.st.stm32cube.ide.mcu.externaltools.gnu-tools-for-stm32.14.3.rel1.win32_1.0.100.202602081740/tools/bin/../lib/gcc/arm-none-eabi/14.3.1/../../../../arm-none-eabi/lib/thumb/v7-m/nofp\libc_nano.a
LOAD C:/ST/STM32CubeIDE_2.1.0/STM32CubeIDE/plugins/com.st.stm32cube.ide.mcu.externaltools.gnu-tools-for-stm32.14.3.rel1.win32_1.0.100.202602081740/tools/bin/../lib/gcc/arm-none-eabi/14.3.1/../../../../arm-none-eabi/lib/thumb/v7-m/nofp\libnosys.a
END GROUP
START GROUP
LOAD C:/ST/STM32CubeIDE_2.1.0/STM32CubeIDE/plugins/com.st.stm32cube.ide.mcu.externaltools.gnu-tools-for-stm32.14.3.rel1.win32_1.0.100.202602081740/tools/bin/../lib/gcc/arm-none-eabi/14.3.1/thumb/v7-m/nofp\libgcc.a
LOAD C:/ST/STM32CubeIDE_2.1.0/STM32CubeIDE/plugins/com.st.stm32cube.ide.mcu.externaltools.gnu-tools-for-stm32.14.3.rel1.win32_1.0.100.202602081740/tools/bin/../lib/gcc/arm-none-eabi/14.3.1/../../../../arm-none-eabi/lib/thumb/v7-m/nofp\libc_nano.a
LOAD C:/ST/STM32CubeIDE_2.1.0/STM32CubeIDE/plugins/com.st.stm32cube.ide.mcu.externaltools.gnu-tools-for-stm32.14.3.rel1.win32_1.0.100.202602081740/tools/bin/../lib/gcc/arm-none-eabi/14.3.1/../../../../arm-none-eabi/lib/thumb/v7-m/nofp\libnosys.a
END GROUP
LOAD C:/ST/STM32CubeIDE_2.1.0/STM32CubeIDE/plugins/com.st.stm32cube.ide.mcu.externaltools.gnu-tools-for-stm32.14.3.rel1.win32_1.0.100.202602081740/tools/bin/../lib/gcc/arm-none-eabi/14.3.1/thumb/v7-m/nofp/crtend.o
LOAD C:/ST/STM32CubeIDE_2.1.0/STM32CubeIDE/plugins/com.st.stm32cube.ide.mcu.externaltools.gnu-tools-for-stm32.14.3.rel1.win32_1.0.100.202602081740/tools/bin/../lib/gcc/arm-none-eabi/14.3.1/thumb/v7-m/nofp/crtn.o
                0x20005000                        _estack = (ORIGIN (RAM) + LENGTH (RAM))
                0x00000200                        _Min_Heap_Size = 0x200
                0x00000400                        _Min_Stack_Size = 0x400

.isr_vector     0x08000000      0x10c
                0x08000000                        . = ALIGN (0x4)
 *(.isr_vector)
 .isr_vector    0x08000000      0x10c ./Core/Startup/startup_stm32f103c8tx.o
                0x08000000                g_pfnVectors
                0x0800010c                        . = ALIGN (0x4)

.text           0x0800010c     0x9e18
                0x0800010c                        . = ALIGN (0x4)
 *(.text)
 .text          0x0800010c       0x40 C:/ST/STM32CubeIDE_2.1.0/STM32CubeIDE/plugins/com.st.stm32cube.ide.mcu.externaltools.gnu-tools-for-stm32.14.3.rel1.win32_1.0.100.202602081740/tools/bin/../lib/gcc/arm-none-eabi/14.3.1/thumb/v7-m/nofp/crtbegin.o
 .text          0x0800014c       0x10 C:/ST/STM32CubeIDE_2.1.0/STM32CubeIDE/plugins/com.st.stm32cube.ide.mcu.externaltools.gnu-tools-for-stm32.14.3.rel1.win32_1.0.100.202602081740/tools/bin/../lib/gcc/arm-none-eabi/14.3.1/../../../../arm-none-eabi/lib/thumb/v7-m/nofp\libc_nano.a(libc_a-strlen.o)
                0x0800014c                strlen
 *(.text*)
 .text.ESP01StrToBufTX
                0x0800015c       0x34 ./Core/Src/esp01.o
 .text.ESP01ByteToBufTX
                0x08000190       0x28 ./Core/Src/esp01.o
 .text.ESP01_SetWIFI
                0x080001b8       0x5c ./Core/Src/esp01.o
                0x080001b8                ESP01_SetWIFI
 .text.ESP01_GetLastConnID
                0x08000214        0xc ./Core/Src/esp01.o
                0x08000214                ESP01_GetLastConnID
 .text.ESP01_StartUDP
                0x08000220       0x8c ./Core/Src/esp01.o
                0x08000220                ESP01_StartUDP
 .text.ESP01_StateUDPTCP
                0x080002ac       0x24 ./Core/Src/esp01.o
                0x080002ac                ESP01_StateUDPTCP
 .text.ESP01_WriteRX
                0x080002d0       0x28 ./Core/Src/esp01.o
                0x080002d0                ESP01_WriteRX
 .text.ESP01_Send
                0x080002f8      0x128 ./Core/Src/esp01.o
                0x080002f8                ESP01_Send
 .text.ESP01_Init
                0x08000420       0x70 ./Core/Src/esp01.o
                0x08000420                ESP01_Init
 .text.ESP01_Timeout10ms
                0x08000490       0x68 ./Core/Src/esp01.o
                0x08000490                ESP01_Timeout10ms
 .text.ESP01_Task
                0x080004f8      0x90c ./Core/Src/esp01.o
                0x080004f8                ESP01_Task
 .text.ESP01_AttachChangeState
                0x08000e04        0xc ./Core/Src/esp01.o
                0x08000e04                ESP01_AttachChangeState
 .text.ESP01_AttachDebugStr
                0x08000e10        0xc ./Core/Src/esp01.o
                0x08000e10                ESP01_AttachDebugStr
 .text.USBRxData
                0x08000e1c       0x2c ./Core/Src/main.o
                0x08000e1c                USBRxData
 .text.OnESP01ChangeState
                0x08000e48       0x10 ./Core/Src/main.o
                0x08000e48                OnESP01ChangeState
 .text.CHPD_Control
                0x08000e58       0x14 ./Core/Src/main.o
                0x08000e58                CHPD_Control
 .text.displayMemWrite
                0x08000e6c       0x24 ./Core/Src/main.o
                0x08000e6c                displayMemWrite
 .text.mpuMemWrite
                0x08000e90        0x4 ./Core/Src/main.o
                0x08000e90                mpuMemWrite
 .text.displayMemWriteDMA
                0x08000e94       0x1c ./Core/Src/main.o
                0x08000e94                displayMemWriteDMA
 .text.mpuMemReadDMA
                0x08000eb0       0x1c ./Core/Src/main.o
                0x08000eb0                mpuMemReadDMA
 .text.USART_SendByte
                0x08000ecc       0x20 ./Core/Src/main.o
                0x08000ecc                USART_SendByte
 .text.DebugESP01_To_USB
                0x08000eec       0x14 ./Core/Src/main.o
                0x08000eec                DebugESP01_To_USB
 .text.WiFi_Data_Callback
                0x08000f00       0x6c ./Core/Src/main.o
                0x08000f00                WiFi_Data_Callback
 .text.HAL_ADC_ConvCpltCallback
                0x08000f6c       0x20 ./Core/Src/main.o
                0x08000f6c                HAL_ADC_ConvCpltCallback
 .text.HAL_I2C_MemTxCpltCallback
                0x08000f8c        0xc ./Core/Src/main.o
                0x08000f8c                HAL_I2C_MemTxCpltCallback
 .text.HAL_I2C_MemRxCpltCallback
                0x08000f98        0xc ./Core/Src/main.o
                0x08000f98                HAL_I2C_MemRxCpltCallback
 .text.HAL_TIM_PeriodElapsedCallback
                0x08000fa4       0x90 ./Core/Src/main.o
                0x08000fa4                HAL_TIM_PeriodElapsedCallback
 .text.decodeCommand
                0x08001034      0x6e4 ./Core/Src/main.o
                0x08001034                decodeCommand
 .text.COMMTask
                0x08001718       0x78 ./Core/Src/main.o
                0x08001718                COMMTask
 .text.heartBeatTask
                0x08001790       0x44 ./Core/Src/main.o
                0x08001790                heartBeatTask
 .text.ssd1306Data
                0x080017d4      0x264 ./Core/Src/main.o
                0x080017d4                ssd1306Data
 .text.i2cTask  0x08001a38      0x110 ./Core/Src/main.o
                0x08001a38                i2cTask
 .text.PWM_Control
                0x08001b48       0x34 ./Core/Src/main.o
                0x08001b48                PWM_Control
 .text.sendHTMLForm
                0x08001b7c       0x40 ./Core/Src/main.o
                0x08001b7c                sendHTMLForm
 .text.sendHTTPOKPage
                0x08001bbc       0x3c ./Core/Src/main.o
                0x08001bbc                sendHTTPOKPage
 .text.parseHTTPGetParams
                0x08001bf8       0xf4 ./Core/Src/main.o
                0x08001bf8                parseHTTPGetParams
 .text.httpTask
                0x08001cec       0xf8 ./Core/Src/main.o
                0x08001cec                httpTask
 .text.updateMefTask
                0x08001de4       0x46 ./Core/Src/main.o
                0x08001de4                updateMefTask
 *fill*         0x08001e2a        0x2 
 .text.buttonTimeout10ms
                0x08001e2c       0x44 ./Core/Src/main.o
                0x08001e2c                buttonTimeout10ms
 .text.do10ms   0x08001e70       0xe0 ./Core/Src/main.o
                0x08001e70                do10ms
 .text.buttonTask
                0x08001f50       0x28 ./Core/Src/main.o
                0x08001f50                buttonTask
 .text.PID_ControlTask
                0x08001f78      0x3b0 ./Core/Src/main.o
                0x08001f78                PID_ControlTask
 .text.SystemClock_Config
                0x08002328       0x82 ./Core/Src/main.o
                0x08002328                SystemClock_Config
 *fill*         0x080023aa        0x2 
 .text.startup.main
                0x080023ac      0x620 ./Core/Src/main.o
                0x080023ac                main
 .text.HAL_UART_RxCpltCallback
                0x080029cc       0x30 ./Core/Src/main.o
                0x080029cc                HAL_UART_RxCpltCallback
 .text.HAL_UART_ErrorCallback
                0x080029fc       0x2c ./Core/Src/main.o
                0x080029fc                HAL_UART_ErrorCallback
 .text.Error_Handler
                0x08002a28        0x4 ./Core/Src/main.o
                0x08002a28                Error_Handler
 .text.mpu6050_ADC_ConfCpltCallback
                0x08002a2c        0xc ./Core/Src/mpu6050.o
                0x08002a2c                mpu6050_ADC_ConfCpltCallback
 .text.mpu6050_Attach_MemWrite
                0x08002a38        0xc ./Core/Src/mpu6050.o
                0x08002a38                mpu6050_Attach_MemWrite
 .text.mpu6050_Attach_MemReadDMA
                0x08002a44        0xc ./Core/Src/mpu6050.o
                0x08002a44                mpu6050_Attach_MemReadDMA
 .text.mpu6050_WriteData
                0x08002a50       0x18 ./Core/Src/mpu6050.o
                0x08002a50                mpu6050_WriteData
 .text.mpu6050_ReadDataDMA
                0x08002a68       0x18 ./Core/Src/mpu6050.o
                0x08002a68                mpu6050_ReadDataDMA
 .text.mpu6050_Init
                0x08002a80       0x3e ./Core/Src/mpu6050.o
                0x08002a80                mpu6050_Init
 *fill*         0x08002abe        0x2 
 .text.mpu6050_Reset_State
                0x08002ac0       0x1c ./Core/Src/mpu6050.o
                0x08002ac0                mpu6050_Reset_State
 .text.mpu6050_Read
                0x08002adc       0x90 ./Core/Src/mpu6050.o
                0x08002adc                mpu6050_Read
 .text.mpu6050_GetData
                0x08002b6c       0x50 ./Core/Src/mpu6050.o
                0x08002b6c                mpu6050_GetData
 .text.ssd1306_WriteCommand
                0x08002bbc       0x20 ./Core/Src/ssd1306.o
                0x08002bbc                ssd1306_WriteCommand
 .text.ssd1306_WriteCommandDMA
                0x08002bdc       0x20 ./Core/Src/ssd1306.o
                0x08002bdc                ssd1306_WriteCommandDMA
 .text.ssd1306_WriteData
                0x08002bfc       0x18 ./Core/Src/ssd1306.o
                0x08002bfc                ssd1306_WriteData
 .text.ssd1306_WriteDataDMA
                0x08002c14       0x18 ./Core/Src/ssd1306.o
                0x08002c14                ssd1306_WriteDataDMA
 .text.ssd1306_Attach_MemWriteDMA
                0x08002c2c        0xc ./Core/Src/ssd1306.o
                0x08002c2c                ssd1306_Attach_MemWriteDMA
 .text.ssd1306_Attach_MemWrite
                0x08002c38        0xc ./Core/Src/ssd1306.o
                0x08002c38                ssd1306_Attach_MemWrite
 .text.ssd1306_ADC_ConfCpltCallback
                0x08002c44        0xc ./Core/Src/ssd1306.o
                0x08002c44                ssd1306_ADC_ConfCpltCallback
 .text.ssd1306_Fill
                0x08002c50       0x18 ./Core/Src/ssd1306.o
                0x08002c50                ssd1306_Fill
 .text.ssd1306_UpdateScreen
                0x08002c68       0x34 ./Core/Src/ssd1306.o
                0x08002c68                ssd1306_UpdateScreen
 .text.ssd1306_UpdateScreenDMA
                0x08002c9c       0x84 ./Core/Src/ssd1306.o
                0x08002c9c                ssd1306_UpdateScreenDMA
 .text.ssd1306_DrawPixel
                0x08002d20       0x30 ./Core/Src/ssd1306.o
                0x08002d20                ssd1306_DrawPixel
 .text.ssd1306_WriteChar
                0x08002d50       0xb8 ./Core/Src/ssd1306.o
                0x08002d50                ssd1306_WriteChar
 .text.ssd1306_WriteString
                0x08002e08       0x2c ./Core/Src/ssd1306.o
                0x08002e08                ssd1306_WriteString
 .text.ssd1306_SetCursor
                0x08002e34        0xc ./Core/Src/ssd1306.o
                0x08002e34                ssd1306_SetCursor
 .text.ssd1306_Line
                0x08002e40       0x8c ./Core/Src/ssd1306.o
                0x08002e40                ssd1306_Line
 .text.ssd1306_FillRectangle
                0x08002ecc       0x54 ./Core/Src/ssd1306.o
                0x08002ecc                ssd1306_FillRectangle
 .text.ssd1306_SetContrast
                0x08002f20       0x14 ./Core/Src/ssd1306.o
                0x08002f20                ssd1306_SetContrast
 .text.ssd1306_SetDisplayOn
                0x08002f34       0x18 ./Core/Src/ssd1306.o
                0x08002f34                ssd1306_SetDisplayOn
 .text.ssd1306_Init
                0x08002f4c       0xc8 ./Core/Src/ssd1306.o
                0x08002f4c                ssd1306_Init
 .text.HAL_MspInit
                0x08003014       0x44 ./Core/Src/stm32f1xx_hal_msp.o
                0x08003014                HAL_MspInit
 .text.HAL_ADC_MspInit
                0x08003058       0xa4 ./Core/Src/stm32f1xx_hal_msp.o
                0x08003058                HAL_ADC_MspInit
 .text.HAL_I2C_MspInit
                0x080030fc       0xe8 ./Core/Src/stm32f1xx_hal_msp.o
                0x080030fc                HAL_I2C_MspInit
 .text.HAL_I2C_MspDeInit
                0x080031e4       0x54 ./Core/Src/stm32f1xx_hal_msp.o
                0x080031e4                HAL_I2C_MspDeInit
 .text.HAL_TIM_Base_MspInit
                0x08003238       0xf4 ./Core/Src/stm32f1xx_hal_msp.o
                0x08003238                HAL_TIM_Base_MspInit
 .text.HAL_TIM_MspPostInit
                0x0800332c       0x64 ./Core/Src/stm32f1xx_hal_msp.o
                0x0800332c                HAL_TIM_MspPostInit
 .text.HAL_UART_MspInit
                0x08003390       0x88 ./Core/Src/stm32f1xx_hal_msp.o
                0x08003390                HAL_UART_MspInit
 .text.NMI_Handler
                0x08003418        0x2 ./Core/Src/stm32f1xx_it.o
                0x08003418                NMI_Handler
 .text.HardFault_Handler
                0x0800341a        0x2 ./Core/Src/stm32f1xx_it.o
                0x0800341a                HardFault_Handler
 .text.MemManage_Handler
                0x0800341c        0x2 ./Core/Src/stm32f1xx_it.o
                0x0800341c                MemManage_Handler
 .text.BusFault_Handler
                0x0800341e        0x2 ./Core/Src/stm32f1xx_it.o
                0x0800341e                BusFault_Handler
 .text.UsageFault_Handler
                0x08003420        0x2 ./Core/Src/stm32f1xx_it.o
                0x08003420                UsageFault_Handler
 .text.SVC_Handler
                0x08003422        0x2 ./Core/Src/stm32f1xx_it.o
                0x08003422                SVC_Handler
 .text.DebugMon_Handler
                0x08003424        0x2 ./Core/Src/stm32f1xx_it.o
                0x08003424                DebugMon_Handler
 .text.PendSV_Handler
                0x08003426        0x2 ./Core/Src/stm32f1xx_it.o
                0x08003426                PendSV_Handler
 .text.SysTick_Handler
                0x08003428        0x4 ./Core/Src/stm32f1xx_it.o
                0x08003428                SysTick_Handler
 .text.DMA1_Channel1_IRQHandler
                0x0800342c        0xc ./Core/Src/stm32f1xx_it.o
                0x0800342c                DMA1_Channel1_IRQHandler
 .text.DMA1_Channel4_IRQHandler
                0x08003438        0xc ./Core/Src/stm32f1xx_it.o
                0x08003438                DMA1_Channel4_IRQHandler
 .text.DMA1_Channel5_IRQHandler
                0x08003444        0xc ./Core/Src/stm32f1xx_it.o
                0x08003444                DMA1_Channel5_IRQHandler
 .text.ADC1_2_IRQHandler
                0x08003450        0xc ./Core/Src/stm32f1xx_it.o
                0x08003450                ADC1_2_IRQHandler
 .text.USB_HP_CAN1_TX_IRQHandler
                0x0800345c        0xc ./Core/Src/stm32f1xx_it.o
                0x0800345c                USB_HP_CAN1_TX_IRQHandler
 .text.USB_LP_CAN1_RX0_IRQHandler
                0x08003468        0x4 ./Core/Src/stm32f1xx_it.o
                0x08003468                USB_LP_CAN1_RX0_IRQHandler
 .text.TIM1_BRK_IRQHandler
                0x0800346c        0xc ./Core/Src/stm32f1xx_it.o
                0x0800346c                TIM1_BRK_IRQHandler
 .text.TIM1_UP_IRQHandler
                0x08003478        0x4 ./Core/Src/stm32f1xx_it.o
                0x08003478                TIM1_UP_IRQHandler
 .text.TIM1_TRG_COM_IRQHandler
                0x0800347c        0x4 ./Core/Src/stm32f1xx_it.o
                0x0800347c                TIM1_TRG_COM_IRQHandler
 .text.TIM1_CC_IRQHandler
                0x08003480        0x4 ./Core/Src/stm32f1xx_it.o
                0x08003480                TIM1_CC_IRQHandler
 .text.TIM2_IRQHandler
                0x08003484        0xc ./Core/Src/stm32f1xx_it.o
                0x08003484                TIM2_IRQHandler
 .text.TIM3_IRQHandler
                0x08003490        0xc ./Core/Src/stm32f1xx_it.o
                0x08003490                TIM3_IRQHandler
 .text.TIM4_IRQHandler
                0x0800349c        0xc ./Core/Src/stm32f1xx_it.o
                0x0800349c                TIM4_IRQHandler
 .text.I2C2_EV_IRQHandler
                0x080034a8        0xc ./Core/Src/stm32f1xx_it.o
                0x080034a8                I2C2_EV_IRQHandler
 .text.I2C2_ER_IRQHandler
                0x080034b4        0xc ./Core/Src/stm32f1xx_it.o
                0x080034b4                I2C2_ER_IRQHandler
 .text.USART1_IRQHandler
                0x080034c0        0xc ./Core/Src/stm32f1xx_it.o
                0x080034c0                USART1_IRQHandler
 .text._sbrk    0x080034cc       0x3c ./Core/Src/sysmem.o
                0x080034cc                _sbrk
 .text.SystemInit
                0x08003508        0x2 ./Core/Src/system_stm32f1xx.o
                0x08003508                SystemInit
 .text.unerPrtcl_PutHeaderOnTx
                0x0800350a       0x90 ./Core/Src/unerPrtcl.o
                0x0800350a                unerPrtcl_PutHeaderOnTx
 .text.unerPrtcl_PutByteOnTx
                0x0800359a       0x26 ./Core/Src/unerPrtcl.o
                0x0800359a                unerPrtcl_PutByteOnTx
 .text.unerPrtcl_PutStrOntx
                0x080035c0       0x4a ./Core/Src/unerPrtcl.o
                0x080035c0                unerPrtcl_PutStrOntx
 .text.unerPrtcl_GetByteFromRx
                0x0800360a       0x1a ./Core/Src/unerPrtcl.o
                0x0800360a                unerPrtcl_GetByteFromRx
 .text.unerPrtcl_DecodeHeader
                0x08003624       0xbe ./Core/Src/unerPrtcl.o
                0x08003624                unerPrtcl_DecodeHeader
 .text.unerPrtcl_Init
                0x080036e2       0x1a ./Core/Src/unerPrtcl.o
                0x080036e2                unerPrtcl_Init
 .text.Reset_Handler
                0x080036fc       0x48 ./Core/Startup/startup_stm32f103c8tx.o
                0x080036fc                Reset_Handler
 .text.Default_Handler
                0x08003744        0x2 ./Core/Startup/startup_stm32f103c8tx.o
                0x08003744                RTC_Alarm_IRQHandler
                0x08003744                EXTI2_IRQHandler
                0x08003744                PVD_IRQHandler
                0x08003744                EXTI3_IRQHandler
                0x08003744                EXTI0_IRQHandler
                0x08003744                SPI1_IRQHandler
                0x08003744                TAMPER_IRQHandler
                0x08003744                USART3_IRQHandler
                0x08003744                RTC_IRQHandler
                0x08003744                DMA1_Channel7_IRQHandler
                0x08003744                CAN1_RX1_IRQHandler
                0x08003744                I2C1_EV_IRQHandler
                0x08003744                DMA1_Channel6_IRQHandler
                0x08003744                RCC_IRQHandler
                0x08003744                Default_Handler
                0x08003744                EXTI15_10_IRQHandler
                0x08003744                EXTI9_5_IRQHandler
                0x08003744                SPI2_IRQHandler
                0x08003744                EXTI4_IRQHandler
                0x08003744                DMA1_Channel3_IRQHandler
                0x08003744                WWDG_IRQHandler
                0x08003744                EXTI1_IRQHandler
                0x08003744                USART2_IRQHandler
                0x08003744                DMA1_Channel2_IRQHandler
                0x08003744                CAN1_SCE_IRQHandler
                0x08003744                FLASH_IRQHandler
                0x08003744                I2C1_ER_IRQHandler
                0x08003744                USBWakeUp_IRQHandler
 *fill*         0x08003746        0x2 
 .text.HAL_InitTick
                0x08003748       0x48 ./Drivers/STM32F1xx_HAL_Driver/Src/stm32f1xx_hal.o
                0x08003748                HAL_InitTick
 .text.HAL_Init
                0x08003790       0x24 ./Drivers/STM32F1xx_HAL_Driver/Src/stm32f1xx_hal.o
                0x08003790                HAL_Init
 .text.HAL_IncTick
                0x080037b4       0x18 ./Drivers/STM32F1xx_HAL_Driver/Src/stm32f1xx_hal.o
                0x080037b4                HAL_IncTick
 .text.HAL_GetTick
                0x080037cc        0xc ./Drivers/STM32F1xx_HAL_Driver/Src/stm32f1xx_hal.o
                0x080037cc                HAL_GetTick
 .text.HAL_Delay
                0x080037d8       0x24 ./Drivers/STM32F1xx_HAL_Driver/Src/stm32f1xx_hal.o
                0x080037d8                HAL_Delay
 .text.ADC_DMAConvCplt
                0x080037fc       0x4e ./Drivers/STM32F1xx_HAL_Driver/Src/stm32f1xx_hal_adc.o
                0x080037fc                ADC_DMAConvCplt
 .text.HAL_ADC_ConvHalfCpltCallback
                0x0800384a        0x2 ./Drivers/STM32F1xx_HAL_Driver/Src/stm32f1xx_hal_adc.o
                0x0800384a                HAL_ADC_ConvHalfCpltCallback
 .text.ADC_DMAHalfConvCplt
                0x0800384c        0xa ./Drivers/STM32F1xx_HAL_Driver/Src/stm32f1xx_hal_adc.o
                0x0800384c                ADC_DMAHalfConvCplt
 .text.HAL_ADC_LevelOutOfWindowCallback
                0x08003856        0x2 ./Drivers/STM32F1xx_HAL_Driver/Src/stm32f1xx_hal_adc.o
                0x08003856                HAL_ADC_LevelOutOfWindowCallback
 .text.HAL_ADC_IRQHandler
                0x08003858       0xe2 ./Drivers/STM32F1xx_HAL_Driver/Src/stm32f1xx_hal_adc.o
                0x08003858                HAL_ADC_IRQHandler
 .text.HAL_ADC_ErrorCallback
                0x0800393a        0x2 ./Drivers/STM32F1xx_HAL_Driver/Src/stm32f1xx_hal_adc.o
                0x0800393a                HAL_ADC_ErrorCallback
 .text.ADC_DMAError
                0x0800393c       0x1a ./Drivers/STM32F1xx_HAL_Driver/Src/stm32f1xx_hal_adc.o
                0x0800393c                ADC_DMAError
 *fill*         0x08003956        0x2 
 .text.HAL_ADC_ConfigChannel
                0x08003958       0xfc ./Drivers/STM32F1xx_HAL_Driver/Src/stm32f1xx_hal_adc.o
                0x08003958                HAL_ADC_ConfigChannel
 .text.ADC_Enable
                0x08003a54       0x78 ./Drivers/STM32F1xx_HAL_Driver/Src/stm32f1xx_hal_adc.o
                0x08003a54                ADC_Enable
 .text.HAL_ADC_Start_DMA
                0x08003acc      0x118 ./Drivers/STM32F1xx_HAL_Driver/Src/stm32f1xx_hal_adc.o
                0x08003acc                HAL_ADC_Start_DMA
 .text.ADC_ConversionStop_Disable
                0x08003be4       0x4c ./Drivers/STM32F1xx_HAL_Driver/Src/stm32f1xx_hal_adc.o
                0x08003be4                ADC_ConversionStop_Disable
 .text.HAL_ADC_Init
                0x08003c30       0xfc ./Drivers/STM32F1xx_HAL_Driver/Src/stm32f1xx_hal_adc.o
                0x08003c30                HAL_ADC_Init
 .text.HAL_ADCEx_InjectedConvCpltCallback
                0x08003d2c        0x2 ./Drivers/STM32F1xx_HAL_Driver/Src/stm32f1xx_hal_adc_ex.o
                0x08003d2c                HAL_ADCEx_InjectedConvCpltCallback
 *fill*         0x08003d2e        0x2 
 .text.HAL_NVIC_SetPriorityGrouping
                0x08003d30       0x24 ./Drivers/STM32F1xx_HAL_Driver/Src/stm32f1xx_hal_cortex.o
                0x08003d30                HAL_NVIC_SetPriorityGrouping
 .text.HAL_NVIC_SetPriority
                0x08003d54       0x60 ./Drivers/STM32F1xx_HAL_Driver/Src/stm32f1xx_hal_cortex.o
                0x08003d54                HAL_NVIC_SetPriority
 .text.HAL_NVIC_EnableIRQ
                0x08003db4       0x1c ./Drivers/STM32F1xx_HAL_Driver/Src/stm32f1xx_hal_cortex.o
                0x08003db4                HAL_NVIC_EnableIRQ
 .text.HAL_NVIC_DisableIRQ
                0x08003dd0       0x24 ./Drivers/STM32F1xx_HAL_Driver/Src/stm32f1xx_hal_cortex.o
                0x08003dd0                HAL_NVIC_DisableIRQ
 .text.HAL_SYSTICK_Config
                0x08003df4       0x28 ./Drivers/STM32F1xx_HAL_Driver/Src/stm32f1xx_hal_cortex.o
                0x08003df4                HAL_SYSTICK_Config
 .text.HAL_DMA_Init
                0x08003e1c       0x60 ./Drivers/STM32F1xx_HAL_Driver/Src/stm32f1xx_hal_dma.o
                0x08003e1c                HAL_DMA_Init
 .text.HAL_DMA_DeInit
                0x08003e7c       0x54 ./Drivers/STM32F1xx_HAL_Driver/Src/stm32f1xx_hal_dma.o
                0x08003e7c                HAL_DMA_DeInit
 .text.HAL_DMA_Start_IT
                0x08003ed0       0x78 ./Drivers/STM32F1xx_HAL_Driver/Src/stm32f1xx_hal_dma.o
                0x08003ed0                HAL_DMA_Start_IT
 .text.HAL_DMA_Abort
                0x08003f48       0x3e ./Drivers/STM32F1xx_HAL_Driver/Src/stm32f1xx_hal_dma.o
                0x08003f48                HAL_DMA_Abort
 *fill*         0x08003f86        0x2 
 .text.HAL_DMA_Abort_IT
                0x08003f88       0x8c ./Drivers/STM32F1xx_HAL_Driver/Src/stm32f1xx_hal_dma.o
                0x08003f88                HAL_DMA_Abort_IT
 .text.HAL_DMA_IRQHandler
                0x08004014      0x128 ./Drivers/STM32F1xx_HAL_Driver/Src/stm32f1xx_hal_dma.o
                0x08004014                HAL_DMA_IRQHandler
 .text.HAL_DMA_GetState
                0x0800413c        0x6 ./Drivers/STM32F1xx_HAL_Driver/Src/stm32f1xx_hal_dma.o
                0x0800413c                HAL_DMA_GetState
 *fill*         0x08004142        0x2 
 .text.HAL_GPIO_Init
                0x08004144      0x1a8 ./Drivers/STM32F1xx_HAL_Driver/Src/stm32f1xx_hal_gpio.o
                0x08004144                HAL_GPIO_Init
 .text.HAL_GPIO_DeInit
                0x080042ec       0xdc ./Drivers/STM32F1xx_HAL_Driver/Src/stm32f1xx_hal_gpio.o
                0x080042ec                HAL_GPIO_DeInit
 .text.HAL_GPIO_ReadPin
                0x080043c8        0xc ./Drivers/STM32F1xx_HAL_Driver/Src/stm32f1xx_hal_gpio.o
                0x080043c8                HAL_GPIO_ReadPin
 .text.HAL_GPIO_WritePin
                0x080043d4        0xa ./Drivers/STM32F1xx_HAL_Driver/Src/stm32f1xx_hal_gpio.o
                0x080043d4                HAL_GPIO_WritePin
 .text.I2C_IsAcknowledgeFailed
                0x080043de       0x32 ./Drivers/STM32F1xx_HAL_Driver/Src/stm32f1xx_hal_i2c.o
 .text.I2C_WaitOnFlagUntilTimeout
                0x08004410       0x9c ./Drivers/STM32F1xx_HAL_Driver/Src/stm32f1xx_hal_i2c.o
 .text.I2C_WaitOnMasterAddressFlagUntilTimeout
                0x080044ac       0x84 ./Drivers/STM32F1xx_HAL_Driver/Src/stm32f1xx_hal_i2c.o
 .text.I2C_WaitOnTXEFlagUntilTimeout
                0x08004530       0x54 ./Drivers/STM32F1xx_HAL_Driver/Src/stm32f1xx_hal_i2c.o
 .text.I2C_RequestMemoryWrite
                0x08004584       0xb4 ./Drivers/STM32F1xx_HAL_Driver/Src/stm32f1xx_hal_i2c.o
 .text.I2C_RequestMemoryRead
                0x08004638      0x104 ./Drivers/STM32F1xx_HAL_Driver/Src/stm32f1xx_hal_i2c.o
 .text.I2C_WaitOnBTFFlagUntilTimeout
                0x0800473c       0x54 ./Drivers/STM32F1xx_HAL_Driver/Src/stm32f1xx_hal_i2c.o
 .text.HAL_I2C_Init
                0x08004790      0x150 ./Drivers/STM32F1xx_HAL_Driver/Src/stm32f1xx_hal_i2c.o
                0x08004790                HAL_I2C_Init
 .text.HAL_I2C_DeInit
                0x080048e0       0x32 ./Drivers/STM32F1xx_HAL_Driver/Src/stm32f1xx_hal_i2c.o
                0x080048e0                HAL_I2C_DeInit
 *fill*         0x08004912        0x2 
 .text.HAL_I2C_Mem_Write
                0x08004914      0x120 ./Drivers/STM32F1xx_HAL_Driver/Src/stm32f1xx_hal_i2c.o
                0x08004914                HAL_I2C_Mem_Write
 .text.HAL_I2C_Mem_Write_DMA
                0x08004a34      0x18c ./Drivers/STM32F1xx_HAL_Driver/Src/stm32f1xx_hal_i2c.o
                0x08004a34                HAL_I2C_Mem_Write_DMA
 .text.HAL_I2C_Mem_Read_DMA
                0x08004bc0      0x1d4 ./Drivers/STM32F1xx_HAL_Driver/Src/stm32f1xx_hal_i2c.o
                0x08004bc0                HAL_I2C_Mem_Read_DMA
 .text.HAL_I2C_MasterTxCpltCallback
                0x08004d94        0x2 ./Drivers/STM32F1xx_HAL_Driver/Src/stm32f1xx_hal_i2c.o
                0x08004d94                HAL_I2C_MasterTxCpltCallback
 .text.HAL_I2C_MasterRxCpltCallback
                0x08004d96        0x2 ./Drivers/STM32F1xx_HAL_Driver/Src/stm32f1xx_hal_i2c.o
                0x08004d96                HAL_I2C_MasterRxCpltCallback
 .text.HAL_I2C_SlaveTxCpltCallback
                0x08004d98        0x2 ./Drivers/STM32F1xx_HAL_Driver/Src/stm32f1xx_hal_i2c.o
                0x08004d98                HAL_I2C_SlaveTxCpltCallback
 .text.HAL_I2C_SlaveRxCpltCallback
                0x08004d9a        0x2 ./Drivers/STM32F1xx_HAL_Driver/Src/stm32f1xx_hal_i2c.o
                0x08004d9a                HAL_I2C_SlaveRxCpltCallback
 .text.HAL_I2C_AddrCallback
                0x08004d9c        0x2 ./Drivers/STM32F1xx_HAL_Driver/Src/stm32f1xx_hal_i2c.o
                0x08004d9c                HAL_I2C_AddrCallback
 .text.HAL_I2C_ListenCpltCallback
                0x08004d9e        0x2 ./Drivers/STM32F1xx_HAL_Driver/Src/stm32f1xx_hal_i2c.o
                0x08004d9e                HAL_I2C_ListenCpltCallback
 .text.I2C_MemoryTransmit_TXE_BTF
                0x08004da0       0xb0 ./Drivers/STM32F1xx_HAL_Driver/Src/stm32f1xx_hal_i2c.o
 .text.HAL_I2C_ErrorCallback
                0x08004e50        0x2 ./Drivers/STM32F1xx_HAL_Driver/Src/stm32f1xx_hal_i2c.o
                0x08004e50                HAL_I2C_ErrorCallback
 .text.I2C_DMAError
                0x08004e52       0x3a ./Drivers/STM32F1xx_HAL_Driver/Src/stm32f1xx_hal_i2c.o
 .text.I2C_DMAXferCplt
                0x08004e8c      0x114 ./Drivers/STM32F1xx_HAL_Driver/Src/stm32f1xx_hal_i2c.o
 .text.HAL_I2C_AbortCpltCallback
                0x08004fa0        0x2 ./Drivers/STM32F1xx_HAL_Driver/Src/stm32f1xx_hal_i2c.o
                0x08004fa0                HAL_I2C_AbortCpltCallback
 *fill*         0x08004fa2        0x2 
 .text.I2C_DMAAbort
                0x08004fa4       0xc0 ./Drivers/STM32F1xx_HAL_Driver/Src/stm32f1xx_hal_i2c.o
 .text.I2C_ITError
                0x08005064      0x150 ./Drivers/STM32F1xx_HAL_Driver/Src/stm32f1xx_hal_i2c.o
 .text.HAL_I2C_EV_IRQHandler
                0x080051b4      0x8b4 ./Drivers/STM32F1xx_HAL_Driver/Src/stm32f1xx_hal_i2c.o
                0x080051b4                HAL_I2C_EV_IRQHandler
 .text.HAL_I2C_ER_IRQHandler
                0x08005a68      0x140 ./Drivers/STM32F1xx_HAL_Driver/Src/stm32f1xx_hal_i2c.o
                0x08005a68                HAL_I2C_ER_IRQHandler
 .text.HAL_I2C_GetState
                0x08005ba8        0x6 ./Drivers/STM32F1xx_HAL_Driver/Src/stm32f1xx_hal_i2c.o
                0x08005ba8                HAL_I2C_GetState
 .text.HAL_I2C_GetError
                0x08005bae        0x4 ./Drivers/STM32F1xx_HAL_Driver/Src/stm32f1xx_hal_i2c.o
                0x08005bae                HAL_I2C_GetError
 .text.HAL_PCD_Init
                0x08005bb2       0xc6 ./Drivers/STM32F1xx_HAL_Driver/Src/stm32f1xx_hal_pcd.o
                0x08005bb2                HAL_PCD_Init
 .text.HAL_PCD_Start
                0x08005c78       0x32 ./Drivers/STM32F1xx_HAL_Driver/Src/stm32f1xx_hal_pcd.o
                0x08005c78                HAL_PCD_Start
 .text.HAL_PCD_SetAddress
                0x08005caa       0x26 ./Drivers/STM32F1xx_HAL_Driver/Src/stm32f1xx_hal_pcd.o
                0x08005caa                HAL_PCD_SetAddress
 .text.HAL_PCD_IRQHandler
                0x08005cd0      0x9b4 ./Drivers/STM32F1xx_HAL_Driver/Src/stm32f1xx_hal_pcd.o
                0x08005cd0                HAL_PCD_IRQHandler
 .text.HAL_PCD_EP_Open
                0x08006684       0x60 ./Drivers/STM32F1xx_HAL_Driver/Src/stm32f1xx_hal_pcd.o
                0x08006684                HAL_PCD_EP_Open
 .text.HAL_PCD_EP_Close
                0x080066e4       0x50 ./Drivers/STM32F1xx_HAL_Driver/Src/stm32f1xx_hal_pcd.o
                0x080066e4                HAL_PCD_EP_Close
 .text.HAL_PCD_EP_Receive
                0x08006734       0x2e ./Drivers/STM32F1xx_HAL_Driver/Src/stm32f1xx_hal_pcd.o
                0x08006734                HAL_PCD_EP_Receive
 .text.HAL_PCD_EP_GetRxCount
                0x08006762       0x10 ./Drivers/STM32F1xx_HAL_Driver/Src/stm32f1xx_hal_pcd.o
                0x08006762                HAL_PCD_EP_GetRxCount
 .text.HAL_PCD_EP_Transmit
                0x08006772       0x30 ./Drivers/STM32F1xx_HAL_Driver/Src/stm32f1xx_hal_pcd.o
                0x08006772                HAL_PCD_EP_Transmit
 .text.HAL_PCD_EP_SetStall
                0x080067a2       0x6c ./Drivers/STM32F1xx_HAL_Driver/Src/stm32f1xx_hal_pcd.o
                0x080067a2                HAL_PCD_EP_SetStall
 .text.HAL_PCD_EP_ClrStall
                0x0800680e       0x64 ./Drivers/STM32F1xx_HAL_Driver/Src/stm32f1xx_hal_pcd.o
                0x0800680e                HAL_PCD_EP_ClrStall
 .text.HAL_PCDEx_PMAConfig
                0x08006872       0x32 ./Drivers/STM32F1xx_HAL_Driver/Src/stm32f1xx_hal_pcd_ex.o
                0x08006872                HAL_PCDEx_PMAConfig
 .text.HAL_RCC_OscConfig
                0x080068a4      0x338 ./Drivers/STM32F1xx_HAL_Driver/Src/stm32f1xx_hal_rcc.o
                0x080068a4                HAL_RCC_OscConfig
 .text.HAL_RCC_GetSysClockFreq
                0x08006bdc       0x4c ./Drivers/STM32F1xx_HAL_Driver/Src/stm32f1xx_hal_rcc.o
                0x08006bdc                HAL_RCC_GetSysClockFreq
 .text.HAL_RCC_ClockConfig
                0x08006c28      0x138 ./Drivers/STM32F1xx_HAL_Driver/Src/stm32f1xx_hal_rcc.o
                0x08006c28                HAL_RCC_ClockConfig
 .text.HAL_RCC_GetPCLK1Freq
                0x08006d60       0x20 ./Drivers/STM32F1xx_HAL_Driver/Src/stm32f1xx_hal_rcc.o
                0x08006d60                HAL_RCC_GetPCLK1Freq
 .text.HAL_RCC_GetPCLK2Freq
                0x08006d80       0x20 ./Drivers/STM32F1xx_HAL_Driver/Src/stm32f1xx_hal_rcc.o
                0x08006d80                HAL_RCC_GetPCLK2Freq
 .text.HAL_RCCEx_PeriphCLKConfig
                0x08006da0       0xf4 ./Drivers/STM32F1xx_HAL_Driver/Src/stm32f1xx_hal_rcc_ex.o
                0x08006da0                HAL_RCCEx_PeriphCLKConfig
 .text.TIM_OC1_SetConfig
                0x08006e94       0x50 ./Drivers/STM32F1xx_HAL_Driver/Src/stm32f1xx_hal_tim.o
 .text.TIM_OC3_SetConfig
                0x08006ee4       0x54 ./Drivers/STM32F1xx_HAL_Driver/Src/stm32f1xx_hal_tim.o
 .text.TIM_OC4_SetConfig
                0x08006f38       0x44 ./Drivers/STM32F1xx_HAL_Driver/Src/stm32f1xx_hal_tim.o
 .text.HAL_TIM_Base_Start_IT
                0x08006f7c       0x54 ./Drivers/STM32F1xx_HAL_Driver/Src/stm32f1xx_hal_tim.o
                0x08006f7c                HAL_TIM_Base_Start_IT
 .text.HAL_TIM_PWM_MspInit
                0x08006fd0        0x2 ./Drivers/STM32F1xx_HAL_Driver/Src/stm32f1xx_hal_tim.o
                0x08006fd0                HAL_TIM_PWM_MspInit
 .text.HAL_TIM_OC_DelayElapsedCallback
                0x08006fd2        0x2 ./Drivers/STM32F1xx_HAL_Driver/Src/stm32f1xx_hal_tim.o
                0x08006fd2                HAL_TIM_OC_DelayElapsedCallback
 .text.HAL_TIM_IC_CaptureCallback
                0x08006fd4        0x2 ./Drivers/STM32F1xx_HAL_Driver/Src/stm32f1xx_hal_tim.o
                0x08006fd4                HAL_TIM_IC_CaptureCallback
 .text.HAL_TIM_PWM_PulseFinishedCallback
                0x08006fd6        0x2 ./Drivers/STM32F1xx_HAL_Driver/Src/stm32f1xx_hal_tim.o
                0x08006fd6                HAL_TIM_PWM_PulseFinishedCallback
 .text.HAL_TIM_TriggerCallback
                0x08006fd8        0x2 ./Drivers/STM32F1xx_HAL_Driver/Src/stm32f1xx_hal_tim.o
                0x08006fd8                HAL_TIM_TriggerCallback
 .text.HAL_TIM_IRQHandler
                0x08006fda      0x128 ./Drivers/STM32F1xx_HAL_Driver/Src/stm32f1xx_hal_tim.o
                0x08006fda                HAL_TIM_IRQHandler
 *fill*         0x08007102        0x2 
 .text.TIM_Base_SetConfig
                0x08007104       0x64 ./Drivers/STM32F1xx_HAL_Driver/Src/stm32f1xx_hal_tim.o
                0x08007104                TIM_Base_SetConfig
 .text.HAL_TIM_Base_Init
                0x08007168       0x58 ./Drivers/STM32F1xx_HAL_Driver/Src/stm32f1xx_hal_tim.o
                0x08007168                HAL_TIM_Base_Init
 .text.HAL_TIM_PWM_Init
                0x080071c0       0x58 ./Drivers/STM32F1xx_HAL_Driver/Src/stm32f1xx_hal_tim.o
                0x080071c0                HAL_TIM_PWM_Init
 .text.TIM_OC2_SetConfig
                0x08007218       0x58 ./Drivers/STM32F1xx_HAL_Driver/Src/stm32f1xx_hal_tim.o
                0x08007218                TIM_OC2_SetConfig
 .text.HAL_TIM_PWM_ConfigChannel
                0x08007270       0xb0 ./Drivers/STM32F1xx_HAL_Driver/Src/stm32f1xx_hal_tim.o
                0x08007270                HAL_TIM_PWM_ConfigChannel
 .text.TIM_ETR_SetConfig
                0x08007320       0x14 ./Drivers/STM32F1xx_HAL_Driver/Src/stm32f1xx_hal_tim.o
                0x08007320                TIM_ETR_SetConfig
 .text.HAL_TIM_ConfigClockSource
                0x08007334      0x132 ./Drivers/STM32F1xx_HAL_Driver/Src/stm32f1xx_hal_tim.o
                0x08007334                HAL_TIM_ConfigClockSource
 .text.TIM_SlaveTimer_SetConfig.constprop.0
                0x08007466       0xbc ./Drivers/STM32F1xx_HAL_Driver/Src/stm32f1xx_hal_tim.o
 .text.HAL_TIM_SlaveConfigSynchro
                0x08007522       0x4c ./Drivers/STM32F1xx_HAL_Driver/Src/stm32f1xx_hal_tim.o
                0x08007522                HAL_TIM_SlaveConfigSynchro
 .text.TIM_CCxChannelCmd
                0x0800756e       0x1c ./Drivers/STM32F1xx_HAL_Driver/Src/stm32f1xx_hal_tim.o
                0x0800756e                TIM_CCxChannelCmd
 *fill*         0x0800758a        0x2 
 .text.HAL_TIM_OC_Start
                0x0800758c       0x9c ./Drivers/STM32F1xx_HAL_Driver/Src/stm32f1xx_hal_tim.o
                0x0800758c                HAL_TIM_OC_Start
 .text.HAL_TIM_PWM_Start
                0x08007628        0x4 ./Drivers/STM32F1xx_HAL_Driver/Src/stm32f1xx_hal_tim.o
                0x08007628                HAL_TIM_PWM_Start
 .text.HAL_TIMEx_MasterConfigSynchronization
                0x0800762c       0x5c ./Drivers/STM32F1xx_HAL_Driver/Src/stm32f1xx_hal_tim_ex.o
                0x0800762c                HAL_TIMEx_MasterConfigSynchronization
 .text.HAL_TIMEx_CommutCallback
                0x08007688        0x2 ./Drivers/STM32F1xx_HAL_Driver/Src/stm32f1xx_hal_tim_ex.o
                0x08007688                HAL_TIMEx_CommutCallback
 .text.HAL_TIMEx_BreakCallback
                0x0800768a        0x2 ./Drivers/STM32F1xx_HAL_Driver/Src/stm32f1xx_hal_tim_ex.o
                0x0800768a                HAL_TIMEx_BreakCallback
 .text.UART_EndRxTransfer
                0x0800768c       0x5c ./Drivers/STM32F1xx_HAL_Driver/Src/stm32f1xx_hal_uart.o
 .text.UART_SetConfig
                0x080076e8       0x74 ./Drivers/STM32F1xx_HAL_Driver/Src/stm32f1xx_hal_uart.o
 .text.HAL_UART_Init
                0x0800775c       0x5e ./Drivers/STM32F1xx_HAL_Driver/Src/stm32f1xx_hal_uart.o
                0x0800775c                HAL_UART_Init
 .text.HAL_UART_Transmit_IT
                0x080077ba       0x32 ./Drivers/STM32F1xx_HAL_Driver/Src/stm32f1xx_hal_uart.o
                0x080077ba                HAL_UART_Transmit_IT
 .text.HAL_UART_TxCpltCallback
                0x080077ec        0x2 ./Drivers/STM32F1xx_HAL_Driver/Src/stm32f1xx_hal_uart.o
                0x080077ec                HAL_UART_TxCpltCallback
 .text.UART_DMAAbortOnError
                0x080077ee       0x10 ./Drivers/STM32F1xx_HAL_Driver/Src/stm32f1xx_hal_uart.o
 .text.HAL_UARTEx_RxEventCallback
                0x080077fe        0x2 ./Drivers/STM32F1xx_HAL_Driver/Src/stm32f1xx_hal_uart.o
                0x080077fe                HAL_UARTEx_RxEventCallback
 .text.UART_Receive_IT.isra.0
                0x08007800       0xb4 ./Drivers/STM32F1xx_HAL_Driver/Src/stm32f1xx_hal_uart.o
 .text.HAL_UART_IRQHandler
                0x080078b4      0x294 ./Drivers/STM32F1xx_HAL_Driver/Src/stm32f1xx_hal_uart.o
                0x080078b4                HAL_UART_IRQHandler
 .text.UART_Start_Receive_IT
                0x08007b48       0x32 ./Drivers/STM32F1xx_HAL_Driver/Src/stm32f1xx_hal_uart.o
                0x08007b48                UART_Start_Receive_IT
 .text.HAL_UART_Receive_IT
                0x08007b7a       0x22 ./Drivers/STM32F1xx_HAL_Driver/Src/stm32f1xx_hal_uart.o
                0x08007b7a                HAL_UART_Receive_IT
 .text.USB_CoreInit
                0x08007b9c        0xe ./Drivers/STM32F1xx_HAL_Driver/Src/stm32f1xx_ll_usb.o
                0x08007b9c                USB_CoreInit
 .text.USB_EnableGlobalInt
                0x08007baa       0x12 ./Drivers/STM32F1xx_HAL_Driver/Src/stm32f1xx_ll_usb.o
                0x08007baa                USB_EnableGlobalInt
 .text.USB_DisableGlobalInt
                0x08007bbc       0x14 ./Drivers/STM32F1xx_HAL_Driver/Src/stm32f1xx_ll_usb.o
                0x08007bbc                USB_DisableGlobalInt
 .text.USB_SetCurrentMode
                0x08007bd0        0x4 ./Drivers/STM32F1xx_HAL_Driver/Src/stm32f1xx_ll_usb.o
                0x08007bd0                USB_SetCurrentMode
 .text.USB_DevInit
                0x08007bd4       0x22 ./Drivers/STM32F1xx_HAL_Driver/Src/stm32f1xx_ll_usb.o
                0x08007bd4                USB_DevInit
 *fill*         0x08007bf6        0x2 
 .text.USB_ActivateEndpoint
                0x08007bf8      0x2c0 ./Drivers/STM32F1xx_HAL_Driver/Src/stm32f1xx_ll_usb.o
                0x08007bf8                USB_ActivateEndpoint
 .text.USB_DeactivateEndpoint
                0x08007eb8      0x1a6 ./Drivers/STM32F1xx_HAL_Driver/Src/stm32f1xx_ll_usb.o
                0x08007eb8                USB_DeactivateEndpoint
 .text.USB_EPSetStall
                0x0800805e       0x40 ./Drivers/STM32F1xx_HAL_Driver/Src/stm32f1xx_ll_usb.o
                0x0800805e                USB_EPSetStall
 .text.USB_EPClearStall
                0x0800809e       0x92 ./Drivers/STM32F1xx_HAL_Driver/Src/stm32f1xx_ll_usb.o
                0x0800809e                USB_EPClearStall
 .text.USB_SetDevAddress
                0x08008130        0xc ./Drivers/STM32F1xx_HAL_Driver/Src/stm32f1xx_ll_usb.o
                0x08008130                USB_SetDevAddress
 .text.USB_DevConnect
                0x0800813c        0x4 ./Drivers/STM32F1xx_HAL_Driver/Src/stm32f1xx_ll_usb.o
                0x0800813c                USB_DevConnect
 .text.USB_DevDisconnect
                0x08008140        0x4 ./Drivers/STM32F1xx_HAL_Driver/Src/stm32f1xx_ll_usb.o
                0x08008140                USB_DevDisconnect
 .text.USB_ReadInterrupts
                0x08008144        0x8 ./Drivers/STM32F1xx_HAL_Driver/Src/stm32f1xx_ll_usb.o
                0x08008144                USB_ReadInterrupts
 .text.USB_EP0_OutStart
                0x0800814c        0x4 ./Drivers/STM32F1xx_HAL_Driver/Src/stm32f1xx_ll_usb.o
                0x0800814c                USB_EP0_OutStart
 .text.USB_WritePMA
                0x08008150       0x20 ./Drivers/STM32F1xx_HAL_Driver/Src/stm32f1xx_ll_usb.o
                0x08008150                USB_WritePMA
 .text.USB_EPStartXfer
                0x08008170      0x462 ./Drivers/STM32F1xx_HAL_Driver/Src/stm32f1xx_ll_usb.o
                0x08008170                USB_EPStartXfer
 .text.USB_ReadPMA
                0x080085d2       0x38 ./Drivers/STM32F1xx_HAL_Driver/Src/stm32f1xx_ll_usb.o
                0x080085d2                USB_ReadPMA
 .text.USBD_CDC_EP0_RxReady
                0x0800860a       0x28 ./Middlewares/ST/STM32_USB_Device_Library/Class/CDC/Src/usbd_cdc.o
 *fill*         0x08008632        0x2 
 .text.USBD_CDC_GetFSCfgDesc
                0x08008634        0xc ./Middlewares/ST/STM32_USB_Device_Library/Class/CDC/Src/usbd_cdc.o
 .text.USBD_CDC_GetHSCfgDesc
                0x08008640        0xc ./Middlewares/ST/STM32_USB_Device_Library/Class/CDC/Src/usbd_cdc.o
 .text.USBD_CDC_GetOtherSpeedCfgDesc
                0x0800864c        0xc ./Middlewares/ST/STM32_USB_Device_Library/Class/CDC/Src/usbd_cdc.o
 .text.USBD_CDC_GetDeviceQualifierDescriptor
                0x08008658        0xc ./Middlewares/ST/STM32_USB_Device_Library/Class/CDC/Src/usbd_cdc.o
                0x08008658                USBD_CDC_GetDeviceQualifierDescriptor
 .text.USBD_CDC_DataOut
                0x08008664       0x2e ./Middlewares/ST/STM32_USB_Device_Library/Class/CDC/Src/usbd_cdc.o
 .text.USBD_CDC_DataIn
                0x08008692       0x40 ./Middlewares/ST/STM32_USB_Device_Library/Class/CDC/Src/usbd_cdc.o
 .text.USBD_CDC_Setup
                0x080086d2       0xa2 ./Middlewares/ST/STM32_USB_Device_Library/Class/CDC/Src/usbd_cdc.o
 .text.USBD_CDC_DeInit
                0x08008774       0x42 ./Middlewares/ST/STM32_USB_Device_Library/Class/CDC/Src/usbd_cdc.o
 .text.USBD_CDC_Init
                0x080087b6       0x8c ./Middlewares/ST/STM32_USB_Device_Library/Class/CDC/Src/usbd_cdc.o
 .text.USBD_CDC_RegisterInterface
                0x08008842        0xe ./Middlewares/ST/STM32_USB_Device_Library/Class/CDC/Src/usbd_cdc.o
                0x08008842                USBD_CDC_RegisterInterface
 .text.USBD_CDC_SetTxBuffer
                0x08008850       0x10 ./Middlewares/ST/STM32_USB_Device_Library/Class/CDC/Src/usbd_cdc.o
                0x08008850                USBD_CDC_SetTxBuffer
 .text.USBD_CDC_SetRxBuffer
                0x08008860        0xc ./Middlewares/ST/STM32_USB_Device_Library/Class/CDC/Src/usbd_cdc.o
                0x08008860                USBD_CDC_SetRxBuffer
 .text.USBD_CDC_TransmitPacket
                0x0800886c       0x32 ./Middlewares/ST/STM32_USB_Device_Library/Class/CDC/Src/usbd_cdc.o
                0x0800886c                USBD_CDC_TransmitPacket
 .text.USBD_CDC_ReceivePacket
                0x0800889e       0x26 ./Middlewares/ST/STM32_USB_Device_Library/Class/CDC/Src/usbd_cdc.o
                0x0800889e                USBD_CDC_ReceivePacket
 .text.USBD_Init
                0x080088c4       0x2a ./Middlewares/ST/STM32_USB_Device_Library/Core/Src/usbd_core.o
                0x080088c4                USBD_Init
 .text.USBD_RegisterClass
                0x080088ee        0xe ./Middlewares/ST/STM32_USB_Device_Library/Core/Src/usbd_core.o
                0x080088ee                USBD_RegisterClass
 .text.USBD_Start
                0x080088fc        0xa ./Middlewares/ST/STM32_USB_Device_Library/Core/Src/usbd_core.o
                0x080088fc                USBD_Start
 .text.USBD_SetClassConfig
                0x08008906       0x1a ./Middlewares/ST/STM32_USB_Device_Library/Core/Src/usbd_core.o
                0x08008906                USBD_SetClassConfig
 .text.USBD_ClrClassConfig
                0x08008920        0xe ./Middlewares/ST/STM32_USB_Device_Library/Core/Src/usbd_core.o
                0x08008920                USBD_ClrClassConfig
 .text.USBD_LL_SetupStage
                0x0800892e       0x5a ./Middlewares/ST/STM32_USB_Device_Library/Core/Src/usbd_core.o
                0x0800892e                USBD_LL_SetupStage
 .text.USBD_LL_DataOutStage
                0x08008988       0x70 ./Middlewares/ST/STM32_USB_Device_Library/Core/Src/usbd_core.o
                0x08008988                USBD_LL_DataOutStage
 .text.USBD_LL_DataInStage
                0x080089f8       0xb8 ./Middlewares/ST/STM32_USB_Device_Library/Core/Src/usbd_core.o
                0x080089f8                USBD_LL_DataInStage
 .text.USBD_LL_Reset
                0x08008ab0       0x4e ./Middlewares/ST/STM32_USB_Device_Library/Core/Src/usbd_core.o
                0x08008ab0                USBD_LL_Reset
 .text.USBD_LL_SetSpeed
                0x08008afe        0x6 ./Middlewares/ST/STM32_USB_Device_Library/Core/Src/usbd_core.o
                0x08008afe                USBD_LL_SetSpeed
 .text.USBD_LL_Suspend
                0x08008b04       0x12 ./Middlewares/ST/STM32_USB_Device_Library/Core/Src/usbd_core.o
                0x08008b04                USBD_LL_Suspend
 .text.USBD_LL_Resume
                0x08008b16       0x14 ./Middlewares/ST/STM32_USB_Device_Library/Core/Src/usbd_core.o
                0x08008b16                USBD_LL_Resume
 .text.USBD_LL_SOF
                0x08008b2a       0x18 ./Middlewares/ST/STM32_USB_Device_Library/Core/Src/usbd_core.o
                0x08008b2a                USBD_LL_SOF
 .text.USBD_CtlError.constprop.0
                0x08008b42       0x16 ./Middlewares/ST/STM32_USB_Device_Library/Core/Src/usbd_ctlreq.o
 .text.USBD_StdDevReq
                0x08008b58      0x290 ./Middlewares/ST/STM32_USB_Device_Library/Core/Src/usbd_ctlreq.o
                0x08008b58                USBD_StdDevReq
 .text.USBD_StdItfReq
                0x08008de8       0x48 ./Middlewares/ST/STM32_USB_Device_Library/Core/Src/usbd_ctlreq.o
                0x08008de8                USBD_StdItfReq
 .text.USBD_StdEPReq
                0x08008e30      0x118 ./Middlewares/ST/STM32_USB_Device_Library/Core/Src/usbd_ctlreq.o
                0x08008e30                USBD_StdEPReq
 .text.USBD_ParseSetupRequest
                0x08008f48       0x16 ./Middlewares/ST/STM32_USB_Device_Library/Core/Src/usbd_ctlreq.o
                0x08008f48                USBD_ParseSetupRequest
 .text.USBD_CtlError
                0x08008f5e       0x16 ./Middlewares/ST/STM32_USB_Device_Library/Core/Src/usbd_ctlreq.o
                0x08008f5e                USBD_CtlError
 .text.USBD_GetString
                0x08008f74       0x38 ./Middlewares/ST/STM32_USB_Device_Library/Core/Src/usbd_ctlreq.o
                0x08008f74                USBD_GetString
 .text.USBD_CtlSendData
                0x08008fac       0x1a ./Middlewares/ST/STM32_USB_Device_Library/Core/Src/usbd_ioreq.o
                0x08008fac                USBD_CtlSendData
 .text.USBD_CtlContinueSendData
                0x08008fc6       0x10 ./Middlewares/ST/STM32_USB_Device_Library/Core/Src/usbd_ioreq.o
                0x08008fc6                USBD_CtlContinueSendData
 .text.USBD_CtlPrepareRx
                0x08008fd6       0x1a ./Middlewares/ST/STM32_USB_Device_Library/Core/Src/usbd_ioreq.o
                0x08008fd6                USBD_CtlPrepareRx
 .text.USBD_CtlContinueRx
                0x08008ff0       0x10 ./Middlewares/ST/STM32_USB_Device_Library/Core/Src/usbd_ioreq.o
                0x08008ff0                USBD_CtlContinueRx
 .text.USBD_CtlSendStatus
                0x08009000       0x16 ./Middlewares/ST/STM32_USB_Device_Library/Core/Src/usbd_ioreq.o
                0x08009000                USBD_CtlSendStatus
 .text.USBD_CtlReceiveStatus
                0x08009016       0x16 ./Middlewares/ST/STM32_USB_Device_Library/Core/Src/usbd_ioreq.o
                0x08009016                USBD_CtlReceiveStatus
 .text.MX_USB_DEVICE_Init
                0x0800902c       0x50 ./USB_DEVICE/App/usb_device.o
                0x0800902c                MX_USB_DEVICE_Init
 .text.CDC_DeInit_FS
                0x0800907c        0x4 ./USB_DEVICE/App/usbd_cdc_if.o
 .text.CDC_Control_FS
                0x08009080       0x48 ./USB_DEVICE/App/usbd_cdc_if.o
 .text.CDC_Receive_FS
                0x080090c8       0x28 ./USB_DEVICE/App/usbd_cdc_if.o
 .text.CDC_Init_FS
                0x080090f0       0x24 ./USB_DEVICE/App/usbd_cdc_if.o
 .text.CDC_Transmit_FS
                0x08009114       0x2c ./USB_DEVICE/App/usbd_cdc_if.o
                0x08009114                CDC_Transmit_FS
 .text.CDC_Attach_Rx
                0x08009140        0xc ./USB_DEVICE/App/usbd_cdc_if.o
                0x08009140                CDC_Attach_Rx
 .text.USBD_FS_DeviceDescriptor
                0x0800914c        0xc ./USB_DEVICE/App/usbd_desc.o
                0x0800914c                USBD_FS_DeviceDescriptor
 .text.USBD_FS_LangIDStrDescriptor
                0x08009158        0xc ./USB_DEVICE/App/usbd_desc.o
                0x08009158                USBD_FS_LangIDStrDescriptor
 .text.IntToUnicode
                0x08009164       0x2a ./USB_DEVICE/App/usbd_desc.o
 *fill*         0x0800918e        0x2 
 .text.USBD_FS_SerialStrDescriptor
                0x08009190       0x3c ./USB_DEVICE/App/usbd_desc.o
                0x08009190                USBD_FS_SerialStrDescriptor
 .text.USBD_FS_ManufacturerStrDescriptor
                0x080091cc       0x18 ./USB_DEVICE/App/usbd_desc.o
                0x080091cc                USBD_FS_ManufacturerStrDescriptor
 .text.USBD_FS_ProductStrDescriptor
                0x080091e4       0x18 ./USB_DEVICE/App/usbd_desc.o
                0x080091e4                USBD_FS_ProductStrDescriptor
 .text.USBD_FS_ConfigStrDescriptor
                0x080091fc       0x18 ./USB_DEVICE/App/usbd_desc.o
                0x080091fc                USBD_FS_ConfigStrDescriptor
 .text.USBD_FS_InterfaceStrDescriptor
                0x08009214       0x18 ./USB_DEVICE/App/usbd_desc.o
                0x08009214                USBD_FS_InterfaceStrDescriptor
 .text.USBD_Get_USB_Status
                0x0800922c        0xc ./USB_DEVICE/Target/usbd_conf.o
 .text.HAL_PCD_MspInit
                0x08009238       0x50 ./USB_DEVICE/Target/usbd_conf.o
                0x08009238                HAL_PCD_MspInit
 .text.HAL_PCD_SetupStageCallback
                0x08009288        0xc ./USB_DEVICE/Target/usbd_conf.o
                0x08009288                HAL_PCD_SetupStageCallback
 .text.HAL_PCD_DataOutStageCallback
                0x08009294       0x12 ./USB_DEVICE/Target/usbd_conf.o
                0x08009294                HAL_PCD_DataOutStageCallback
 .text.HAL_PCD_DataInStageCallback
                0x080092a6       0x10 ./USB_DEVICE/Target/usbd_conf.o
                0x080092a6                HAL_PCD_DataInStageCallback
 .text.HAL_PCD_SOFCallback
                0x080092b6        0x8 ./USB_DEVICE/Target/usbd_conf.o
                0x080092b6                HAL_PCD_SOFCallback
 .text.HAL_PCD_ResetCallback
                0x080092be       0x24 ./USB_DEVICE/Target/usbd_conf.o
                0x080092be                HAL_PCD_ResetCallback
 *fill*         0x080092e2        0x2 
 .text.HAL_PCD_SuspendCallback
                0x080092e4       0x20 ./USB_DEVICE/Target/usbd_conf.o
                0x080092e4                HAL_PCD_SuspendCallback
 .text.HAL_PCD_ResumeCallback
                0x08009304        0x8 ./USB_DEVICE/Target/usbd_conf.o
                0x08009304                HAL_PCD_ResumeCallback
 .text.USBD_LL_Init
                0x0800930c       0x80 ./USB_DEVICE/Target/usbd_conf.o
                0x0800930c                USBD_LL_Init
 .text.USBD_LL_Start
                0x0800938c       0x12 ./USB_DEVICE/Target/usbd_conf.o
                0x0800938c                USBD_LL_Start
 .text.USBD_LL_OpenEP
                0x0800939e       0x18 ./USB_DEVICE/Target/usbd_conf.o
                0x0800939e                USBD_LL_OpenEP
 .text.USBD_LL_CloseEP
                0x080093b6       0x12 ./USB_DEVICE/Target/usbd_conf.o
                0x080093b6                USBD_LL_CloseEP
 .text.USBD_LL_StallEP
                0x080093c8       0x12 ./USB_DEVICE/Target/usbd_conf.o
                0x080093c8                USBD_LL_StallEP
 .text.USBD_LL_ClearStallEP
                0x080093da       0x12 ./USB_DEVICE/Target/usbd_conf.o
                0x080093da                USBD_LL_ClearStallEP
 .text.USBD_LL_IsStallEP
                0x080093ec       0x22 ./USB_DEVICE/Target/usbd_conf.o
                0x080093ec                USBD_LL_IsStallEP
 .text.USBD_LL_SetUSBAddress
                0x0800940e       0x12 ./USB_DEVICE/Target/usbd_conf.o
                0x0800940e                USBD_LL_SetUSBAddress
 .text.USBD_LL_Transmit
                0x08009420       0x12 ./USB_DEVICE/Target/usbd_conf.o
                0x08009420                USBD_LL_Transmit
 .text.USBD_LL_PrepareReceive
                0x08009432       0x12 ./USB_DEVICE/Target/usbd_conf.o
                0x08009432                USBD_LL_PrepareReceive
 .text.USBD_LL_GetRxDataSize
                0x08009444        0x8 ./USB_DEVICE/Target/usbd_conf.o
                0x08009444                USBD_LL_GetRxDataSize
 .text.USBD_static_malloc
                0x0800944c        0x8 ./USB_DEVICE/Target/usbd_conf.o
                0x0800944c                USBD_static_malloc
 .text.USBD_static_free
                0x08009454        0x2 ./USB_DEVICE/Target/usbd_conf.o
                0x08009454                USBD_static_free
 .text.HAL_PCDEx_SetConnectionState
                0x08009456        0x2 ./USB_DEVICE/Target/usbd_conf.o
                0x08009456                HAL_PCDEx_SetConnectionState
 .text.__itoa   0x08009458       0x30 C:/ST/STM32CubeIDE_2.1.0/STM32CubeIDE/plugins/com.st.stm32cube.ide.mcu.externaltools.gnu-tools-for-stm32.14.3.rel1.win32_1.0.100.202602081740/tools/bin/../lib/gcc/arm-none-eabi/14.3.1/../../../../arm-none-eabi/lib/thumb/v7-m/nofp\libc_nano.a(libc_a-itoa.o)
                0x08009458                __itoa
 .text.itoa     0x08009488        0x4 C:/ST/STM32CubeIDE_2.1.0/STM32CubeIDE/plugins/com.st.stm32cube.ide.mcu.externaltools.gnu-tools-for-stm32.14.3.rel1.win32_1.0.100.202602081740/tools/bin/../lib/gcc/arm-none-eabi/14.3.1/../../../../arm-none-eabi/lib/thumb/v7-m/nofp\libc_nano.a(libc_a-itoa.o)
                0x08009488                itoa
 .text.__utoa   0x0800948c       0x84 C:/ST/STM32CubeIDE_2.1.0/STM32CubeIDE/plugins/com.st.stm32cube.ide.mcu.externaltools.gnu-tools-for-stm32.14.3.rel1.win32_1.0.100.202602081740/tools/bin/../lib/gcc/arm-none-eabi/14.3.1/../../../../arm-none-eabi/lib/thumb/v7-m/nofp\libc_nano.a(libc_a-utoa.o)
                0x0800948c                __utoa
 .text.snprintf
                0x08009510       0x6c C:/ST/STM32CubeIDE_2.1.0/STM32CubeIDE/plugins/com.st.stm32cube.ide.mcu.externaltools.gnu-tools-for-stm32.14.3.rel1.win32_1.0.100.202602081740/tools/bin/../lib/gcc/arm-none-eabi/14.3.1/../../../../arm-none-eabi/lib/thumb/v7-m/nofp\libc_nano.a(libc_a-snprintf.o)
                0x08009510                sniprintf
                0x08009510                snprintf
 .text.memset   0x0800957c       0x10 C:/ST/STM32CubeIDE_2.1.0/STM32CubeIDE/plugins/com.st.stm32cube.ide.mcu.externaltools.gnu-tools-for-stm32.14.3.rel1.win32_1.0.100.202602081740/tools/bin/../lib/gcc/arm-none-eabi/14.3.1/../../../../arm-none-eabi/lib/thumb/v7-m/nofp\libc_nano.a(libc_a-memset.o)
                0x0800957c                memset
 .text.strncpy  0x0800958c       0x26 C:/ST/STM32CubeIDE_2.1.0/STM32CubeIDE/plugins/com.st.stm32cube.ide.mcu.externaltools.gnu-tools-for-stm32.14.3.rel1.win32_1.0.100.202602081740/tools/bin/../lib/gcc/arm-none-eabi/14.3.1/../../../../arm-none-eabi/lib/thumb/v7-m/nofp\libc_nano.a(libc_a-strncpy.o)
                0x0800958c                strncpy
 .text.strstr   0x080095b2       0x2c C:/ST/STM32CubeIDE_2.1.0/STM32CubeIDE/plugins/com.st.stm32cube.ide.mcu.externaltools.gnu-tools-for-stm32.14.3.rel1.win32_1.0.100.202602081740/tools/bin/../lib/gcc/arm-none-eabi/14.3.1/../../../../arm-none-eabi/lib/thumb/v7-m/nofp\libc_nano.a(libc_a-strstr.o)
                0x080095b2                strstr
 *fill*         0x080095de        0x2 
 .text.__errno  0x080095e0        0xc C:/ST/STM32CubeIDE_2.1.0/STM32CubeIDE/plugins/com.st.stm32cube.ide.mcu.externaltools.gnu-tools-for-stm32.14.3.rel1.win32_1.0.100.202602081740/tools/bin/../lib/gcc/arm-none-eabi/14.3.1/../../../../arm-none-eabi/lib/thumb/v7-m/nofp\libc_nano.a(libc_a-errno.o)
                0x080095e0                __errno
 .text.__libc_init_array
                0x080095ec       0x48 C:/ST/STM32CubeIDE_2.1.0/STM32CubeIDE/plugins/com.st.stm32cube.ide.mcu.externaltools.gnu-tools-for-stm32.14.3.rel1.win32_1.0.100.202602081740/tools/bin/../lib/gcc/arm-none-eabi/14.3.1/../../../../arm-none-eabi/lib/thumb/v7-m/nofp\libc_nano.a(libc_a-init.o)
                0x080095ec                __libc_init_array
 .text.__retarget_lock_acquire_recursive
                0x08009634        0x2 C:/ST/STM32CubeIDE_2.1.0/STM32CubeIDE/plugins/com.st.stm32cube.ide.mcu.externaltools.gnu-tools-for-stm32.14.3.rel1.win32_1.0.100.202602081740/tools/bin/../lib/gcc/arm-none-eabi/14.3.1/../../../../arm-none-eabi/lib/thumb/v7-m/nofp\libc_nano.a(libc_a-lock.o)
                0x08009634                __retarget_lock_acquire_recursive
 .text.__retarget_lock_release_recursive
                0x08009636        0x2 C:/ST/STM32CubeIDE_2.1.0/STM32CubeIDE/plugins/com.st.stm32cube.ide.mcu.externaltools.gnu-tools-for-stm32.14.3.rel1.win32_1.0.100.202602081740/tools/bin/../lib/gcc/arm-none-eabi/14.3.1/../../../../arm-none-eabi/lib/thumb/v7-m/nofp\libc_nano.a(libc_a-lock.o)
                0x08009636                __retarget_lock_release_recursive
 .text.strcpy   0x08009638       0x10 C:/ST/STM32CubeIDE_2.1.0/STM32CubeIDE/plugins/com.st.stm32cube.ide.mcu.externaltools.gnu-tools-for-stm32.14.3.rel1.win32_1.0.100.202602081740/tools/bin/../lib/gcc/arm-none-eabi/14.3.1/../../../../arm-none-eabi/lib/thumb/v7-m/nofp\libc_nano.a(libc_a-strcpy.o)
                0x08009638                strcpy
 .text.memcpy   0x08009648       0x1c C:/ST/STM32CubeIDE_2.1.0/STM32CubeIDE/plugins/com.st.stm32cube.ide.mcu.externaltools.gnu-tools-for-stm32.14.3.rel1.win32_1.0.100.202602081740/tools/bin/../lib/gcc/arm-none-eabi/14.3.1/../../../../arm-none-eabi/lib/thumb/v7-m/nofp\libc_nano.a(libc_a-memcpy-stub.o)
                0x08009648                memcpy
 .text._free_r  0x08009664       0x90 C:/ST/STM32CubeIDE_2.1.0/STM32CubeIDE/plugins/com.st.stm32cube.ide.mcu.externaltools.gnu-tools-for-stm32.14.3.rel1.win32_1.0.100.202602081740/tools/bin/../lib/gcc/arm-none-eabi/14.3.1/../../../../arm-none-eabi/lib/thumb/v7-m/nofp\libc_nano.a(libc_a-freer.o)
                0x08009664                _free_r
 .text.sbrk_aligned
                0x080096f4       0x44 C:/ST/STM32CubeIDE_2.1.0/STM32CubeIDE/plugins/com.st.stm32cube.ide.mcu.externaltools.gnu-tools-for-stm32.14.3.rel1.win32_1.0.100.202602081740/tools/bin/../lib/gcc/arm-none-eabi/14.3.1/../../../../arm-none-eabi/lib/thumb/v7-m/nofp\libc_nano.a(libc_a-mallocr.o)
 .text._malloc_r
                0x08009738      0x100 C:/ST/STM32CubeIDE_2.1.0/STM32CubeIDE/plugins/com.st.stm32cube.ide.mcu.externaltools.gnu-tools-for-stm32.14.3.rel1.win32_1.0.100.202602081740/tools/bin/../lib/gcc/arm-none-eabi/14.3.1/../../../../arm-none-eabi/lib/thumb/v7-m/nofp\libc_nano.a(libc_a-mallocr.o)
                0x08009738                _malloc_r
 .text.__malloc_lock
                0x08009838        0xc C:/ST/STM32CubeIDE_2.1.0/STM32CubeIDE/plugins/com.st.stm32cube.ide.mcu.externaltools.gnu-tools-for-stm32.14.3.rel1.win32_1.0.100.202602081740/tools/bin/../lib/gcc/arm-none-eabi/14.3.1/../../../../arm-none-eabi/lib/thumb/v7-m/nofp\libc_nano.a(libc_a-mlock.o)
                0x08009838                __malloc_lock
 .text.__malloc_unlock
                0x08009844        0xc C:/ST/STM32CubeIDE_2.1.0/STM32CubeIDE/plugins/com.st.stm32cube.ide.mcu.externaltools.gnu-tools-for-stm32.14.3.rel1.win32_1.0.100.202602081740/tools/bin/../lib/gcc/arm-none-eabi/14.3.1/../../../../arm-none-eabi/lib/thumb/v7-m/nofp\libc_nano.a(libc_a-mlock.o)
                0x08009844                __malloc_unlock
 .text.__ssputs_r
                0x08009850       0xc0 C:/ST/STM32CubeIDE_2.1.0/STM32CubeIDE/plugins/com.st.stm32cube.ide.mcu.externaltools.gnu-tools-for-stm32.14.3.rel1.win32_1.0.100.202602081740/tools/bin/../lib/gcc/arm-none-eabi/14.3.1/../../../../arm-none-eabi/lib/thumb/v7-m/nofp\libc_nano.a(libc_a-nano-svfprintf.o)
                0x08009850                __ssputs_r
 .text._svfprintf_r
                0x08009910      0x1f0 C:/ST/STM32CubeIDE_2.1.0/STM32CubeIDE/plugins/com.st.stm32cube.ide.mcu.externaltools.gnu-tools-for-stm32.14.3.rel1.win32_1.0.100.202602081740/tools/bin/../lib/gcc/arm-none-eabi/14.3.1/../../../../arm-none-eabi/lib/thumb/v7-m/nofp\libc_nano.a(libc_a-nano-svfprintf.o)
                0x08009910                _svfiprintf_r
                0x08009910                _svfprintf_r
 .text._printf_common
                0x08009b00       0xe4 C:/ST/STM32CubeIDE_2.1.0/STM32CubeIDE/plugins/com.st.stm32cube.ide.mcu.externaltools.gnu-tools-for-stm32.14.3.rel1.win32_1.0.100.202602081740/tools/bin/../lib/gcc/arm-none-eabi/14.3.1/../../../../arm-none-eabi/lib/thumb/v7-m/nofp\libc_nano.a(libc_a-nano-vfprintf_i.o)
                0x08009b00                _printf_common
 .text._printf_i
                0x08009be4      0x24c C:/ST/STM32CubeIDE_2.1.0/STM32CubeIDE/plugins/com.st.stm32cube.ide.mcu.externaltools.gnu-tools-for-stm32.14.3.rel1.win32_1.0.100.202602081740/tools/bin/../lib/gcc/arm-none-eabi/14.3.1/../../../../arm-none-eabi/lib/thumb/v7-m/nofp\libc_nano.a(libc_a-nano-vfprintf_i.o)
                0x08009be4                _printf_i
 .text.memmove  0x08009e30       0x32 C:/ST/STM32CubeIDE_2.1.0/STM32CubeIDE/plugins/com.st.stm32cube.ide.mcu.externaltools.gnu-tools-for-stm32.14.3.rel1.win32_1.0.100.202602081740/tools/bin/../lib/gcc/arm-none-eabi/14.3.1/../../../../arm-none-eabi/lib/thumb/v7-m/nofp\libc_nano.a(libc_a-memmove.o)
                0x08009e30                memmove
 *fill*         0x08009e62        0x2 
 .text._sbrk_r  0x08009e64       0x20 C:/ST/STM32CubeIDE_2.1.0/STM32CubeIDE/plugins/com.st.stm32cube.ide.mcu.externaltools.gnu-tools-for-stm32.14.3.rel1.win32_1.0.100.202602081740/tools/bin/../lib/gcc/arm-none-eabi/14.3.1/../../../../arm-none-eabi/lib/thumb/v7-m/nofp\libc_nano.a(libc_a-sbrkr.o)
                0x08009e64                _sbrk_r
 .text.memchr   0x08009e84       0x1c C:/ST/STM32CubeIDE_2.1.0/STM32CubeIDE/plugins/com.st.stm32cube.ide.mcu.externaltools.gnu-tools-for-stm32.14.3.rel1.win32_1.0.100.202602081740/tools/bin/../lib/gcc/arm-none-eabi/14.3.1/../../../../arm-none-eabi/lib/thumb/v7-m/nofp\libc_nano.a(libc_a-memchr-stub.o)
                0x08009e84                memchr
 .text._realloc_r
                0x08009ea0       0x5c C:/ST/STM32CubeIDE_2.1.0/STM32CubeIDE/plugins/com.st.stm32cube.ide.mcu.externaltools.gnu-tools-for-stm32.14.3.rel1.win32_1.0.100.202602081740/tools/bin/../lib/gcc/arm-none-eabi/14.3.1/../../../../arm-none-eabi/lib/thumb/v7-m/nofp\libc_nano.a(libc_a-reallocr.o)
                0x08009ea0                _realloc_r
 .text._malloc_usable_size_r
                0x08009efc       0x10 C:/ST/STM32CubeIDE_2.1.0/STM32CubeIDE/plugins/com.st.stm32cube.ide.mcu.externaltools.gnu-tools-for-stm32.14.3.rel1.win32_1.0.100.202602081740/tools/bin/../lib/gcc/arm-none-eabi/14.3.1/../../../../arm-none-eabi/lib/thumb/v7-m/nofp\libc_nano.a(libc_a-msizer.o)
                0x08009efc                _malloc_usable_size_r
 *(.glue_7)
 .glue_7        0x08009f0c        0x0 linker stubs
 *(.glue_7t)
 .glue_7t       0x08009f0c        0x0 linker stubs
 *(.eh_frame)
 .eh_frame      0x08009f0c        0x0 C:/ST/STM32CubeIDE_2.1.0/STM32CubeIDE/plugins/com.st.stm32cube.ide.mcu.externaltools.gnu-tools-for-stm32.14.3.rel1.win32_1.0.100.202602081740/tools/bin/../lib/gcc/arm-none-eabi/14.3.1/thumb/v7-m/nofp/crtbegin.o
 *(.init)
 .init          0x08009f0c        0x4 C:/ST/STM32CubeIDE_2.1.0/STM32CubeIDE/plugins/com.st.stm32cube.ide.mcu.externaltools.gnu-tools-for-stm32.14.3.rel1.win32_1.0.100.202602081740/tools/bin/../lib/gcc/arm-none-eabi/14.3.1/thumb/v7-m/nofp/crti.o
                0x08009f0c                _init
 .init          0x08009f10        0x8 C:/ST/STM32CubeIDE_2.1.0/STM32CubeIDE/plugins/com.st.stm32cube.ide.mcu.externaltools.gnu-tools-for-stm32.14.3.rel1.win32_1.0.100.202602081740/tools/bin/../lib/gcc/arm-none-eabi/14.3.1/thumb/v7-m/nofp/crtn.o
 *(.fini)
 .fini          0x08009f18        0x4 C:/ST/STM32CubeIDE_2.1.0/STM32CubeIDE/plugins/com.st.stm32cube.ide.mcu.externaltools.gnu-tools-for-stm32.14.3.rel1.win32_1.0.100.202602081740/tools/bin/../lib/gcc/arm-none-eabi/14.3.1/thumb/v7-m/nofp/crti.o
                0x08009f18                _fini
 .fini          0x08009f1c        0x8 C:/ST/STM32CubeIDE_2.1.0/STM32CubeIDE/plugins/com.st.stm32cube.ide.mcu.externaltools.gnu-tools-for-stm32.14.3.rel1.win32_1.0.100.202602081740/tools/bin/../lib/gcc/arm-none-eabi/14.3.1/thumb/v7-m/nofp/crtn.o
                0x08009f24                        . = ALIGN (0x4)
                0x08009f24                        _etext = .

.vfp11_veneer   0x08009f24        0x0
 .vfp11_veneer  0x08009f24        0x0 linker stubs

.v4_bx          0x08009f24        0x0
 .v4_bx         0x08009f24        0x0 linker stubs

.iplt           0x08009f24        0x0
 .iplt          0x08009f24        0x0 C:/ST/STM32CubeIDE_2.1.0/STM32CubeIDE/plugins/com.st.stm32cube.ide.mcu.externaltools.gnu-tools-for-stm32.14.3.rel1.win32_1.0.100.202602081740/tools/bin/../lib/gcc/arm-none-eabi/14.3.1/thumb/v7-m/nofp/crtbegin.o

.rodata         0x08009f24     0x1b0c
                0x08009f24                        . = ALIGN (0x4)
 *(.rodata)
 *(.rodata*)
 .rodata.ESP01_StartUDP.str1.1
                0x08009f24      0x421 ./Core/Src/esp01.o
                                  0x4 (size before relaxing)
 .rodata.ESP01_Send.str1.1
                0x0800a345       0x30 ./Core/Src/esp01.o
 .rodata.ESP01_Task.str1.1
                0x0800a345      0x148 ./Core/Src/esp01.o
 *fill*         0x0800a345        0x3 
 .rodata.responses
                0x0800a348       0x4c ./Core/Src/esp01.o
                0x0800a348                responses
 .rodata.respBUSYS
                0x0800a394        0xb ./Core/Src/esp01.o
                0x0800a394                respBUSYS
 .rodata.respBUSYP
                0x0800a39f        0xb ./Core/Src/esp01.o
                0x0800a39f                respBUSYP
 .rodata.respReady
                0x0800a3aa        0xc ./Core/Src/esp01.o
                0x0800a3aa                respReady
 .rodata.respIPD
                0x0800a3b6        0x9 ./Core/Src/esp01.o
                0x0800a3b6                respIPD
 .rodata.respBUSY
                0x0800a3bf        0xb ./Core/Src/esp01.o
                0x0800a3bf                respBUSY
 .rodata.respCIFSRAPIP
                0x0800a3ca       0x11 ./Core/Src/esp01.o
                0x0800a3ca                respCIFSRAPIP
 .rodata.respCLOSED
                0x0800a3db        0xd ./Core/Src/esp01.o
                0x0800a3db                respCLOSED
 .rodata.respCONNECT
                0x0800a3e8        0xe ./Core/Src/esp01.o
                0x0800a3e8                respCONNECT
 .rodata.respSENDOK
                0x0800a3f6        0xe ./Core/Src/esp01.o
                0x0800a3f6                respSENDOK
 .rodata.respDISCONNECTED
                0x0800a404       0x13 ./Core/Src/esp01.o
                0x0800a404                respDISCONNECTED
 .rodata.respWIFIDISCONNECTED
                0x0800a417       0x18 ./Core/Src/esp01.o
                0x0800a417                respWIFIDISCONNECTED
 .rodata.respWIFIDISCONNECT
                0x0800a42f       0x16 ./Core/Src/esp01.o
                0x0800a42f                respWIFIDISCONNECT
 .rodata.respWIFICONNECTED
                0x0800a445       0x15 ./Core/Src/esp01.o
                0x0800a445                respWIFICONNECTED
 .rodata.respWIFIGOTIP
                0x0800a45a       0x12 ./Core/Src/esp01.o
                0x0800a45a                respWIFIGOTIP
 .rodata.respERROR
                0x0800a46c        0xc ./Core/Src/esp01.o
                0x0800a46c                respERROR
 .rodata.respOK
                0x0800a478        0x9 ./Core/Src/esp01.o
                0x0800a478                respOK
 .rodata.respATp
                0x0800a481        0x8 ./Core/Src/esp01.o
                0x0800a481                respATp
 .rodata.respAT
                0x0800a489        0x8 ./Core/Src/esp01.o
                0x0800a489                respAT
 .rodata.ATCIPSERVER
                0x0800a491       0x14 ./Core/Src/esp01.o
                0x0800a491                ATCIPSERVER
 .rodata.ATCWDHCP
                0x0800a4a5       0x14 ./Core/Src/esp01.o
                0x0800a4a5                ATCWDHCP
 .rodata.ATCWSAP
                0x0800a4b9        0xe ./Core/Src/esp01.o
                0x0800a4b9                ATCWSAP
 .rodata.ATCIPSEND
                0x0800a4c7        0xc ./Core/Src/esp01.o
                0x0800a4c7                ATCIPSEND
 .rodata.ATCIPCLOSE
                0x0800a4d3        0xe ./Core/Src/esp01.o
                0x0800a4d3                ATCIPCLOSE
 .rodata.ATCIPSTART
                0x0800a4e1        0xd ./Core/Src/esp01.o
                0x0800a4e1                ATCIPSTART
 .rodata.ATCIFSR
                0x0800a4ee        0xb ./Core/Src/esp01.o
                0x0800a4ee                ATCIFSR
 .rodata.ATCWJAP
                0x0800a4f9        0xa ./Core/Src/esp01.o
                0x0800a4f9                ATCWJAP
 .rodata.ATCWMODE
                0x0800a503        0xe ./Core/Src/esp01.o
                0x0800a503                ATCWMODE
 .rodata.ATAT   0x0800a511        0x5 ./Core/Src/esp01.o
                0x0800a511                ATAT
 *fill*         0x0800a516        0x2 
 .rodata.Font_11x18
                0x0800a518        0xc ./Core/Src/fonts.o
                0x0800a518                Font_11x18
 .rodata.Font_7x10
                0x0800a524        0xc ./Core/Src/fonts.o
                0x0800a524                Font_7x10
 .rodata.Font11x18
                0x0800a530      0xd5c ./Core/Src/fonts.o
 .rodata.Font7x10
                0x0800b28c      0x76c ./Core/Src/fonts.o
 .rodata.ssd1306Data.str1.1
                0x0800b9f8        0xb ./Core/Src/main.o
 .rodata.sendHTMLForm.str1.1
                0x0800b9f8      0x14a ./Core/Src/main.o
 .rodata.sendHTTPOKPage.str1.1
                0x0800b9f8       0x75 ./Core/Src/main.o
 .rodata.parseHTTPGetParams.str1.1
                0x0800b9f8       0x18 ./Core/Src/main.o
 .rodata.httpTask.str1.1
                0x0800b9f8       0x10 ./Core/Src/main.o
 .rodata.main.str1.1
                0x0800b9f8       0x1b ./Core/Src/main.o
 .rodata.firmware
                0x0800b9f8        0xd ./Core/Src/main.o
                0x0800b9f8                firmware
 .rodata.APBPrescTable
                0x0800ba05        0x8 ./Core/Src/system_stm32f1xx.o
                0x0800ba05                APBPrescTable
 .rodata.AHBPrescTable
                0x0800ba0d       0x10 ./Core/Src/system_stm32f1xx.o
                0x0800ba0d                AHBPrescTable
 .rodata.aPredivFactorTable.0
                0x0800ba1d        0x2 ./Drivers/STM32F1xx_HAL_Driver/Src/stm32f1xx_hal_rcc.o
 .rodata.aPLLMULFactorTable.1
                0x0800ba1f       0x10 ./Drivers/STM32F1xx_HAL_Driver/Src/stm32f1xx_hal_rcc.o
 .rodata.USBD_FS_ManufacturerStrDescriptor.str1.1
                0x0800ba2f       0x13 ./USB_DEVICE/App/usbd_desc.o
 .rodata.USBD_FS_ProductStrDescriptor.str1.1
                0x0800ba2f       0x16 ./USB_DEVICE/App/usbd_desc.o
 .rodata.USBD_FS_ConfigStrDescriptor.str1.1
                0x0800ba2f        0xb ./USB_DEVICE/App/usbd_desc.o
 .rodata.USBD_FS_InterfaceStrDescriptor.str1.1
                0x0800ba2f        0xe ./USB_DEVICE/App/usbd_desc.o
 .rodata.__utoa.str1.1
                0x0800ba2f       0x25 C:/ST/STM32CubeIDE_2.1.0/STM32CubeIDE/plugins/com.st.stm32cube.ide.mcu.externaltools.gnu-tools-for-stm32.14.3.rel1.win32_1.0.100.202602081740/tools/bin/../lib/gcc/arm-none-eabi/14.3.1/../../../../arm-none-eabi/lib/thumb/v7-m/nofp\libc_nano.a(libc_a-utoa.o)
 .rodata._svfprintf_r.str1.1
                0x0800ba2f       0x11 C:/ST/STM32CubeIDE_2.1.0/STM32CubeIDE/plugins/com.st.stm32cube.ide.mcu.externaltools.gnu-tools-for-stm32.14.3.rel1.win32_1.0.100.202602081740/tools/bin/../lib/gcc/arm-none-eabi/14.3.1/../../../../arm-none-eabi/lib/thumb/v7-m/nofp\libc_nano.a(libc_a-nano-svfprintf.o)
 .rodata._printf_i.str1.1
                0x0800ba2f       0x22 C:/ST/STM32CubeIDE_2.1.0/STM32CubeIDE/plugins/com.st.stm32cube.ide.mcu.externaltools.gnu-tools-for-stm32.14.3.rel1.win32_1.0.100.202602081740/tools/bin/../lib/gcc/arm-none-eabi/14.3.1/../../../../arm-none-eabi/lib/thumb/v7-m/nofp\libc_nano.a(libc_a-nano-vfprintf_i.o)
                0x0800bb44                        . = ALIGN (0x4)
 *fill*         0x0800ba2f        0x1 

.ARM.extab      0x0800ba30        0x0
                0x0800ba30                        . = ALIGN (0x4)
 *(.ARM.extab* .gnu.linkonce.armextab.*)
                0x0800ba30                        . = ALIGN (0x4)

.ARM            0x0800ba30        0x8
                0x0800ba30                        . = ALIGN (0x4)
                0x0800ba30                        __exidx_start = .
 *(.ARM.exidx*)
 .ARM.exidx     0x0800ba30        0x8 C:/ST/STM32CubeIDE_2.1.0/STM32CubeIDE/plugins/com.st.stm32cube.ide.mcu.externaltools.gnu-tools-for-stm32.14.3.rel1.win32_1.0.100.202602081740/tools/bin/../lib/gcc/arm-none-eabi/14.3.1/../../../../arm-none-eabi/lib/thumb/v7-m/nofp\libc_nano.a(libc_a-strlen.o)
                0x0800ba38                        __exidx_end = .
                0x0800ba38                        . = ALIGN (0x4)

.preinit_array  0x0800ba38        0x0
                0x0800ba38                        . = ALIGN (0x4)
                0x0800ba38                        PROVIDE (__preinit_array_start = .)
 *(.preinit_array*)
                0x0800ba38                        PROVIDE (__preinit_array_end = .)
                0x0800ba38                        . = ALIGN (0x4)

.init_array     0x0800ba38        0x4
                0x0800ba38                        . = ALIGN (0x4)
                0x0800ba38                        PROVIDE (__init_array_start = .)
 *(SORT_BY_NAME(.init_array.*))
 *(.init_array*)
 .init_array    0x0800ba38        0x4 C:/ST/STM32CubeIDE_2.1.0/STM32CubeIDE/plugins/com.st.stm32cube.ide.mcu.externaltools.gnu-tools-for-stm32.14.3.rel1.win32_1.0.100.202602081740/tools/bin/../lib/gcc/arm-none-eabi/14.3.1/thumb/v7-m/nofp/crtbegin.o
                0x0800ba3c                        PROVIDE (__init_array_end = .)
                0x0800ba3c                        . = ALIGN (0x4)

.fini_array     0x0800ba3c        0x4
                0x0800ba3c                        . = ALIGN (0x4)
                [!provide]                        PROVIDE (__fini_array_start = .)
 *(SORT_BY_NAME(.fini_array.*))
 *(.fini_array*)
 .fini_array    0x0800ba3c        0x4 C:/ST/STM32CubeIDE_2.1.0/STM32CubeIDE/plugins/com.st.stm32cube.ide.mcu.externaltools.gnu-tools-for-stm32.14.3.rel1.win32_1.0.100.202602081740/tools/bin/../lib/gcc/arm-none-eabi/14.3.1/thumb/v7-m/nofp/crtbegin.o
                [!provide]                        PROVIDE (__fini_array_end = .)
                0x0800ba40                        . = ALIGN (0x4)
                0x0800ba40                        _sidata = LOADADDR (.data)

.rel.dyn        0x0800ba40        0x0
 .rel.iplt      0x0800ba40        0x0 C:/ST/STM32CubeIDE_2.1.0/STM32CubeIDE/plugins/com.st.stm32cube.ide.mcu.externaltools.gnu-tools-for-stm32.14.3.rel1.win32_1.0.100.202602081740/tools/bin/../lib/gcc/arm-none-eabi/14.3.1/thumb/v7-m/nofp/crtbegin.o

.data           0x20000000      0x24c load address 0x0800ba40
                0x20000000                        . = ALIGN (0x4)
                0x20000000                        _sdata = .
 *(.data)
 *(.data*)
 .data.esp01AP_ENC
                0x20000000        0x2 ./Core/Src/esp01.o
 .data.esp01AP_CH
                0x20000002        0x3 ./Core/Src/esp01.o
 .data.esp01PROTO
                0x20000005        0x4 ./Core/Src/esp01.o
 .data.bufferTx.5
                0x20000009        0x9 ./Core/Src/main.o
 .data.brake_angle_div
                0x20000012        0x2 ./Core/Src/main.o
                0x20000012                brake_angle_div
 .data.attack_setpoint
                0x20000014        0x2 ./Core/Src/main.o
                0x20000014                attack_setpoint
 .data.custom_turn
                0x20000016        0x2 ./Core/Src/main.o
                0x20000016                custom_turn
 .data.Kp_line  0x20000018        0x2 ./Core/Src/main.o
                0x20000018                Kp_line
 *fill*         0x2000001a        0x2 
 .data.setpoint
                0x2000001c        0x4 ./Core/Src/main.o
                0x2000001c                setpoint
 .data.offset_right
                0x20000020        0x2 ./Core/Src/main.o
                0x20000020                offset_right
 .data.offset_left
                0x20000022        0x2 ./Core/Src/main.o
                0x20000022                offset_left
 .data.minPWM   0x20000024        0x2 ./Core/Src/main.o
                0x20000024                minPWM
 .data.maxPWM   0x20000026        0x2 ./Core/Src/main.o
                0x20000026                maxPWM
 .data.Kd_stable
                0x20000028        0x2 ./Core/Src/main.o
                0x20000028                Kd_stable
 .data.Kp_stable
                0x2000002a        0x2 ./Core/Src/main.o
                0x2000002a                Kp_stable
 .data.udpTargetPort
                0x2000002c        0x2 ./Core/Src/main.o
 .data.udpTargetIP
                0x2000002e       0x10 ./Core/Src/main.o
 .data.udpSilenceCounter
                0x2000003e        0x1 ./Core/Src/main.o
                0x2000003e                udpSilenceCounter
 .data.tmo100   0x2000003f        0x1 ./Core/Src/main.o
                0x2000003f                tmo100
 .data.tmo20ms  0x20000040        0x1 ./Core/Src/main.o
                0x20000040                tmo20ms
 .data.tmo100ms
                0x20000041        0x1 ./Core/Src/main.o
                0x20000041                tmo100ms
 *fill*         0x20000042        0x2 
 .data.heartBeatMask
                0x20000044       0x30 ./Core/Src/main.o
                0x20000044                heartBeatMask
 .data.mpu_state
                0x20000074        0x1 ./Core/Src/mpu6050.o
 .data.state.1  0x20000075        0x1 ./Core/Src/ssd1306.o
 *fill*         0x20000076        0x2 
 .data.SystemCoreClock
                0x20000078        0x4 ./Core/Src/system_stm32f1xx.o
                0x20000078                SystemCoreClock
 .data.uwTickFreq
                0x2000007c        0x1 ./Drivers/STM32F1xx_HAL_Driver/Src/stm32f1xx_hal.o
                0x2000007c                uwTickFreq
 *fill*         0x2000007d        0x3 
 .data.uwTickPrio
                0x20000080        0x4 ./Drivers/STM32F1xx_HAL_Driver/Src/stm32f1xx_hal.o
                0x20000080                uwTickPrio
 .data.USBD_CDC_OtherSpeedCfgDesc
                0x20000084       0x43 ./Middlewares/ST/STM32_USB_Device_Library/Class/CDC/Src/usbd_cdc.o
                0x20000084                USBD_CDC_OtherSpeedCfgDesc
 *fill*         0x200000c7        0x1 
 .data.USBD_CDC_CfgFSDesc
                0x200000c8       0x43 ./Middlewares/ST/STM32_USB_Device_Library/Class/CDC/Src/usbd_cdc.o
                0x200000c8                USBD_CDC_CfgFSDesc
 *fill*         0x2000010b        0x1 
 .data.USBD_CDC_CfgHSDesc
                0x2000010c       0x43 ./Middlewares/ST/STM32_USB_Device_Library/Class/CDC/Src/usbd_cdc.o
                0x2000010c                USBD_CDC_CfgHSDesc
 *fill*         0x2000014f        0x1 
 .data.USBD_CDC
                0x20000150       0x38 ./Middlewares/ST/STM32_USB_Device_Library/Class/CDC/Src/usbd_cdc.o
                0x20000150                USBD_CDC
 .data.USBD_CDC_DeviceQualifierDesc
                0x20000188        0xa ./Middlewares/ST/STM32_USB_Device_Library/Class/CDC/Src/usbd_cdc.o
 *fill*         0x20000192        0x2 
 .data.USBD_Interface_fops_FS
                0x20000194       0x10 ./USB_DEVICE/App/usbd_cdc_if.o
                0x20000194                USBD_Interface_fops_FS
 .data.LineCoding
                0x200001a4        0x8 ./USB_DEVICE/App/usbd_cdc_if.o
                0x200001a4                LineCoding
 .data.USBD_StringSerial
                0x200001ac       0x1a ./USB_DEVICE/App/usbd_desc.o
                0x200001ac                USBD_StringSerial
 *fill*         0x200001c6        0x2 
 .data.USBD_LangIDDesc
                0x200001c8        0x4 ./USB_DEVICE/App/usbd_desc.o
                0x200001c8                USBD_LangIDDesc
 .data.USBD_FS_DeviceDesc
                0x200001cc       0x12 ./USB_DEVICE/App/usbd_desc.o
                0x200001cc                USBD_FS_DeviceDesc
 *fill*         0x200001de        0x2 
 .data.FS_Desc  0x200001e0       0x1c ./USB_DEVICE/App/usbd_desc.o
                0x200001e0                FS_Desc
 .data._impure_ptr
                0x200001fc        0x4 C:/ST/STM32CubeIDE_2.1.0/STM32CubeIDE/plugins/com.st.stm32cube.ide.mcu.externaltools.gnu-tools-for-stm32.14.3.rel1.win32_1.0.100.202602081740/tools/bin/../lib/gcc/arm-none-eabi/14.3.1/../../../../arm-none-eabi/lib/thumb/v7-m/nofp\libc_nano.a(libc_a-impure.o)
                0x200001fc                _impure_ptr
 .data._impure_data
                0x20000200       0x4c C:/ST/STM32CubeIDE_2.1.0/STM32CubeIDE/plugins/com.st.stm32cube.ide.mcu.externaltools.gnu-tools-for-stm32.14.3.rel1.win32_1.0.100.202602081740/tools/bin/../lib/gcc/arm-none-eabi/14.3.1/../../../../arm-none-eabi/lib/thumb/v7-m/nofp\libc_nano.a(libc_a-impure.o)
                0x20000200                _impure_data
 *(.RamFunc)
 *(.RamFunc*)
                0x2000024c                        . = ALIGN (0x4)
                0x2000024c                        _edata = .

.igot.plt       0x2000024c        0x0 load address 0x0800bc8c
 .igot.plt      0x2000024c        0x0 C:/ST/STM32CubeIDE_2.1.0/STM32CubeIDE/plugins/com.st.stm32cube.ide.mcu.externaltools.gnu-tools-for-stm32.14.3.rel1.win32_1.0.100.202602081740/tools/bin/../lib/gcc/arm-none-eabi/14.3.1/thumb/v7-m/nofp/crtbegin.o
                0x2000024c                        . = ALIGN (0x4)

.bss            0x2000024c     0x29f4 load address 0x0800bc8c
                0x2000024c                        _sbss = .
                0x2000024c                        __bss_start__ = _sbss
 *(.bss)
 .bss           0x2000024c       0x1c C:/ST/STM32CubeIDE_2.1.0/STM32CubeIDE/plugins/com.st.stm32cube.ide.mcu.externaltools.gnu-tools-for-stm32.14.3.rel1.win32_1.0.100.202602081740/tools/bin/../lib/gcc/arm-none-eabi/14.3.1/thumb/v7-m/nofp/crtbegin.o
 *(.bss*)
 .bss.indexResponseChar
                0x20000268        0x1 ./Core/Src/esp01.o
 .bss.indexResponse
                0x20000269        0x1 ./Core/Src/esp01.o
 *fill*         0x2000026a        0x2 
 .bss.esp01Handle
                0x2000026c        0xc ./Core/Src/esp01.o
 .bss.esp01TriesAT
                0x20000278        0x1 ./Core/Src/esp01.o
 *fill*         0x20000279        0x1 
 .bss.esp01iwTX
                0x2000027a        0x2 ./Core/Src/esp01.o
 .bss.esp01irTX
                0x2000027c        0x2 ./Core/Src/esp01.o
 .bss.esp01irRXAT
                0x2000027e        0x2 ./Core/Src/esp01.o
 .bss.esp01iwRXAT
                0x20000280        0x2 ./Core/Src/esp01.o
 .bss.esp01TXATBuf
                0x20000282      0x400 ./Core/Src/esp01.o
 .bss.esp01RXATBuf
                0x20000682      0x400 ./Core/Src/esp01.o
 .bss.esp01nBytes
                0x20000a82        0x2 ./Core/Src/esp01.o
 .bss.esp01HState
                0x20000a84        0x1 ./Core/Src/esp01.o
 .bss.esp01LastConnID
                0x20000a85        0x1 ./Core/Src/esp01.o
 .bss.esp01WebServerMode
                0x20000a86        0x1 ./Core/Src/esp01.o
 .bss.esp01AP_PASS
                0x20000a87       0x20 ./Core/Src/esp01.o
 .bss.esp01AP_SSID
                0x20000aa7       0x20 ./Core/Src/esp01.o
 .bss.esp01LocalPORT
                0x20000ac7        0x6 ./Core/Src/esp01.o
 .bss.esp01LocalIP
                0x20000acd       0x10 ./Core/Src/esp01.o
 .bss.esp01RemotePORT
                0x20000add        0x6 ./Core/Src/esp01.o
 .bss.esp01RemoteIP
                0x20000ae3       0x10 ./Core/Src/esp01.o
 .bss.esp01PASSWORD
                0x20000af3       0x20 ./Core/Src/esp01.o
 .bss.esp01SSID
                0x20000b13       0x40 ./Core/Src/esp01.o
 *fill*         0x20000b53        0x1 
 .bss.ESP01DbgStr
                0x20000b54        0x4 ./Core/Src/esp01.o
 .bss.ESP01ChangeState
                0x20000b58        0x4 ./Core/Src/esp01.o
 .bss.esp01TimeoutSendOk
                0x20000b5c        0x4 ./Core/Src/esp01.o
 .bss.esp01TimeoutTxSymbol
                0x20000b60        0x4 ./Core/Src/esp01.o
 .bss.esp01TimeoutDataRx
                0x20000b64        0x4 ./Core/Src/esp01.o
 .bss.esp01TimeoutTask
                0x20000b68        0x4 ./Core/Src/esp01.o
 .bss.esp01Flags
                0x20000b6c        0x1 ./Core/Src/esp01.o
 .bss.esp01ATSate
                0x20000b6d        0x1 ./Core/Src/esp01.o
 .bss.timeToDebounce.0
                0x20000b6e        0x1 ./Core/Src/main.o
 *fill*         0x20000b6f        0x1 
 .bss.mpu_timeout.1
                0x20000b70        0x4 ./Core/Src/main.o
 .bss.j.2       0x20000b74        0x1 ./Core/Src/main.o
 .bss.i.3       0x20000b75        0x1 ./Core/Src/main.o
 .bss.times.4   0x20000b76        0x1 ./Core/Src/main.o
 .bss.lineState
                0x20000b77        0x1 ./Core/Src/main.o
                0x20000b77                lineState
 .bss.last_line_error
                0x20000b78        0x4 ./Core/Src/main.o
                0x20000b78                last_line_error
 .bss.turn_offset
                0x20000b7c        0x4 ./Core/Src/main.o
                0x20000b7c                turn_offset
 .bss.error_linea
                0x20000b80        0x4 ./Core/Src/main.o
                0x20000b80                error_linea
 .bss.sum_sensors