Archive member included to satisfy reference by file (symbol)

C:/ST/STM32CubeIDE_2.1.0/STM32CubeIDE/plugins/com.st.stm32cube.ide.mcu.externaltools.gnu-tools-for-stm32.14.3.rel1.win32_1.0.100.202602081740/tools/bin/../lib/gcc/arm-none-eabi/14.3.1/../../../../arm-none-eabi/lib/thumb/v7-m/nofp\libc_nano.a(libc_a-exit.o)
                              C:/ST/STM32CubeIDE_2.1.0/STM32CubeIDE/plugins/com.st.stm32cube.ide.mcu.externaltools.gnu-tools-for-stm32.14.3.rel1.win32_1.0.100.202602081740/tools/bin/../lib/gcc/arm-none-eabi/14.3.1/../../../../arm-none-eabi/lib/thumb/v7-m/nofp/crt0.o (exit)
C:/ST/STM32CubeIDE_2.1.0/STM32CubeIDE/plugins/com.st.stm32cube.ide.mcu.externaltools.gnu-tools-for-stm32.14.3.rel1.win32_1.0.100.202602081740/tools/bin/../lib/gcc/arm-none-eabi/14.3.1/../../../../arm-none-eabi/lib/thumb/v7-m/nofp\libc_nano.a(libc_a-itoa.o)
                              ./Core/Src/esp01.o (itoa)
C:/ST/STM32CubeIDE_2.1.0/STM32CubeIDE/plugins/com.st.stm32cube.ide.mcu.externaltools.gnu-tools-for-stm32.14.3.rel1.win32_1.0.100.202602081740/tools/bin/../lib/gcc/arm-none-eabi/14.3.1/../../../../arm-none-eabi/lib/thumb/v7-m/nofp\libc_nano.a(libc_a-utoa.o)
                              C:/ST/STM32CubeIDE_2.1.0/STM32CubeIDE/plugins/com.st.stm32cube.ide.mcu.externaltools.gnu-tools-for-stm32.14.3.rel1.win32_1.0.100.202602081740/tools/bin/../lib/gcc/arm-none-eabi/14.3.1/../../../../arm-none-eabi/lib/thumb/v7-m/nofp\libc_nano.a(libc_a-itoa.o) (__utoa)
C:/ST/STM32CubeIDE_2.1.0/STM32CubeIDE/plugins/com.st.stm32cube.ide.mcu.externaltools.gnu-tools-for-stm32.14.3.rel1.win32_1.0.100.202602081740/tools/bin/../lib/gcc/arm-none-eabi/14.3.1/../../../../arm-none-eabi/lib/thumb/v7-m/nofp\libc_nano.a(libc_a-findfp.o)
                              C:/ST/STM32CubeIDE_2.1.0/STM32CubeIDE/plugins/com.st.stm32cube.ide.mcu.externaltools.gnu-tools-for-stm32.14.3.rel1.win32_1.0.100.202602081740/tools/bin/../lib/gcc/arm-none-eabi/14.3.1/../../../../arm-none-eabi/lib/thumb/v7-m/nofp\libc_nano.a(libc_a-exit.o) (__stdio_exit_handler)
C:/ST/STM32CubeIDE_2.1.0/STM32CubeIDE/plugins/com.st.stm32cube.ide.mcu.externaltools.gnu-tools-for-stm32.14.3.rel1.win32_1.0.100.202602081740/tools/bin/../lib/gcc/arm-none-eabi/14.3.1/../../../../arm-none-eabi/lib/thumb/v7-m/nofp\libc_nano.a(libc_a-fwalk.o)
                              C:/ST/STM32CubeIDE_2.1.0/STM32CubeIDE/plugins/com.st.stm32cube.ide.mcu.externaltools.gnu-tools-for-stm32.14.3.rel1.win32_1.0.100.202602081740/tools/bin/../lib/gcc/arm-none-eabi/14.3.1/../../../../arm-none-eabi/lib/thumb/v7-m/nofp\libc_nano.a(libc_a-findfp.o) (_fwalk_sglue)
C:/ST/STM32CubeIDE_2.1.0/STM32CubeIDE/plugins/com.st.stm32cube.ide.mcu.externaltools.gnu-tools-for-stm32.14.3.rel1.win32_1.0.100.202602081740/tools/bin/../lib/gcc/arm-none-eabi/14.3.1/../../../../arm-none-eabi/lib/thumb/v7-m/nofp\libc_nano.a(libc_a-snprintf.o)
                              ./Core/Src/main.o (snprintf)
C:/ST/STM32CubeIDE_2.1.0/STM32CubeIDE/plugins/com.st.stm32cube.ide.mcu.externaltools.gnu-tools-for-stm32.14.3.rel1.win32_1.0.100.202602081740/tools/bin/../lib/gcc/arm-none-eabi/14.3.1/../../../../arm-none-eabi/lib/thumb/v7-m/nofp\libc_nano.a(libc_a-stdio.o)
                              C:/ST/STM32CubeIDE_2.1.0/STM32CubeIDE/plugins/com.st.stm32cube.ide.mcu.externaltools.gnu-tools-for-stm32.14.3.rel1.win32_1.0.100.202602081740/tools/bin/../lib/gcc/arm-none-eabi/14.3.1/../../../../arm-none-eabi/lib/thumb/v7-m/nofp\libc_nano.a(libc_a-findfp.o) (__sread)
C:/ST/STM32CubeIDE_2.1.0/STM32CubeIDE/plugins/com.st.stm32cube.ide.mcu.externaltools.gnu-tools-for-stm32.14.3.rel1.win32_1.0.100.202602081740/tools/bin/../lib/gcc/arm-none-eabi/14.3.1/../../../../arm-none-eabi/lib/thumb/v7-m/nofp\libc_nano.a(libc_a-memset.o)
                              C:/ST/STM32CubeIDE_2.1.0/STM32CubeIDE/plugins/com.st.stm32cube.ide.mcu.externaltools.gnu-tools-for-stm32.14.3.rel1.win32_1.0.100.202602081740/tools/bin/../lib/gcc/arm-none-eabi/14.3.1/../../../../arm-none-eabi/lib/thumb/v7-m/nofp/crt0.o (memset)
C:/ST/STM32CubeIDE_2.1.0/STM32CubeIDE/plugins/com.st.stm32cube.ide.mcu.externaltools.gnu-tools-for-stm32.14.3.rel1.win32_1.0.100.202602081740/tools/bin/../lib/gcc/arm-none-eabi/14.3.1/../../../../arm-none-eabi/lib/thumb/v7-m/nofp\libc_nano.a(libc_a-strchr.o)
                              ./Core/Src/main.o (strchr)
C:/ST/STM32CubeIDE_2.1.0/STM32CubeIDE/plugins/com.st.stm32cube.ide.mcu.externaltools.gnu-tools-for-stm32.14.3.rel1.win32_1.0.100.202602081740/tools/bin/../lib/gcc/arm-none-eabi/14.3.1/../../../../arm-none-eabi/lib/thumb/v7-m/nofp\libc_nano.a(libc_a-strncmp.o)
                              ./Core/Src/main.o (strncmp)
C:/ST/STM32CubeIDE_2.1.0/STM32CubeIDE/plugins/com.st.stm32cube.ide.mcu.externaltools.gnu-tools-for-stm32.14.3.rel1.win32_1.0.100.202602081740/tools/bin/../lib/gcc/arm-none-eabi/14.3.1/../../../../arm-none-eabi/lib/thumb/v7-m/nofp\libc_nano.a(libc_a-strncpy.o)
                              ./Core/Src/esp01.o (strncpy)
[...]
Memory Configuration

Name             Origin             Length             Attributes
RAM              0x20000000         0x00005000         xrw
FLASH            0x08000000         0x00010000         xr
*default*        0x00000000         0xffffffff

Linker script and memory map

LOAD C:/ST/STM32CubeIDE_2.1.0/STM32CubeIDE/plugins/com.st.stm32cube.ide.mcu.externaltools.gnu-tools-for-stm32.14.3.rel1.win32_1.0.100.202602081740/tools/bin/../lib/gcc/arm-none-eabi/14.3.1/thumb/v7-m/nofp/crti.o
LOAD C:/ST/STM32CubeIDE_2.1.0/STM32CubeIDE/plugins/com.st.stm32cube.ide.mcu.externaltools.gnu-tools-for-stm32.14.3.rel1.win32_1.0.100.202602081740/tools/bin/../lib/gcc/arm-none-eabi/14.3.1/thumb/v7-m/nofp/crtbegin.o
LOAD C:/ST/STM32CubeIDE_2.1.0/STM32CubeIDE/plugins/com.st.stm32cube.ide.mcu.externaltools.gnu-tools-for-stm32.14.3.rel1.win32_1.0.100.202602081740/tools/bin/../lib/gcc/arm-none-eabi/14.3.1/../../../../arm-none-eabi/lib/thumb/v7-m/nofp/crt0.o
LOAD ./Core/Src/esp01.o
LOAD ./Core/Src/fonts.o
LOAD ./Core/Src/main.o
LOAD ./Core/Src/mpu6050.o
LOAD ./Core/Src/ssd1306.o
LOAD ./Core/Src/stm32f1xx_hal_msp.o
LOAD ./Core/Src/stm32f1xx_it.o
LOAD ./Core/Src/syscalls.o
LOAD ./Core/Src/sysmem.o
LOAD ./Core/Src/system_stm32f1xx.o
LOAD ./Core/Src/unerPrtcl.o
LOAD ./Core/Src/wiregfx.o
LOAD ./Core/Startup/startup_stm32f103c8tx.o
LOAD ./Drivers/STM32F1xx_HAL_Driver/Src/stm32f1xx_hal.o
LOAD ./Drivers/STM32F1xx_HAL_Driver/Src/stm32f1xx_hal_adc.o
LOAD ./Drivers/STM32F1xx_HAL_Driver/Src/stm32f1xx_hal_adc_ex.o
LOAD ./Drivers/STM32F1xx_HAL_Driver/Src/stm32f1xx_hal_cortex.o
LOAD ./Drivers/STM32F1xx_HAL_Driver/Src/stm32f1xx_hal_dma.o
LOAD ./Drivers/STM32F1xx_HAL_Driver/Src/stm32f1xx_hal_exti.o
LOAD ./Drivers/STM32F1xx_HAL_Driver/Src/stm32f1xx_hal_flash.o
LOAD ./Drivers/STM32F1xx_HAL_Driver/Src/stm32f1xx_hal_flash_ex.o
LOAD ./Drivers/STM32F1xx_HAL_Driver/Src/stm32f1xx_hal_gpio.o
LOAD ./Drivers/STM32F1xx_HAL_Driver/Src/stm32f1xx_hal_gpio_ex.o
LOAD ./Drivers/STM32F1xx_HAL_Driver/Src/stm32f1xx_hal_i2c.o
LOAD ./Drivers/STM32F1xx_HAL_Driver/Src/stm32f1xx_hal_pcd.o
LOAD ./Drivers/STM32F1xx_HAL_Driver/Src/stm32f1xx_hal_pcd_ex.o
LOAD ./Drivers/STM32F1xx_HAL_Driver/Src/stm32f1xx_hal_pwr.o
LOAD ./Drivers/STM32F1xx_HAL_Driver/Src/stm32f1xx_hal_rcc.o
LOAD ./Drivers/STM32F1xx_HAL_Driver/Src/stm32f1xx_hal_rcc_ex.o
LOAD ./Drivers/STM32F1xx_HAL_Driver/Src/stm32f1xx_hal_tim.o
LOAD ./Drivers/STM32F1xx_HAL_Driver/Src/stm32f1xx_hal_tim_ex.o
LOAD ./Drivers/STM32F1xx_HAL_Driver/Src/stm32f1xx_hal_uart.o
LOAD ./Drivers/STM32F1xx_HAL_Driver/Src/stm32f1xx_ll_usb.o
LOAD ./Middlewares/ST/STM32_USB_Device_Library/Class/CDC/Src/usbd_cdc.o
LOAD ./Middlewares/ST/STM32_USB_Device_Library/Core/Src/usbd_core.o
LOAD ./Middlewares/ST/STM32_USB_Device_Library/Core/Src/usbd_ctlreq.o
LOAD ./Middlewares/ST/STM32_USB_Device_Library/Core/Src/usbd_ioreq.o
LOAD ./USB_DEVICE/App/usb_device.o
LOAD ./USB_DEVICE/App/usbd_cdc_if.o
LOAD ./USB_DEVICE/App/usbd_desc.o
LOAD ./USB_DEVICE/Target/usbd_conf.o
START GROUP
LOAD C:/ST/STM32CubeIDE_2.1.0/STM32CubeIDE/plugins/com.st.stm32cube.ide.mcu.externaltools.gnu-tools-for-stm32.14.3.rel1.win32_1.0.100.202602081740/tools/bin/../lib/gcc/arm-none-eabi/14.3.1/../../../../arm-none-eabi/lib/thumb/v7-m/nofp\libc_nano.a
LOAD C:/ST/STM32CubeIDE_2.1.0/STM32CubeIDE/plugins/com.st.stm32cube.ide.mcu.externaltools.gnu-tools-for-stm32.14.3.rel1.win32_1.0.100.202602081740/tools/bin/../lib/gcc/arm-none-eabi/14.3.1/../../../../arm-none-eabi/lib/thumb/v7-m/nofp\libm.a
END GROUP
START GROUP
LOAD C:/ST/STM32CubeIDE_2.1.0/STM32CubeIDE/plugins/com.st.stm32cube.ide.mcu.externaltools.gnu-tools-for-stm32.14.3.rel1.win32_1.0.100.202602081740/tools/bin/../lib/gcc/arm-none-eabi/14.3.1/thumb/v7-m/nofp\libgcc.a
LOAD C:/ST/STM32CubeIDE_2.1.0/STM32CubeIDE/plugins/com.st.stm32cube.ide.mcu.externaltools.gnu-tools-for-stm32.14.3.rel1.win32_1.0.100.202602081740/tools/bin/../lib/gcc/arm-none-eabi/14.3.1/../../../../arm-none-eabi/lib/thumb/v7-m/nofp\libc_nano.a
END GROUP
START GROUP
LOAD C:/ST/STM32CubeIDE_2.1.0/STM32CubeIDE/plugins/com.st.stm32cube.ide.mcu.externaltools.gnu-tools-for-stm32.14.3.rel1.win32_1.0.100.202602081740/tools/bin/../lib/gcc/arm-none-eabi/14.3.1/thumb/v7-m/nofp\libgcc.a
LOAD C:/ST/STM32CubeIDE_2.1.0/STM32CubeIDE/plugins/com.st.stm32cube.ide.mcu.externaltools.gnu-tools-for-stm32.14.3.rel1.win32_1.0.100.202602081740/tools/bin/../lib/gcc/arm-none-eabi/14.3.1/../../../../arm-none-eabi/lib/thumb/v7-m/nofp\libc_nano.a
LOAD C:/ST/STM32CubeIDE_2.1.0/STM32CubeIDE/plugins/com.st.stm32cube.ide.mcu.externaltools.gnu-tools-for-stm32.14.3.rel1.win32_1.0.100.202602081740/tools/bin/../lib/gcc/arm-none-eabi/14.3.1/../../../../arm-none-eabi/lib/thumb/v7-m/nofp\libnosys.a
END GROUP
START GROUP
LOAD C:/ST/STM32CubeIDE_2.1.0/STM32CubeIDE/plugins/com.st.stm32cube.ide.mcu.externaltools.gnu-tools-for-stm32.14.3.rel1.win32_1.0.100.202602081740/tools/bin/../lib/gcc/arm-none-eabi/14.3.1/thumb/v7-m/nofp\libgcc.a
LOAD C:/ST/STM32CubeIDE_2.1.0/STM32CubeIDE/plugins/com.st.stm32cube.ide.mcu.externaltools.gnu-tools-for-stm32.14.3.rel1.win32_1.0.100.202602081740/tools/bin/../lib/gcc/arm-none-eabi/14.3.1/../../../../arm-none-eabi/lib/thumb/v7-m/nofp\libc_nano.a
LOAD C:/ST/STM32CubeIDE_2.1.0/STM32CubeIDE/plugins/com.st.stm32cube.ide.mcu.externaltools.gnu-tools-for-stm32.14.3.rel1.win32_1.0.100.202602081740/tools/bin/../lib/gcc/arm-none-eabi/14.3.1/../../../../arm-none-eabi/lib/thumb/v7-m/nofp\libnosys.a
END GROUP
LOAD C:/ST/STM32CubeIDE_2.1.0/STM32CubeIDE/plugins/com.st.stm32cube.ide.mcu.externaltools.gnu-tools-for-stm32.14.3.rel1.win32_1.0.100.202602081740/tools/bin/../lib/gcc/arm-none-eabi/14.3.1/thumb/v7-m/nofp/crtend.o
LOAD C:/ST/STM32CubeIDE_2.1.0/STM32CubeIDE/plugins/com.st.stm32cube.ide.mcu.externaltools.gnu-tools-for-stm32.14.3.rel1.win32_1.0.100.202602081740/tools/bin/../lib/gcc/arm-none-eabi/14.3.1/thumb/v7-m/nofp/crtn.o
                0x20005000                        _estack = (ORIGIN (RAM) + LENGTH (RAM))
                0x00000200                        _Min_Heap_Size = 0x200
                0x00000400                        _Min_Stack_Size = 0x400

.isr_vector     0x08000000      0x10c
                0x08000000                        . = ALIGN (0x4)
 *(.isr_vector)
 .isr_vector    0x08000000      0x10c ./Core/Startup/startup_stm32f103c8tx.o
                0x08000000                g_pfnVectors
                0x0800010c                        . = ALIGN (0x4)

.text           0x08000110     0xcda8
                0x08000110                        . = ALIGN (0x4)
 *(.text)
 .text          0x08000110       0x40 C:/ST/STM32CubeIDE_2.1.0/STM32CubeIDE/plugins/com.st.stm32cube.ide.mcu.externaltools.gnu-tools-for-stm32.14.3.rel1.win32_1.0.100.202602081740/tools/bin/../lib/gcc/arm-none-eabi/14.3.1/thumb/v7-m/nofp/crtbegin.o
 .text          0x08000150       0x14 C:/ST/STM32CubeIDE_2.1.0/STM32CubeIDE/plugins/com.st.stm32cube.ide.mcu.externaltools.gnu-tools-for-stm32.14.3.rel1.win32_1.0.100.202602081740/tools/bin/../lib/gcc/arm-none-eabi/14.3.1/../../../../arm-none-eabi/lib/thumb/v7-m/nofp\libc_nano.a(libc_a-strcmp.o)
                0x08000150                strcmp
 .text          0x08000164       0x10 C:/ST/STM32CubeIDE_2.1.0/STM32CubeIDE/plugins/com.st.stm32cube.ide.mcu.externaltools.gnu-tools-for-stm32.14.3.rel1.win32_1.0.100.202602081740/tools/bin/../lib/gcc/arm-none-eabi/14.3.1/../../../../arm-none-eabi/lib/thumb/v7-m/nofp\libc_nano.a(libc_a-strlen.o)
                0x08000164                strlen
 .text          0x08000174       0xa0 C:/ST/STM32CubeIDE_2.1.0/STM32CubeIDE/plugins/com.st.stm32cube.ide.mcu.externaltools.gnu-tools-for-stm32.14.3.rel1.win32_1.0.100.202602081740/tools/bin/../lib/gcc/arm-none-eabi/14.3.1/thumb/v7-m/nofp\libgcc.a(_aeabi_ldivmod.o)
                0x08000174                __aeabi_ldivmod
 .text          0x08000214      0x2f4 C:/ST/STM32CubeIDE_2.1.0/STM32CubeIDE/plugins/com.st.stm32cube.ide.mcu.externaltools.gnu-tools-for-stm32.14.3.rel1.win32_1.0.100.202602081740/tools/bin/../lib/gcc/arm-none-eabi/14.3.1/thumb/v7-m/nofp\libgcc.a(_udivmoddi4.o)
                0x08000214                __udivmoddi4
 .text          0x08000508        0x4 C:/ST/STM32CubeIDE_2.1.0/STM32CubeIDE/plugins/com.st.stm32cube.ide.mcu.externaltools.gnu-tools-for-stm32.14.3.rel1.win32_1.0.100.202602081740/tools/bin/../lib/gcc/arm-none-eabi/14.3.1/thumb/v7-m/nofp\libgcc.a(_dvmd_tls.o)
                0x08000508                __aeabi_idiv0
                0x08000508                __aeabi_ldiv0
 *(.text*)
 .text.ESP01StrToBufTX
                0x0800050c       0x34 ./Core/Src/esp01.o
 .text.ESP01ByteToBufTX
                0x08000540       0x28 ./Core/Src/esp01.o
 .text.ESP01_SetWIFI
                0x08000568       0x58 ./Core/Src/esp01.o
                0x08000568                ESP01_SetWIFI
 .text.ESP01_SetSoftAP
                0x080005c0       0xac ./Core/Src/esp01.o
                0x080005c0                ESP01_SetSoftAP
 .text.ESP01_GetLastConnID
                0x0800066c        0xc ./Core/Src/esp01.o
                0x0800066c                ESP01_GetLastConnID
 .text.ESP01_StartUDP
                0x08000678       0xac ./Core/Src/esp01.o
                0x08000678                ESP01_StartUDP
 .text.ESP01_StartTCP
                0x08000724       0xb4 ./Core/Src/esp01.o
                0x08000724                ESP01_StartTCP
 .text.ESP01_GetProtocol
                0x080007d8        0x8 ./Core/Src/esp01.o
                0x080007d8                ESP01_GetProtocol
 .text.ESP01_StateUDPTCP
                0x080007e0       0x24 ./Core/Src/esp01.o
                0x080007e0                ESP01_StateUDPTCP
 .text.ESP01_WriteRX
                0x08000804       0x28 ./Core/Src/esp01.o
                0x08000804                ESP01_WriteRX
 .text.ESP01_Send
                0x0800082c      0x128 ./Core/Src/esp01.o
                0x0800082c                ESP01_Send
 .text.ESP01_Init
                0x08000954       0x70 ./Core/Src/esp01.o
                0x08000954                ESP01_Init
 .text.ESP01_Timeout10ms
                0x080009c4       0x68 ./Core/Src/esp01.o
                0x080009c4                ESP01_Timeout10ms
 .text.ESP01_Task
                0x08000a2c      0xa90 ./Core/Src/esp01.o
                0x08000a2c                ESP01_Task
 .text.ESP01_AttachChangeState
                0x080014bc        0xc ./Core/Src/esp01.o
                0x080014bc                ESP01_AttachChangeState
 .text.ESP01_AttachDebugStr
                0x080014c8        0xc ./Core/Src/esp01.o
                0x080014c8                ESP01_AttachDebugStr
 .text.USBRxData
                0x080014d4       0x2c ./Core/Src/main.o
                0x080014d4                USBRxData
 .text.fast_sin_x1000
                0x08001500       0x5c ./Core/Src/main.o
 .text.CHPD_Control
                0x0800155c       0x14 ./Core/Src/main.o
                0x0800155c                CHPD_Control
 .text.displayMemWrite
                0x08001570       0x24 ./Core/Src/main.o
                0x08001570                displayMemWrite
 .text.mpuMemWrite
                0x08001594        0x4 ./Core/Src/main.o
                0x08001594                mpuMemWrite
 .text.displayMemWriteDMA
                0x08001598       0x1c ./Core/Src/main.o
                0x08001598                displayMemWriteDMA
 .text.mpuMemReadDMA
                0x080015b4       0x1c ./Core/Src/main.o
                0x080015b4                mpuMemReadDMA
 .text.USART_SendByte
                0x080015d0       0x20 ./Core/Src/main.o
                0x080015d0                USART_SendByte
 .text.DebugESP01_To_USB
                0x080015f0       0x14 ./Core/Src/main.o
                0x080015f0                DebugESP01_To_USB
 .text.WiFi_Data_Callback
                0x08001604       0x70 ./Core/Src/main.o
                0x08001604                WiFi_Data_Callback
 .text.OnESP01ChangeState
                0x08001674       0x94 ./Core/Src/main.o
                0x08001674                OnESP01ChangeState
 .text.LUT_Interpolate.constprop.0
                0x08001708       0x50 ./Core/Src/main.o
 .text.HAL_ADC_ConvCpltCallback
                0x08001758       0x20 ./Core/Src/main.o
                0x08001758                HAL_ADC_ConvCpltCallback
 .text.HAL_I2C_MemTxCpltCallback
                0x08001778        0xc ./Core/Src/main.o
                0x08001778                HAL_I2C_MemTxCpltCallback
 .text.HAL_I2C_MemRxCpltCallback
                0x08001784        0xc ./Core/Src/main.o
                0x08001784                HAL_I2C_MemRxCpltCallback
 .text.HAL_TIM_PeriodElapsedCallback
                0x08001790       0xe4 ./Core/Src/main.o
                0x08001790                HAL_TIM_PeriodElapsedCallback
 .text.heartBeatTask
                0x08001874       0x48 ./Core/Src/main.o
                0x08001874                heartBeatTask
 .text.ssd1306Data
                0x080018bc      0x4ec ./Core/Src/main.o
                0x080018bc                ssd1306Data
 .text.i2cTask  0x08001da8      0x150 ./Core/Src/main.o
                0x08001da8                i2cTask
 .text.PWM_Control
                0x08001ef8       0x34 ./Core/Src/main.o
                0x08001ef8                PWM_Control
 .text.SetRobotMode
                0x08001f2c      0x1e4 ./Core/Src/main.o
                0x08001f2c                SetRobotMode
 .text.SetRobotModeRemote
                0x08002110       0x34 ./Core/Src/main.o
                0x08002110                SetRobotModeRemote
 .text.decodeCommand
                0x08002144     0x1150 ./Core/Src/main.o
                0x08002144                decodeCommand
 .text.COMMTask
                0x08003294       0x78 ./Core/Src/main.o
                0x08003294                COMMTask
 .text.softAPTask
                0x0800330c      0x3b8 ./Core/Src/main.o
                0x0800330c                softAPTask
 .text.initButton
                0x080036c4       0x10 ./Core/Src/main.o
                0x080036c4                initButton
 .text.updateMefTask
                0x080036d4       0x48 ./Core/Src/main.o
                0x080036d4                updateMefTask
 .text.buttonTimeout10ms
                0x0800371c       0x90 ./Core/Src/main.o
                0x0800371c                buttonTimeout10ms
 .text.do10ms   0x080037ac      0x20c ./Core/Src/main.o
                0x080037ac                do10ms
 .text.buttonTask
                0x080039b8       0xb8 ./Core/Src/main.o
                0x080039b8                buttonTask
 .text.ControlSeguimiento
                0x08003a70      0x290 ./Core/Src/main.o
                0x08003a70                ControlSeguimiento
 .text.Control_Balanceo
                0x08003d00       0x48 ./Core/Src/main.o
                0x08003d00                Control_Balanceo
 .text.Control_Joystick
                0x08003d48       0x44 ./Core/Src/main.o
                0x08003d48                Control_Joystick
 .text.Control_Esquivar
                0x08003d8c      0x410 ./Core/Src/main.o
                0x08003d8c                Control_Esquivar
 .text.NormalizeLineSensors
                0x0800419c       0x40 ./Core/Src/main.o
                0x0800419c                NormalizeLineSensors
 .text.HandleModeScreenTransition
                0x080041dc      0x1e0 ./Core/Src/main.o
                0x080041dc                HandleModeScreenTransition
 .text.SystemClock_Config
                0x080043bc       0x82 ./Core/Src/main.o
                0x080043bc                SystemClock_Config
 *fill*         0x0800443e        0x2 
 .text.HAL_UART_RxCpltCallback
                0x08004440       0x30 ./Core/Src/main.o
                0x08004440                HAL_UART_RxCpltCallback
 .text.HAL_UART_ErrorCallback
                0x08004470       0x2c ./Core/Src/main.o
                0x08004470                HAL_UART_ErrorCallback
 *fill*         0x0800449c        0x4 
 .text.Speed_IntegrationTask
                0x080044a0      0x290 ./Core/Src/main.o
                0x080044a0                Speed_IntegrationTask
 .text.PID_Calcular
                0x08004730      0x358 ./Core/Src/main.o
                0x08004730                PID_Calcular
 .text.PIDTask  0x08004a88      0x3b4 ./Core/Src/main.o
                0x08004a88                PIDTask
 .text.startup.main
                0x08004e3c      0x684 ./Core/Src/main.o
                0x08004e3c                main
 .text.Error_Handler
                0x080054c0        0x4 ./Core/Src/main.o
                0x080054c0                Error_Handler
 .text.mpu6050_WriteData
                0x080054c4       0x18 ./Core/Src/mpu6050.o
 .text.mpu6050_ADC_ConfCpltCallback
                0x080054dc        0xc ./Core/Src/mpu6050.o
                0x080054dc                mpu6050_ADC_ConfCpltCallback
 .text.mpu6050_Attach_MemWrite
                0x080054e8        0xc ./Core/Src/mpu6050.o
                0x080054e8                mpu6050_Attach_MemWrite
 .text.mpu6050_Attach_MemReadDMA
                0x080054f4        0xc ./Core/Src/mpu6050.o
                0x080054f4                mpu6050_Attach_MemReadDMA
 .text.mpu6050_Init
                0x08005500       0x52 ./Core/Src/mpu6050.o
                0x08005500                mpu6050_Init
 *fill*         0x08005552        0x2 
 .text.mpu6050_Reset_State
                0x08005554       0x1c ./Core/Src/mpu6050.o
                0x08005554                mpu6050_Reset_State
 .text.mpu6050_Read
                0x08005570       0x98 ./Core/Src/mpu6050.o
                0x08005570                mpu6050_Read
 .text.mpu6050_GetData
                0x08005608       0x50 ./Core/Src/mpu6050.o
                0x08005608                mpu6050_GetData
 .text.ssd1306_WriteCommand
                0x08005658       0x20 ./Core/Src/ssd1306.o
                0x08005658                ssd1306_WriteCommand
 .text.ssd1306_WriteCommandDMA
                0x08005678       0x20 ./Core/Src/ssd1306.o
                0x08005678                ssd1306_WriteCommandDMA
 .text.ssd1306_WriteData
                0x08005698       0x18 ./Core/Src/ssd1306.o
                0x08005698                ssd1306_WriteData
 .text.ssd1306_WriteDataDMA
                0x080056b0       0x18 ./Core/Src/ssd1306.o
                0x080056b0                ssd1306_WriteDataDMA
 .text.ssd1306_Attach_MemWriteDMA
                0x080056c8        0xc ./Core/Src/ssd1306.o
                0x080056c8                ssd1306_Attach_MemWriteDMA
 .text.ssd1306_Attach_MemWrite
                0x080056d4        0xc ./Core/Src/ssd1306.o
                0x080056d4                ssd1306_Attach_MemWrite
 .text.ssd1306_ADC_ConfCpltCallback
                0x080056e0        0xc ./Core/Src/ssd1306.o
                0x080056e0                ssd1306_ADC_ConfCpltCallback
 .text.ssd1306_Fill
                0x080056ec       0x18 ./Core/Src/ssd1306.o
                0x080056ec                ssd1306_Fill
 .text.ssd1306_UpdateScreen
                0x08005704       0x34 ./Core/Src/ssd1306.o
                0x08005704                ssd1306_UpdateScreen
 .text.ssd1306_UpdateScreenDMA
                0x08005738       0x84 ./Core/Src/ssd1306.o
                0x08005738                ssd1306_UpdateScreenDMA
 .text.ssd1306_ResetDMAState
                0x080057bc       0x24 ./Core/Src/ssd1306.o
                0x080057bc                ssd1306_ResetDMAState
 .text.ssd1306_DrawPixel
                0x080057e0       0x30 ./Core/Src/ssd1306.o
                0x080057e0                ssd1306_DrawPixel
 .text.ssd1306_WriteChar
                0x08005810       0xb8 ./Core/Src/ssd1306.o
                0x08005810                ssd1306_WriteChar
 .text.ssd1306_WriteString
                0x080058c8       0x2c ./Core/Src/ssd1306.o
                0x080058c8                ssd1306_WriteString
 .text.ssd1306_SetCursor
                0x080058f4        0xc ./Core/Src/ssd1306.o
                0x080058f4                ssd1306_SetCursor
 .text.ssd1306_Line
                0x08005900       0x8c ./Core/Src/ssd1306.o
                0x08005900                ssd1306_Line
 .text.ssd1306_DrawCircle
                0x0800598c       0x98 ./Core/Src/ssd1306.o
                0x0800598c                ssd1306_DrawCircle
 .text.ssd1306_FillCircle
                0x08005a24       0x92 ./Core/Src/ssd1306.o
                0x08005a24                ssd1306_FillCircle
 .text.ssd1306_FillRectangle
                0x08005ab6       0x54 ./Core/Src/ssd1306.o
                0x08005ab6                ssd1306_FillRectangle
 .text.ssd1306_SetContrast
                0x08005b0a       0x14 ./Core/Src/ssd1306.o
                0x08005b0a                ssd1306_SetContrast
 *fill*         0x08005b1e        0x2 
 .text.ssd1306_SetDisplayOn
                0x08005b20       0x18 ./Core/Src/ssd1306.o
                0x08005b20                ssd1306_SetDisplayOn
 .text.ssd1306_Init
                0x08005b38       0xc8 ./Core/Src/ssd1306.o
                0x08005b38                ssd1306_Init
 .text.HAL_MspInit
                0x08005c00       0x44 ./Core/Src/stm32f1xx_hal_msp.o
                0x08005c00                HAL_MspInit
 .text.HAL_ADC_MspInit
                0x08005c44       0xa4 ./Core/Src/stm32f1xx_hal_msp.o
                0x08005c44                HAL_ADC_MspInit
 .text.HAL_I2C_MspInit
                0x08005ce8       0xe8 ./Core/Src/stm32f1xx_hal_msp.o
                0x08005ce8                HAL_I2C_MspInit
 .text.HAL_I2C_MspDeInit
                0x08005dd0       0x54 ./Core/Src/stm32f1xx_hal_msp.o
                0x08005dd0                HAL_I2C_MspDeInit
 .text.HAL_TIM_Base_MspInit
                0x08005e24       0xf4 ./Core/Src/stm32f1xx_hal_msp.o
                0x08005e24                HAL_TIM_Base_MspInit
 .text.HAL_TIM_MspPostInit
                0x08005f18       0x64 ./Core/Src/stm32f1xx_hal_msp.o
                0x08005f18                HAL_TIM_MspPostInit
 .text.HAL_UART_MspInit
                0x08005f7c       0x88 ./Core/Src/stm32f1xx_hal_msp.o
                0x08005f7c                HAL_UART_MspInit
 .text.NMI_Handler
                0x08006004        0x2 ./Core/Src/stm32f1xx_it.o
                0x08006004                NMI_Handler
 .text.HardFault_Handler
                0x08006006        0x2 ./Core/Src/stm32f1xx_it.o
                0x08006006                HardFault_Handler
 .text.MemManage_Handler
                0x08006008        0x2 ./Core/Src/stm32f1xx_it.o
                0x08006008                MemManage_Handler
 .text.BusFault_Handler
                0x0800600a        0x2 ./Core/Src/stm32f1xx_it.o
                0x0800600a                BusFault_Handler
 .text.UsageFault_Handler
                0x0800600c        0x2 ./Core/Src/stm32f1xx_it.o
                0x0800600c                UsageFault_Handler
 .text.SVC_Handler
                0x0800600e        0x2 ./Core/Src/stm32f1xx_it.o
                0x0800600e                SVC_Handler
 .text.DebugMon_Handler
                0x08006010        0x2 ./Core/Src/stm32f1xx_it.o
                0x08006010                DebugMon_Handler
 .text.PendSV_Handler
                0x08006012        0x2 ./Core/Src/stm32f1xx_it.o
                0x08006012                PendSV_Handler
 .text.SysTick_Handler
                0x08006014        0x4 ./Core/Src/stm32f1xx_it.o
                0x08006014                SysTick_Handler
 .text.DMA1_Channel1_IRQHandler
                0x08006018        0xc ./Core/Src/stm32f1xx_it.o
                0x08006018                DMA1_Channel1_IRQHandler
 .text.DMA1_Channel4_IRQHandler
                0x08006024        0xc ./Core/Src/stm32f1xx_it.o
                0x08006024                DMA1_Channel4_IRQHandler
 .text.DMA1_Channel5_IRQHandler
                0x08006030        0xc ./Core/Src/stm32f1xx_it.o
                0x08006030                DMA1_Channel5_IRQHandler
 .text.ADC1_2_IRQHandler
                0x0800603c        0xc ./Core/Src/stm32f1xx_it.o
                0x0800603c                ADC1_2_IRQHandler
 .text.USB_HP_CAN1_TX_IRQHandler
                0x08006048        0xc ./Core/Src/stm32f1xx_it.o
                0x08006048                USB_HP_CAN1_TX_IRQHandler
 .text.USB_LP_CAN1_RX0_IRQHandler
                0x08006054        0x4 ./Core/Src/stm32f1xx_it.o
                0x08006054                USB_LP_CAN1_RX0_IRQHandler
 .text.TIM1_BRK_IRQHandler
                0x08006058        0xc ./Core/Src/stm32f1xx_it.o
                0x08006058                TIM1_BRK_IRQHandler
 .text.TIM1_UP_IRQHandler
                0x08006064        0x4 ./Core/Src/stm32f1xx_it.o
                0x08006064                TIM1_UP_IRQHandler
 .text.TIM1_TRG_COM_IRQHandler
                0x08006068        0x4 ./Core/Src/stm32f1xx_it.o
                0x08006068                TIM1_TRG_COM_IRQHandler
 .text.TIM1_CC_IRQHandler
                0x0800606c        0x4 ./Core/Src/stm32f1xx_it.o
                0x0800606c                TIM1_CC_IRQHandler
 .text.TIM2_IRQHandler
                0x08006070        0xc ./Core/Src/stm32f1xx_it.o
                0x08006070                TIM2_IRQHandler
 .text.TIM3_IRQHandler
                0x0800607c        0xc ./Core/Src/stm32f1xx_it.o
                0x0800607c                TIM3_IRQHandler
 .text.TIM4_IRQHandler
                0x08006088        0xc ./Core/Src/stm32f1xx_it.o
                0x08006088                TIM4_IRQHandler
 .text.I2C2_EV_IRQHandler
                0x08006094        0xc ./Core/Src/stm32f1xx_it.o
                0x08006094                I2C2_EV_IRQHandler
 .text.I2C2_ER_IRQHandler
                0x080060a0        0xc ./Core/Src/stm32f1xx_it.o
                0x080060a0                I2C2_ER_IRQHandler
 .text.USART1_IRQHandler
                0x080060ac        0xc ./Core/Src/stm32f1xx_it.o
                0x080060ac                USART1_IRQHandler
 .text._sbrk    0x080060b8       0x3c ./Core/Src/sysmem.o
                0x080060b8                _sbrk
 .text.SystemInit
                0x080060f4        0x2 ./Core/Src/system_stm32f1xx.o
                0x080060f4                SystemInit
 .text.unerPrtcl_Init
                0x080060f6       0x1a ./Core/Src/unerPrtcl.o
                0x080060f6                unerPrtcl_Init
 .text.unerPrtcl_PutHeaderOnTx
                0x08006110       0x90 ./Core/Src/unerPrtcl.o
                0x08006110                unerPrtcl_PutHeaderOnTx
 .text.unerPrtcl_PutByteOnTx
                0x080061a0       0x26 ./Core/Src/unerPrtcl.o
                0x080061a0                unerPrtcl_PutByteOnTx
 .text.unerPrtcl_PutStrOntx
                0x080061c6       0x4a ./Core/Src/unerPrtcl.o
                0x080061c6                unerPrtcl_PutStrOntx
 .text.unerPrtcl_GetByteFromRx
                0x08006210       0x1a ./Core/Src/unerPrtcl.o
                0x08006210                unerPrtcl_GetByteFromRx
 .text.unerPrtcl_DecodeHeader
                0x0800622a       0xbe ./Core/Src/unerPrtcl.o
                0x0800622a                unerPrtcl_DecodeHeader
 .text.WIREGFX_Graphics_DrawCube
                0x080062e8      0x100 ./Core/Src/wiregfx.o
                0x080062e8                WIREGFX_Graphics_DrawCube
 .text.WIREGFX_Graphics_DrawTesseract
                0x080063e8      0x118 ./Core/Src/wiregfx.o
                0x080063e8                WIREGFX_Graphics_DrawTesseract
 .text.WIREGFX_Graphics_DrawPyramid
                0x08006500      0x100 ./Core/Src/wiregfx.o
                0x08006500                WIREGFX_Graphics_DrawPyramid
 .text.WIREGFX_ResetCycle
                0x08006600       0x1c ./Core/Src/wiregfx.o
                0x08006600                WIREGFX_ResetCycle
 .text.WIREGFX_DisplayTask
                0x0800661c       0x64 ./Core/Src/wiregfx.o
                0x0800661c                WIREGFX_DisplayTask
 .text.Reset_Handler
                0x08006680       0x48 ./Core/Startup/startup_stm32f103c8tx.o
                0x08006680                Reset_Handler
 .text.Default_Handler
                0x080066c8        0x2 ./Core/Startup/startup_stm32f103c8tx.o
                0x080066c8                RTC_Alarm_IRQHandler
                0x080066c8                EXTI2_IRQHandler
                0x080066c8                PVD_IRQHandler
                0x080066c8                EXTI3_IRQHandler
                0x080066c8                EXTI0_IRQHandler
                0x080066c8                SPI1_IRQHandler
                0x080066c8                TAMPER_IRQHandler
                0x080066c8                USART3_IRQHandler
                0x080066c8                RTC_IRQHandler
                0x080066c8                DMA1_Channel7_IRQHandler
                0x080066c8                CAN1_RX1_IRQHandler
                0x080066c8                I2C1_EV_IRQHandler
                0x080066c8                DMA1_Channel6_IRQHandler
                0x080066c8                RCC_IRQHandler
                0x080066c8                Default_Handler
                0x080066c8                EXTI15_10_IRQHandler
                0x080066c8                EXTI9_5_IRQHandler
                0x080066c8                SPI2_IRQHandler
                0x080066c8                EXTI4_IRQHandler
                0x080066c8                DMA1_Channel3_IRQHandler
                0x080066c8                WWDG_IRQHandler
                0x080066c8                EXTI1_IRQHandler
                0x080066c8                USART2_IRQHandler
                0x080066c8                DMA1_Channel2_IRQHandler
                0x080066c8                CAN1_SCE_IRQHandler
                0x080066c8                FLASH_IRQHandler
                0x080066c8                I2C1_ER_IRQHandler
                0x080066c8                USBWakeUp_IRQHandler
 *fill*         0x080066ca        0x2 
 .text.HAL_InitTick
                0x080066cc       0x48 ./Drivers/STM32F1xx_HAL_Driver/Src/stm32f1xx_hal.o
                0x080066cc                HAL_InitTick
 .text.HAL_Init
                0x08006714       0x24 ./Drivers/STM32F1xx_HAL_Driver/Src/stm32f1xx_hal.o
                0x08006714                HAL_Init
 .text.HAL_IncTick
                0x08006738       0x18 ./Drivers/STM32F1xx_HAL_Driver/Src/stm32f1xx_hal.o
                0x08006738                HAL_IncTick
 .text.HAL_GetTick
                0x08006750        0xc ./Drivers/STM32F1xx_HAL_Driver/Src/stm32f1xx_hal.o
                0x08006750                HAL_GetTick
 .text.HAL_Delay
                0x0800675c       0x24 ./Drivers/STM32F1xx_HAL_Driver/Src/stm32f1xx_hal.o
                0x0800675c                HAL_Delay
 .text.ADC_DMAConvCplt
                0x08006780       0x4e ./Drivers/STM32F1xx_HAL_Driver/Src/stm32f1xx_hal_adc.o
                0x08006780                ADC_DMAConvCplt
 .text.HAL_ADC_ConvHalfCpltCallback
                0x080067ce        0x2 ./Drivers/STM32F1xx_HAL_Driver/Src/stm32f1xx_hal_adc.o
                0x080067ce                HAL_ADC_ConvHalfCpltCallback
 .text.ADC_DMAHalfConvCplt
                0x080067d0        0xa ./Drivers/STM32F1xx_HAL_Driver/Src/stm32f1xx_hal_adc.o
                0x080067d0                ADC_DMAHalfConvCplt
 .text.HAL_ADC_LevelOutOfWindowCallback
                0x080067da        0x2 ./Drivers/STM32F1xx_HAL_Driver/Src/stm32f1xx_hal_adc.o
                0x080067da                HAL_ADC_LevelOutOfWindowCallback
 .text.HAL_ADC_IRQHandler
                0x080067dc       0xe2 ./Drivers/STM32F1xx_HAL_Driver/Src/stm32f1xx_hal_adc.o
                0x080067dc                HAL_ADC_IRQHandler
 .text.HAL_ADC_ErrorCallback
                0x080068be        0x2 ./Drivers/STM32F1xx_HAL_Driver/Src/stm32f1xx_hal_adc.o
                0x080068be                HAL_ADC_ErrorCallback
 .text.ADC_DMAError
                0x080068c0       0x1a ./Drivers/STM32F1xx_HAL_Driver/Src/stm32f1xx_hal_adc.o
                0x080068c0                ADC_DMAError
 *fill*         0x080068da        0x2 
 .text.HAL_ADC_ConfigChannel
                0x080068dc       0xfc ./Drivers/STM32F1xx_HAL_Driver/Src/stm32f1xx_hal_adc.o
                0x080068dc                HAL_ADC_ConfigChannel
 .text.ADC_Enable
                0x080069d8       0x78 ./Drivers/STM32F1xx_HAL_Driver/Src/stm32f1xx_hal_adc.o
                0x080069d8                ADC_Enable
 .text.HAL_ADC_Start_DMA
                0x08006a50      0x118 ./Drivers/STM32F1xx_HAL_Driver/Src/stm32f1xx_hal_adc.o
                0x08006a50                HAL_ADC_Start_DMA
 .text.ADC_ConversionStop_Disable
                0x08006b68       0x4c ./Drivers/STM32F1xx_HAL_Driver/Src/stm32f1xx_hal_adc.o
                0x08006b68                ADC_ConversionStop_Disable
 .text.HAL_ADC_Init
                0x08006bb4       0xfc ./Drivers/STM32F1xx_HAL_Driver/Src/stm32f1xx_hal_adc.o
                0x08006bb4                HAL_ADC_Init
 .text.HAL_ADCEx_InjectedConvCpltCallback
                0x08006cb0        0x2 ./Drivers/STM32F1xx_HAL_Driver/Src/stm32f1xx_hal_adc_ex.o
                0x08006cb0                HAL_ADCEx_InjectedConvCpltCallback
 *fill*         0x08006cb2        0x2 
 .text.HAL_NVIC_SetPriorityGrouping
                0x08006cb4       0x24 ./Drivers/STM32F1xx_HAL_Driver/Src/stm32f1xx_hal_cortex.o
                0x08006cb4                HAL_NVIC_SetPriorityGrouping
 .text.HAL_NVIC_SetPriority
                0x08006cd8       0x60 ./Drivers/STM32F1xx_HAL_Driver/Src/stm32f1xx_hal_cortex.o
                0x08006cd8                HAL_NVIC_SetPriority
 .text.HAL_NVIC_EnableIRQ
                0x08006d38       0x1c ./Drivers/STM32F1xx_HAL_Driver/Src/stm32f1xx_hal_cortex.o
                0x08006d38                HAL_NVIC_EnableIRQ
 .text.HAL_NVIC_DisableIRQ
                0x08006d54       0x24 ./Drivers/STM32F1xx_HAL_Driver/Src/stm32f1xx_hal_cortex.o
                0x08006d54                HAL_NVIC_DisableIRQ
 .text.HAL_SYSTICK_Config
                0x08006d78       0x28 ./Drivers/STM32F1xx_HAL_Driver/Src/stm32f1xx_hal_cortex.o
                0x08006d78                HAL_SYSTICK_Config
 .text.HAL_DMA_Init
                0x08006da0       0x60 ./Drivers/STM32F1xx_HAL_Driver/Src/stm32f1xx_hal_dma.o
                0x08006da0                HAL_DMA_Init
 .text.HAL_DMA_DeInit
                0x08006e00       0x54 ./Drivers/STM32F1xx_HAL_Driver/Src/stm32f1xx_hal_dma.o
                0x08006e00                HAL_DMA_DeInit
 .text.HAL_DMA_Start_IT
                0x08006e54       0x78 ./Drivers/STM32F1xx_HAL_Driver/Src/stm32f1xx_hal_dma.o
                0x08006e54                HAL_DMA_Start_IT
 .text.HAL_DMA_Abort
                0x08006ecc       0x3e ./Drivers/STM32F1xx_HAL_Driver/Src/stm32f1xx_hal_dma.o
                0x08006ecc                HAL_DMA_Abort
 *fill*         0x08006f0a        0x2 
 .text.HAL_DMA_Abort_IT
                0x08006f0c       0x8c ./Drivers/STM32F1xx_HAL_Driver/Src/stm32f1xx_hal_dma.o
                0x08006f0c                HAL_DMA_Abort_IT
 .text.HAL_DMA_IRQHandler
                0x08006f98      0x128 ./Drivers/STM32F1xx_HAL_Driver/Src/stm32f1xx_hal_dma.o
                0x08006f98                HAL_DMA_IRQHandler
 .text.HAL_DMA_GetState
                0x080070c0        0x6 ./Drivers/STM32F1xx_HAL_Driver/Src/stm32f1xx_hal_dma.o
                0x080070c0                HAL_DMA_GetState
 *fill*         0x080070c6        0x2 
 .text.HAL_GPIO_Init
                0x080070c8      0x1a8 ./Drivers/STM32F1xx_HAL_Driver/Src/stm32f1xx_hal_gpio.o
                0x080070c8                HAL_GPIO_Init
 .text.HAL_GPIO_DeInit
                0x08007270       0xdc ./Drivers/STM32F1xx_HAL_Driver/Src/stm32f1xx_hal_gpio.o
                0x08007270                HAL_GPIO_DeInit
 .text.HAL_GPIO_ReadPin
                0x0800734c        0xc ./Drivers/STM32F1xx_HAL_Driver/Src/stm32f1xx_hal_gpio.o
                0x0800734c                HAL_GPIO_ReadPin
 .text.HAL_GPIO_WritePin
                0x08007358        0xa ./Drivers/STM32F1xx_HAL_Driver/Src/stm32f1xx_hal_gpio.o
                0x08007358                HAL_GPIO_WritePin
 .text.I2C_IsAcknowledgeFailed
                0x08007362       0x32 ./Drivers/STM32F1xx_HAL_Driver/Src/stm32f1xx_hal_i2c.o
 .text.I2C_WaitOnFlagUntilTimeout
                0x08007394       0x9c ./Drivers/STM32F1xx_HAL_Driver/Src/stm32f1xx_hal_i2c.o
 .text.I2C_WaitOnMasterAddressFlagUntilTimeout
                0x08007430       0x84 ./Drivers/STM32F1xx_HAL_Driver/Src/stm32f1xx_hal_i2c.o
 .text.I2C_WaitOnTXEFlagUntilTimeout
                0x080074b4       0x54 ./Drivers/STM32F1xx_HAL_Driver/Src/stm32f1xx_hal_i2c.o
 .text.I2C_RequestMemoryWrite
                0x08007508       0xb4 ./Drivers/STM32F1xx_HAL_Driver/Src/stm32f1xx_hal_i2c.o
 .text.I2C_RequestMemoryRead
                0x080075bc      0x104 ./Drivers/STM32F1xx_HAL_Driver/Src/stm32f1xx_hal_i2c.o
 .text.I2C_WaitOnBTFFlagUntilTimeout
                0x080076c0       0x54 ./Drivers/STM32F1xx_HAL_Driver/Src/stm32f1xx_hal_i2c.o
 .text.HAL_I2C_Init
                0x08007714      0x150 ./Drivers/STM32F1xx_HAL_Driver/Src/stm32f1xx_hal_i2c.o
                0x08007714                HAL_I2C_Init
 .text.HAL_I2C_DeInit
                0x08007864       0x32 ./Drivers/STM32F1xx_HAL_Driver/Src/stm32f1xx_hal_i2c.o
                0x08007864                HAL_I2C_DeInit
 *fill*         0x08007896        0x2 
 .text.HAL_I2C_Mem_Write
                0x08007898      0x120 ./Drivers/STM32F1xx_HAL_Driver/Src/stm32f1xx_hal_i2c.o
                0x08007898                HAL_I2C_Mem_Write
 .text.HAL_I2C_Mem_Write_DMA
                0x080079b8      0x18c ./Drivers/STM32F1xx_HAL_Driver/Src/stm32f1xx_hal_i2c.o
                0x080079b8                HAL_I2C_Mem_Write_DMA
 .text.HAL_I2C_Mem_Read_DMA
                0x08007b44      0x1d4 ./Drivers/STM32F1xx_HAL_Driver/Src/stm32f1xx_hal_i2c.o
                0x08007b44                HAL_I2C_Mem_Read_DMA
 .text.HAL_I2C_MasterTxCpltCallback
                0x08007d18        0x2 ./Drivers/STM32F1xx_HAL_Driver/Src/stm32f1xx_hal_i2c.o
                0x08007d18                HAL_I2C_MasterTxCpltCallback
 .text.HAL_I2C_MasterRxCpltCallback
                0x08007d1a        0x2 ./Drivers/STM32F1xx_HAL_Driver/Src/stm32f1xx_hal_i2c.o
                0x08007d1a                HAL_I2C_MasterRxCpltCallback
 .text.HAL_I2C_SlaveTxCpltCallback
                0x08007d1c        0x2 ./Drivers/STM32F1xx_HAL_Driver/Src/stm32f1xx_hal_i2c.o
                0x08007d1c                HAL_I2C_SlaveTxCpltCallback
 .text.HAL_I2C_SlaveRxCpltCallback
                0x08007d1e        0x2 ./Drivers/STM32F1xx_HAL_Driver/Src/stm32f1xx_hal_i2c.o
                0x08007d1e                HAL_I2C_SlaveRxCpltCallback
 .text.HAL_I2C_AddrCallback
                0x08007d20        0x2 ./Drivers/STM32F1xx_HAL_Driver/Src/stm32f1xx_hal_i2c.o
                0x08007d20                HAL_I2C_AddrCallback
 .text.HAL_I2C_ListenCpltCallback
                0x08007d22        0x2 ./Drivers/STM32F1xx_HAL_Driver/Src/stm32f1xx_hal_i2c.o
                0x08007d22                HAL_I2C_ListenCpltCallback
 .text.I2C_MemoryTransmit_TXE_BTF
                0x08007d24       0xb0 ./Drivers/STM32F1xx_HAL_Driver/Src/stm32f1xx_hal_i2c.o
 .text.HAL_I2C_ErrorCallback
                0x08007dd4        0x2 ./Drivers/STM32F1xx_HAL_Driver/Src/stm32f1xx_hal_i2c.o
                0x08007dd4                HAL_I2C_ErrorCallback
 .text.I2C_DMAError
                0x08007dd6       0x3a ./Drivers/STM32F1xx_HAL_Driver/Src/stm32f1xx_hal_i2c.o
 .text.I2C_DMAXferCplt
                0x08007e10      0x114 ./Drivers/STM32F1xx_HAL_Driver/Src/stm32f1xx_hal_i2c.o
 .text.HAL_I2C_AbortCpltCallback
                0x08007f24        0x2 ./Drivers/STM32F1xx_HAL_Driver/Src/stm32f1xx_hal_i2c.o
                0x08007f24                HAL_I2C_AbortCpltCallback
 *fill*         0x08007f26        0x2 
 .text.I2C_DMAAbort
                0x08007f28       0xc0 ./Drivers/STM32F1xx_HAL_Driver/Src/stm32f1xx_hal_i2c.o
 .text.I2C_ITError
                0x08007fe8      0x150 ./Drivers/STM32F1xx_HAL_Driver/Src/stm32f1xx_hal_i2c.o
 .text.HAL_I2C_EV_IRQHandler
                0x08008138      0x8b4 ./Drivers/STM32F1xx_HAL_Driver/Src/stm32f1xx_hal_i2c.o
                0x08008138                HAL_I2C_EV_IRQHandler
 .text.HAL_I2C_ER_IRQHandler
                0x080089ec      0x140 ./Drivers/STM32F1xx_HAL_Driver/Src/stm32f1xx_hal_i2c.o
                0x080089ec                HAL_I2C_ER_IRQHandler
 .text.HAL_I2C_GetState
                0x08008b2c        0x6 ./Drivers/STM32F1xx_HAL_Driver/Src/stm32f1xx_hal_i2c.o
                0x08008b2c                HAL_I2C_GetState
 .text.HAL_I2C_GetError
                0x08008b32        0x4 ./Drivers/STM32F1xx_HAL_Driver/Src/stm32f1xx_hal_i2c.o
                0x08008b32                HAL_I2C_GetError
 .text.HAL_PCD_Init
                0x08008b36       0xc6 ./Drivers/STM32F1xx_HAL_Driver/Src/stm32f1xx_hal_pcd.o
                0x08008b36                HAL_PCD_Init
 .text.HAL_PCD_Start
                0x08008bfc       0x32 ./Drivers/STM32F1xx_HAL_Driver/Src/stm32f1xx_hal_pcd.o
                0x08008bfc                HAL_PCD_Start
 .text.HAL_PCD_SetAddress
                0x08008c2e       0x26 ./Drivers/STM32F1xx_HAL_Driver/Src/stm32f1xx_hal_pcd.o
                0x08008c2e                HAL_PCD_SetAddress
 .text.HAL_PCD_IRQHandler
                0x08008c54      0x9b4 ./Drivers/STM32F1xx_HAL_Driver/Src/stm32f1xx_hal_pcd.o
                0x08008c54                HAL_PCD_IRQHandler
 .text.HAL_PCD_EP_Open
                0x08009608       0x60 ./Drivers/STM32F1xx_HAL_Driver/Src/stm32f1xx_hal_pcd.o
                0x08009608                HAL_PCD_EP_Open
 .text.HAL_PCD_EP_Close
                0x08009668       0x50 ./Drivers/STM32F1xx_HAL_Driver/Src/stm32f1xx_hal_pcd.o
                0x08009668                HAL_PCD_EP_Close
 .text.HAL_PCD_EP_Receive
                0x080096b8       0x2e ./Drivers/STM32F1xx_HAL_Driver/Src/stm32f1xx_hal_pcd.o
                0x080096b8                HAL_PCD_EP_Receive
 .text.HAL_PCD_EP_GetRxCount
                0x080096e6       0x10 ./Drivers/STM32F1xx_HAL_Driver/Src/stm32f1xx_hal_pcd.o
                0x080096e6                HAL_PCD_EP_GetRxCount
 .text.HAL_PCD_EP_Transmit
                0x080096f6       0x30 ./Drivers/STM32F1xx_HAL_Driver/Src/stm32f1xx_hal_pcd.o
                0x080096f6                HAL_PCD_EP_Transmit
 .text.HAL_PCD_EP_SetStall
                0x08009726       0x6c ./Drivers/STM32F1xx_HAL_Driver/Src/stm32f1xx_hal_pcd.o
                0x08009726                HAL_PCD_EP_SetStall
 .text.HAL_PCD_EP_ClrStall
                0x08009792       0x64 ./Drivers/STM32F1xx_HAL_Driver/Src/stm32f1xx_hal_pcd.o
                0x08009792                HAL_PCD_EP_ClrStall
 .text.HAL_PCDEx_PMAConfig
                0x080097f6       0x32 ./Drivers/STM32F1xx_HAL_Driver/Src/stm32f1xx_hal_pcd_ex.o
                0x080097f6                HAL_PCDEx_PMAConfig
 .text.HAL_RCC_OscConfig
                0x08009828      0x338 ./Drivers/STM32F1xx_HAL_Driver/Src/stm32f1xx_hal_rcc.o
                0x08009828                HAL_RCC_OscConfig
 .text.HAL_RCC_GetSysClockFreq
                0x08009b60       0x4c ./Drivers/STM32F1xx_HAL_Driver/Src/stm32f1xx_hal_rcc.o
                0x08009b60                HAL_RCC_GetSysClockFreq
 .text.HAL_RCC_ClockConfig
                0x08009bac      0x138 ./Drivers/STM32F1xx_HAL_Driver/Src/stm32f1xx_hal_rcc.o
                0x08009bac                HAL_RCC_ClockConfig
 .text.HAL_RCC_GetPCLK1Freq
                0x08009ce4       0x20 ./Drivers/STM32F1xx_HAL_Driver/Src/stm32f1xx_hal_rcc.o
                0x08009ce4                HAL_RCC_GetPCLK1Freq
 .text.HAL_RCC_GetPCLK2Freq
                0x08009d04       0x20 ./Drivers/STM32F1xx_HAL_Driver/Src/stm32f1xx_hal_rcc.o
                0x08009d04                HAL_RCC_GetPCLK2Freq
 .text.HAL_RCCEx_PeriphCLKConfig
                0x08009d24       0xf4 ./Drivers/STM32F1xx_HAL_Driver/Src/stm32f1xx_hal_rcc_ex.o
                0x08009d24                HAL_RCCEx_PeriphCLKConfig
 .text.TIM_OC1_SetConfig
                0x08009e18       0x50 ./Drivers/STM32F1xx_HAL_Driver/Src/stm32f1xx_hal_tim.o
 .text.TIM_OC3_SetConfig
                0x08009e68       0x54 ./Drivers/STM32F1xx_HAL_Driver/Src/stm32f1xx_hal_tim.o
 .text.TIM_OC4_SetConfig
                0x08009ebc       0x44 ./Drivers/STM32F1xx_HAL_Driver/Src/stm32f1xx_hal_tim.o
 .text.HAL_TIM_Base_Start_IT
                0x08009f00       0x54 ./Drivers/STM32F1xx_HAL_Driver/Src/stm32f1xx_hal_tim.o
                0x08009f00                HAL_TIM_Base_Start_IT
 .text.HAL_TIM_PWM_MspInit
                0x08009f54        0x2 ./Drivers/STM32F1xx_HAL_Driver/Src/stm32f1xx_hal_tim.o
                0x08009f54                HAL_TIM_PWM_MspInit
 .text.HAL_TIM_OC_DelayElapsedCallback
                0x08009f56        0x2 ./Drivers/STM32F1xx_HAL_Driver/Src/stm32f1xx_hal_tim.o
                0x08009f56                HAL_TIM_OC_DelayElapsedCallback
 .text.HAL_TIM_IC_CaptureCallback
                0x08009f58        0x2 ./Drivers/STM32F1xx_HAL_Driver/Src/stm32f1xx_hal_tim.o
                0x08009f58                HAL_TIM_IC_CaptureCallback
 .text.HAL_TIM_PWM_PulseFinishedCallback
                0x08009f5a        0x2 ./Drivers/STM32F1xx_HAL_Driver/Src/stm32f1xx_hal_tim.o
                0x08009f5a                HAL_TIM_PWM_PulseFinishedCallback
 .text.HAL_TIM_TriggerCallback
                0x08009f5c        0x2 ./Drivers/STM32F1xx_HAL_Driver/Src/stm32f1xx_hal_tim.o
                0x08009f5c                HAL_TIM_TriggerCallback
 .text.HAL_TIM_IRQHandler
                0x08009f5e      0x128 ./Drivers/STM32F1xx_HAL_Driver/Src/stm32f1xx_hal_tim.o
                0x08009f5e                HAL_TIM_IRQHandler
 *fill*         0x0800a086        0x2 
 .text.TIM_Base_SetConfig
                0x0800a088       0x64 ./Drivers/STM32F1xx_HAL_Driver/Src/stm32f1xx_hal_tim.o
                0x0800a088                TIM_Base_SetConfig
 .text.HAL_TIM_Base_Init
                0x0800a0ec       0x58 ./Drivers/STM32F1xx_HAL_Driver/Src/stm32f1xx_hal_tim.o
                0x0800a0ec                HAL_TIM_Base_Init
 .text.HAL_TIM_PWM_Init
                0x0800a144       0x58 ./Drivers/STM32F1xx_HAL_Driver/Src/stm32f1xx_hal_tim.o
                0x0800a144                HAL_TIM_PWM_Init
 .text.TIM_OC2_SetConfig
                0x0800a19c       0x58 ./Drivers/STM32F1xx_HAL_Driver/Src/stm32f1xx_hal_tim.o
                0x0800a19c                TIM_OC2_SetConfig
 .text.HAL_TIM_PWM_ConfigChannel
                0x0800a1f4       0xb0 ./Drivers/STM32F1xx_HAL_Driver/Src/stm32f1xx_hal_tim.o
                0x0800a1f4                HAL_TIM_PWM_ConfigChannel
 .text.TIM_ETR_SetConfig
                0x0800a2a4       0x14 ./Drivers/STM32F1xx_HAL_Driver/Src/stm32f1xx_hal_tim.o
                0x0800a2a4                TIM_ETR_SetConfig
 .text.HAL_TIM_ConfigClockSource
                0x0800a2b8      0x132 ./Drivers/STM32F1xx_HAL_Driver/Src/stm32f1xx_hal_tim.o
                0x0800a2b8                HAL_TIM_ConfigClockSource
 .text.TIM_SlaveTimer_SetConfig.constprop.0
                0x0800a3ea       0xbc ./Drivers/STM32F1xx_HAL_Driver/Src/stm32f1xx_hal_tim.o
 .text.HAL_TIM_SlaveConfigSynchro
                0x0800a4a6       0x4c ./Drivers/STM32F1xx_HAL_Driver/Src/stm32f1xx_hal_tim.o
                0x0800a4a6                HAL_TIM_SlaveConfigSynchro
 .text.TIM_CCxChannelCmd
                0x0800a4f2       0x1c ./Drivers/STM32F1xx_HAL_Driver/Src/stm32f1xx_hal_tim.o
                0x0800a4f2                TIM_CCxChannelCmd
 *fill*         0x0800a50e        0x2 
 .text.HAL_TIM_OC_Start
                0x0800a510       0x9c ./Drivers/STM32F1xx_HAL_Driver/Src/stm32f1xx_hal_tim.o
                0x0800a510                HAL_TIM_OC_Start
 .text.HAL_TIM_PWM_Start
                0x0800a5ac        0x4 ./Drivers/STM32F1xx_HAL_Driver/Src/stm32f1xx_hal_tim.o
                0x0800a5ac                HAL_TIM_PWM_Start
 .text.HAL_TIMEx_MasterConfigSynchronization
                0x0800a5b0       0x5c ./Drivers/STM32F1xx_HAL_Driver/Src/stm32f1xx_hal_tim_ex.o
                0x0800a5b0                HAL_TIMEx_MasterConfigSynchronization
 .text.HAL_TIMEx_CommutCallback
                0x0800a60c        0x2 ./Drivers/STM32F1xx_HAL_Driver/Src/stm32f1xx_hal_tim_ex.o
                0x0800a60c                HAL_TIMEx_CommutCallback
 .text.HAL_TIMEx_BreakCallback
                0x0800a60e        0x2 ./Drivers/STM32F1xx_HAL_Driver/Src/stm32f1xx_hal_tim_ex.o
                0x0800a60e                HAL_TIMEx_BreakCallback
 .text.UART_EndRxTransfer
                0x0800a610       0x5c ./Drivers/STM32F1xx_HAL_Driver/Src/stm32f1xx_hal_uart.o
 .text.UART_SetConfig
                0x0800a66c       0x74 ./Drivers/STM32F1xx_HAL_Driver/Src/stm32f1xx_hal_uart.o
 .text.HAL_UART_Init
                0x0800a6e0       0x5e ./Drivers/STM32F1xx_HAL_Driver/Src/stm32f1xx_hal_uart.o
                0x0800a6e0                HAL_UART_Init
 .text.HAL_UART_Transmit_IT
                0x0800a73e       0x32 ./Drivers/STM32F1xx_HAL_Driver/Src/stm32f1xx_hal_uart.o
                0x0800a73e                HAL_UART_Transmit_IT
 .text.HAL_UART_TxCpltCallback
                0x0800a770        0x2 ./Drivers/STM32F1xx_HAL_Driver/Src/stm32f1xx_hal_uart.o
                0x0800a770                HAL_UART_TxCpltCallback
 .text.UART_DMAAbortOnError
                0x0800a772       0x10 ./Drivers/STM32F1xx_HAL_Driver/Src/stm32f1xx_hal_uart.o
 .text.HAL_UARTEx_RxEventCallback
                0x0800a782        0x2 ./Drivers/STM32F1xx_HAL_Driver/Src/stm32f1xx_hal_uart.o
                0x0800a782                HAL_UARTEx_RxEventCallback
 .text.UART_Receive_IT.isra.0
                0x0800a784       0xb4 ./Drivers/STM32F1xx_HAL_Driver/Src/stm32f1xx_hal_uart.o
 .text.HAL_UART_IRQHandler
                0x0800a838      0x294 ./Drivers/STM32F1xx_HAL_Driver/Src/stm32f1xx_hal_uart.o
                0x0800a838                HAL_UART_IRQHandler
 .text.UART_Start_Receive_IT
                0x0800aacc       0x32 ./Drivers/STM32F1xx_HAL_Driver/Src/stm32f1xx_hal_uart.o
                0x0800aacc                UART_Start_Receive_IT
 .text.HAL_UART_Receive_IT
                0x0800aafe       0x22 ./Drivers/STM32F1xx_HAL_Driver/Src/stm32f1xx_hal_uart.o
                0x0800aafe                HAL_UART_Receive_IT
 .text.USB_CoreInit
                0x0800ab20        0xe ./Drivers/STM32F1xx_HAL_Driver/Src/stm32f1xx_ll_usb.o
                0x0800ab20                USB_CoreInit
 .text.USB_EnableGlobalInt
                0x0800ab2e       0x12 ./Drivers/STM32F1xx_HAL_Driver/Src/stm32f1xx_ll_usb.o
                0x0800ab2e                USB_EnableGlobalInt
 .text.USB_DisableGlobalInt
                0x0800ab40       0x14 ./Drivers/STM32F1xx_HAL_Driver/Src/stm32f1xx_ll_usb.o
                0x0800ab40                USB_DisableGlobalInt
 .text.USB_SetCurrentMode
                0x0800ab54        0x4 ./Drivers/STM32F1xx_HAL_Driver/Src/stm32f1xx_ll_usb.o
                0x0800ab54                USB_SetCurrentMode
 .text.USB_DevInit
                0x0800ab58       0x22 ./Drivers/STM32F1xx_HAL_Driver/Src/stm32f1xx_ll_usb.o
                0x0800ab58                USB_DevInit
 *fill*         0x0800ab7a        0x2 
 .text.USB_ActivateEndpoint
                0x0800ab7c      0x2c0 ./Drivers/STM32F1xx_HAL_Driver/Src/stm32f1xx_ll_usb.o
                0x0800ab7c                USB_ActivateEndpoint
 .text.USB_DeactivateEndpoint
                0x0800ae3c      0x1a6 ./Drivers/STM32F1xx_HAL_Driver/Src/stm32f1xx_ll_usb.o
                0x0800ae3c                USB_DeactivateEndpoint
 .text.USB_EPSetStall
                0x0800afe2       0x40 ./Drivers/STM32F1xx_HAL_Driver/Src/stm32f1xx_ll_usb.o
                0x0800afe2                USB_EPSetStall
 .text.USB_EPClearStall
                0x0800b022       0x92 ./Drivers/STM32F1xx_HAL_Driver/Src/stm32f1xx_ll_usb.o
                0x0800b022                USB_EPClearStall
 .text.USB_SetDevAddress
                0x0800b0b4        0xc ./Drivers/STM32F1xx_HAL_Driver/Src/stm32f1xx_ll_usb.o
                0x0800b0b4                USB_SetDevAddress
 .text.USB_DevConnect
                0x0800b0c0        0x4 ./Drivers/STM32F1xx_HAL_Driver/Src/stm32f1xx_ll_usb.o
                0x0800b0c0                USB_DevConnect
 .text.USB_DevDisconnect
                0x0800b0c4        0x4 ./Drivers/STM32F1xx_HAL_Driver/Src/stm32f1xx_ll_usb.o
                0x0800b0c4                USB_DevDisconnect
 .text.USB_ReadInterrupts
                0x0800b0c8        0x8 ./Drivers/STM32F1xx_HAL_Driver/Src/stm32f1xx_ll_usb.o
                0x0800b0c8                USB_ReadInterrupts
 .text.USB_EP0_OutStart
                0x0800b0d0        0x4 ./Drivers/STM32F1xx_HAL_Driver/Src/stm32f1xx_ll_usb.o
                0x0800b0d0                USB_EP0_OutStart
 .text.USB_WritePMA
                0x0800b0d4       0x20 ./Drivers/STM32F1xx_HAL_Driver/Src/stm32f1xx_ll_usb.o
                0x0800b0d4                USB_WritePMA
 .text.USB_EPStartXfer
                0x0800b0f4      0x462 ./Drivers/STM32F1xx_HAL_Driver/Src/stm32f1xx_ll_usb.o
                0x0800b0f4                USB_EPStartXfer
 .text.USB_ReadPMA
                0x0800b556       0x38 ./Drivers/STM32F1xx_HAL_Driver/Src/stm32f1xx_ll_usb.o
                0x0800b556                USB_ReadPMA
 .text.USBD_CDC_EP0_RxReady
                0x0800b58e       0x28 ./Middlewares/ST/STM32_USB_Device_Library/Class/CDC/Src/usbd_cdc.o
 *fill*         0x0800b5b6        0x2 
 .text.USBD_CDC_GetFSCfgDesc
                0x0800b5b8        0xc ./Middlewares/ST/STM32_USB_Device_Library/Class/CDC/Src/usbd_cdc.o
 .text.USBD_CDC_GetHSCfgDesc
                0x0800b5c4        0xc ./Middlewares/ST/STM32_USB_Device_Library/Class/CDC/Src/usbd_cdc.o
 .text.USBD_CDC_GetOtherSpeedCfgDesc
                0x0800b5d0        0xc ./Middlewares/ST/STM32_USB_Device_Library/Class/CDC/Src/usbd_cdc.o
 .text.USBD_CDC_GetDeviceQualifierDescriptor
                0x0800b5dc        0xc ./Middlewares/ST/STM32_USB_Device_Library/Class/CDC/Src/usbd_cdc.o
                0x0800b5dc                USBD_CDC_GetDeviceQualifierDescriptor
 .text.USBD_CDC_DataOut
                0x0800b5e8       0x2e ./Middlewares/ST/STM32_USB_Device_Library/Class/CDC/Src/usbd_cdc.o
 .text.USBD_CDC_DataIn
                0x0800b616       0x40 ./Middlewares/ST/STM32_USB_Device_Library/Class/CDC/Src/usbd_cdc.o
 .text.USBD_CDC_Setup
                0x0800b656       0xa2 ./Middlewares/ST/STM32_USB_Device_Library/Class/CDC/Src/usbd_cdc.o
 .text.USBD_CDC_DeInit
                0x0800b6f8       0x42 ./Middlewares/ST/STM32_USB_Device_Library/Class/CDC/Src/usbd_cdc.o
 .text.USBD_CDC_Init
                0x0800b73a       0x8c ./Middlewares/ST/STM32_USB_Device_Library/Class/CDC/Src/usbd_cdc.o
 .text.USBD_CDC_RegisterInterface
                0x0800b7c6        0xe ./Middlewares/ST/STM32_USB_Device_Library/Class/CDC/Src/usbd_cdc.o
                0x0800b7c6                USBD_CDC_RegisterInterface
 .text.USBD_CDC_SetTxBuffer
                0x0800b7d4       0x10 ./Middlewares/ST/STM32_USB_Device_Library/Class/CDC/Src/usbd_cdc.o
                0x0800b7d4                USBD_CDC_SetTxBuffer
 .text.USBD_CDC_SetRxBuffer
                0x0800b7e4        0xc ./Middlewares/ST/STM32_USB_Device_Library/Class/CDC/Src/usbd_cdc.o
                0x0800b7e4                USBD_CDC_SetRxBuffer
 .text.USBD_CDC_TransmitPacket
                0x0800b7f0       0x32 ./Middlewares/ST/STM32_USB_Device_Library/Class/CDC/Src/usbd_cdc.o
                0x0800b7f0                USBD_CDC_TransmitPacket
 .text.USBD_CDC_ReceivePacket
                0x0800b822       0x26 ./Middlewares/ST/STM32_USB_Device_Library/Class/CDC/Src/usbd_cdc.o
                0x0800b822                USBD_CDC_ReceivePacket
 .text.USBD_Init
                0x0800b848       0x2a ./Middlewares/ST/STM32_USB_Device_Library/Core/Src/usbd_core.o
                0x0800b848                USBD_Init
 .text.USBD_RegisterClass
                0x0800b872        0xe ./Middlewares/ST/STM32_USB_Device_Library/Core/Src/usbd_core.o
                0x0800b872                USBD_RegisterClass
 .text.USBD_Start
                0x0800b880        0xa ./Middlewares/ST/STM32_USB_Device_Library/Core/Src/usbd_core.o
                0x0800b880                USBD_Start
 .text.USBD_SetClassConfig
                0x0800b88a       0x1a ./Middlewares/ST/STM32_USB_Device_Library/Core/Src/usbd_core.o
                0x0800b88a                USBD_SetClassConfig
 .text.USBD_ClrClassConfig
                0x0800b8a4        0xe ./Middlewares/ST/STM32_USB_Device_Library/Core/Src/usbd_core.o
                0x0800b8a4                USBD_ClrClassConfig
 .text.USBD_LL_SetupStage
                0x0800b8b2       0x5a ./Middlewares/ST/STM32_USB_Device_Library/Core/Src/usbd_core.o
                0x0800b8b2                USBD_LL_SetupStage
 .text.USBD_LL_DataOutStage
                0x0800b90c       0x70 ./Middlewares/ST/STM32_USB_Device_Library/Core/Src/usbd_core.o
                0x0800b90c                USBD_LL_DataOutStage
 .text.USBD_LL_DataInStage
                0x0800b97c       0xb8 ./Middlewares/ST/STM32_USB_Device_Library/Core/Src/usbd_core.o
                0x0800b97c                USBD_LL_DataInStage
 .text.USBD_LL_Reset
                0x0800ba34       0x4e ./Middlewares/ST/STM32_USB_Device_Library/Core/Src/usbd_core.o
                0x0800ba34                USBD_LL_Reset
 .text.USBD_LL_SetSpeed
                0x0800ba82        0x6 ./Middlewares/ST/STM32_USB_Device_Library/Core/Src/usbd_core.o
                0x0800ba82                USBD_LL_SetSpeed
 .text.USBD_LL_Suspend
                0x0800ba88       0x12 ./Middlewares/ST/STM32_USB_Device_Library/Core/Src/usbd_core.o
                0x0800ba88                USBD_LL_Suspend
 .text.USBD_LL_Resume
                0x0800ba9a       0x14 ./Middlewares/ST/STM32_USB_Device_Library/Core/Src/usbd_core.o
                0x0800ba9a                USBD_LL_Resume
 .text.USBD_LL_SOF
                0x0800baae       0x18 ./Middlewares/ST/STM32_USB_Device_Library/Core/Src/usbd_core.o
                0x0800baae                USBD_LL_SOF
 .text.USBD_CtlError.constprop.0
                0x0800bac6       0x16 ./Middlewares/ST/STM32_USB_Device_Library/Core/Src/usbd_ctlreq.o
 .text.USBD_StdDevReq
                0x0800badc      0x290 ./Middlewares/ST/STM32_USB_Device_Library/Core/Src/usbd_ctlreq.o
                0x0800badc                USBD_StdDevReq
 .text.USBD_StdItfReq
                0x0800bd6c       0x48 ./Middlewares/ST/STM32_USB_Device_Library/Core/Src/usbd_ctlreq.o
                0x0800bd6c                USBD_StdItfReq
 .text.USBD_StdEPReq
                0x0800bdb4      0x118 ./Middlewares/ST/STM32_USB_Device_Library/Core/Src/usbd_ctlreq.o
                0x0800bdb4                USBD_StdEPReq
 .text.USBD_ParseSetupRequest
                0x0800becc       0x16 ./Middlewares/ST/STM32_USB_Device_Library/Core/Src/usbd_ctlreq.o
                0x0800becc                USBD_ParseSetupRequest
 .text.USBD_CtlError
                0x0800bee2       0x16 ./Middlewares/ST/STM32_USB_Device_Library/Core/Src/usbd_ctlreq.o
                0x0800bee2                USBD_CtlError
 .text.USBD_GetString
                0x0800bef8       0x38 ./Middlewares/ST/STM32_USB_Device_Library/Core/Src/usbd_ctlreq.o
                0x0800bef8                USBD_GetString
 .text.USBD_CtlSendData
                0x0800bf30       0x1a ./Middlewares/ST/STM32_USB_Device_Library/Core/Src/usbd_ioreq.o
                0x0800bf30                USBD_CtlSendData
 .text.USBD_CtlContinueSendData
                0x0800bf4a       0x10 ./Middlewares/ST/STM32_USB_Device_Library/Core/Src/usbd_ioreq.o
                0x0800bf4a                USBD_CtlContinueSendData
 .text.USBD_CtlPrepareRx
                0x0800bf5a       0x1a ./Middlewares/ST/STM32_USB_Device_Library/Core/Src/usbd_ioreq.o
                0x0800bf5a                USBD_CtlPrepareRx
 .text.USBD_CtlContinueRx
                0x0800bf74       0x10 ./Middlewares/ST/STM32_USB_Device_Library/Core/Src/usbd_ioreq.o
                0x0800bf74                USBD_CtlContinueRx
 .text.USBD_CtlSendStatus
                0x0800bf84       0x16 ./Middlewares/ST/STM32_USB_Device_Library/Core/Src/usbd_ioreq.o
                0x0800bf84                USBD_CtlSendStatus
 .text.USBD_CtlReceiveStatus
                0x0800bf9a       0x16 ./Middlewares/ST/STM32_USB_Device_Library/Core/Src/usbd_ioreq.o
                0x0800bf9a                USBD_CtlReceiveStatus
 .text.MX_USB_DEVICE_Init
                0x0800bfb0       0x50 ./USB_DEVICE/App/usb_device.o
                0x0800bfb0                MX_USB_DEVICE_Init
 .text.CDC_DeInit_FS
                0x0800c000        0x4 ./USB_DEVICE/App/usbd_cdc_if.o
 .text.CDC_Control_FS
                0x0800c004       0x48 ./USB_DEVICE/App/usbd_cdc_if.o
 .text.CDC_Receive_FS
                0x0800c04c       0x28 ./USB_DEVICE/App/usbd_cdc_if.o
 .text.CDC_Init_FS
                0x0800c074       0x24 ./USB_DEVICE/App/usbd_cdc_if.o
 .text.CDC_Transmit_FS
                0x0800c098       0x2c ./USB_DEVICE/App/usbd_cdc_if.o
                0x0800c098                CDC_Transmit_FS
 .text.CDC_Attach_Rx
                0x0800c0c4        0xc ./USB_DEVICE/App/usbd_cdc_if.o
                0x0800c0c4                CDC_Attach_Rx
 .text.USBD_FS_DeviceDescriptor
                0x0800c0d0        0xc ./USB_DEVICE/App/usbd_desc.o
                0x0800c0d0                USBD_FS_DeviceDescriptor
 .text.USBD_FS_LangIDStrDescriptor
                0x0800c0dc        0xc ./USB_DEVICE/App/usbd_desc.o
                0x0800c0dc                USBD_FS_LangIDStrDescriptor
 .text.IntToUnicode
                0x0800c0e8       0x2a ./USB_DEVICE/App/usbd_desc.o
 *fill*         0x0800c112        0x2 
 .text.USBD_FS_SerialStrDescriptor
                0x0800c114       0x3c ./USB_DEVICE/App/usbd_desc.o
                0x0800c114                USBD_FS_SerialStrDescriptor
 .text.USBD_FS_ManufacturerStrDescriptor
                0x0800c150       0x18 ./USB_DEVICE/App/usbd_desc.o
                0x0800c150                USBD_FS_ManufacturerStrDescriptor
 .text.USBD_FS_ProductStrDescriptor
                0x0800c168       0x18 ./USB_DEVICE/App/usbd_desc.o
                0x0800c168                USBD_FS_ProductStrDescriptor
 .text.USBD_FS_ConfigStrDescriptor
                0x0800c180       0x18 ./USB_DEVICE/App/usbd_desc.o
                0x0800c180                USBD_FS_ConfigStrDescriptor
 .text.USBD_FS_InterfaceStrDescriptor
                0x0800c198       0x18 ./USB_DEVICE/App/usbd_desc.o
                0x0800c198                USBD_FS_InterfaceStrDescriptor
 .text.USBD_Get_USB_Status
                0x0800c1b0        0xc ./USB_DEVICE/Target/usbd_conf.o
 .text.HAL_PCD_MspInit
                0x0800c1bc       0x50 ./USB_DEVICE/Target/usbd_conf.o
                0x0800c1bc                HAL_PCD_MspInit
 .text.HAL_PCD_SetupStageCallback
                0x0800c20c        0xc ./USB_DEVICE/Target/usbd_conf.o
                0x0800c20c                HAL_PCD_SetupStageCallback
 .text.HAL_PCD_DataOutStageCallback
                0x0800c218       0x12 ./USB_DEVICE/Target/usbd_conf.o
                0x0800c218                HAL_PCD_DataOutStageCallback
 .text.HAL_PCD_DataInStageCallback
                0x0800c22a       0x10 ./USB_DEVICE/Target/usbd_conf.o
                0x0800c22a                HAL_PCD_DataInStageCallback
 .text.HAL_PCD_SOFCallback
                0x0800c23a        0x8 ./USB_DEVICE/Target/usbd_conf.o
                0x0800c23a                HAL_PCD_SOFCallback
 .text.HAL_PCD_ResetCallback
                0x0800c242       0x24 ./USB_DEVICE/Target/usbd_conf.o
                0x0800c242                HAL_PCD_ResetCallback
 *fill*         0x0800c266        0x2 
 .text.HAL_PCD_SuspendCallback
                0x0800c268       0x20 ./USB_DEVICE/Target/usbd_conf.o
                0x0800c268                HAL_PCD_SuspendCallback
 .text.HAL_PCD_ResumeCallback
                0x0800c288        0x8 ./USB_DEVICE/Target/usbd_conf.o
                0x0800c288                HAL_PCD_ResumeCallback
 .text.USBD_LL_Init
                0x0800c290       0x80 ./USB_DEVICE/Target/usbd_conf.o
                0x0800c290                USBD_LL_Init
 .text.USBD_LL_Start
                0x0800c310       0x12 ./USB_DEVICE/Target/usbd_conf.o
                0x0800c310                USBD_LL_Start
 .text.USBD_LL_OpenEP
                0x0800c322       0x18 ./USB_DEVICE/Target/usbd_conf.o
                0x0800c322                USBD_LL_OpenEP
 .text.USBD_LL_CloseEP
                0x0800c33a       0x12 ./USB_DEVICE/Target/usbd_conf.o
                0x0800c33a                USBD_LL_CloseEP
 .text.USBD_LL_StallEP
                0x0800c34c       0x12 ./USB_DEVICE/Target/usbd_conf.o
                0x0800c34c                USBD_LL_StallEP
 .text.USBD_LL_ClearStallEP
                0x0800c35e       0x12 ./USB_DEVICE/Target/usbd_conf.o
                0x0800c35e                USBD_LL_ClearStallEP
 .text.USBD_LL_IsStallEP
                0x0800c370       0x22 ./USB_DEVICE/Target/usbd_conf.o
                0x0800c370                USBD_LL_IsStallEP
 .text.USBD_LL_SetUSBAddress
                0x0800c392       0x12 ./USB_DEVICE/Target/usbd_conf.o
                0x0800c392                USBD_LL_SetUSBAddress
 .text.USBD_LL_Transmit
                0x0800c3a4       0x12 ./USB_DEVICE/Target/usbd_conf.o
                0x0800c3a4                USBD_LL_Transmit
 .text.USBD_LL_PrepareReceive
                0x0800c3b6       0x12 ./USB_DEVICE/Target/usbd_conf.o
                0x0800c3b6                USBD_LL_PrepareReceive
 .text.USBD_LL_GetRxDataSize
                0x0800c3c8        0x8 ./USB_DEVICE/Target/usbd_conf.o
                0x0800c3c8                USBD_LL_GetRxDataSize
 .text.USBD_static_malloc
                0x0800c3d0        0x8 ./USB_DEVICE/Target/usbd_conf.o
                0x0800c3d0                USBD_static_malloc
 .text.USBD_static_free
                0x0800c3d8        0x2 ./USB_DEVICE/Target/usbd_conf.o
                0x0800c3d8                USBD_static_free
 .text.HAL_PCDEx_SetConnectionState
                0x0800c3da        0x2 ./USB_DEVICE/Target/usbd_conf.o
                0x0800c3da                HAL_PCDEx_SetConnectionState
 .text.__itoa   0x0800c3dc       0x30 C:/ST/STM32CubeIDE_2.1.0/STM32CubeIDE/plugins/com.st.stm32cube.ide.mcu.externaltools.gnu-tools-for-stm32.14.3.rel1.win32_1.0.100.202602081740/tools/bin/../lib/gcc/arm-none-eabi/14.3.1/../../../../arm-none-eabi/lib/thumb/v7-m/nofp\libc_nano.a(libc_a-itoa.o)
                0x0800c3dc                __itoa
 .text.itoa     0x0800c40c        0x4 C:/ST/STM32CubeIDE_2.1.0/STM32CubeIDE/plugins/com.st.stm32cube.ide.mcu.externaltools.gnu-tools-for-stm32.14.3.rel1.win32_1.0.100.202602081740/tools/bin/../lib/gcc/arm-none-eabi/14.3.1/../../../../arm-none-eabi/lib/thumb/v7-m/nofp\libc_nano.a(libc_a-itoa.o)
                0x0800c40c                itoa
 .text.__utoa   0x0800c410       0x84 C:/ST/STM32CubeIDE_2.1.0/STM32CubeIDE/plugins/com.st.stm32cube.ide.mcu.externaltools.gnu-tools-for-stm32.14.3.rel1.win32_1.0.100.202602081740/tools/bin/../lib/gcc/arm-none-eabi/14.3.1/../../../../arm-none-eabi/lib/thumb/v7-m/nofp\libc_nano.a(libc_a-utoa.o)
                0x0800c410                __utoa
 .text.snprintf
                0x0800c494       0x6c C:/ST/STM32CubeIDE_2.1.0/STM32CubeIDE/plugins/com.st.stm32cube.ide.mcu.externaltools.gnu-tools-for-stm32.14.3.rel1.win32_1.0.100.202602081740/tools/bin/../lib/gcc/arm-none-eabi/14.3.1/../../../../arm-none-eabi/lib/thumb/v7-m/nofp\libc_nano.a(libc_a-snprintf.o)
                0x0800c494                sniprintf
                0x0800c494                snprintf
 .text.memset   0x0800c500       0x10 C:/ST/STM32CubeIDE_2.1.0/STM32CubeIDE/plugins/com.st.stm32cube.ide.mcu.externaltools.gnu-tools-for-stm32.14.3.rel1.win32_1.0.100.202602081740/tools/bin/../lib/gcc/arm-none-eabi/14.3.1/../../../../arm-none-eabi/lib/thumb/v7-m/nofp\libc_nano.a(libc_a-memset.o)
                0x0800c500                memset
 .text.strchr   0x0800c510       0x1a C:/ST/STM32CubeIDE_2.1.0/STM32CubeIDE/plugins/com.st.stm32cube.ide.mcu.externaltools.gnu-tools-for-stm32.14.3.rel1.win32_1.0.100.202602081740/tools/bin/../lib/gcc/arm-none-eabi/14.3.1/../../../../arm-none-eabi/lib/thumb/v7-m/nofp\libc_nano.a(libc_a-strchr.o)
                0x0800c510                strchr
 .text.strncmp  0x0800c52a       0x24 C:/ST/STM32CubeIDE_2.1.0/STM32CubeIDE/plugins/com.st.stm32cube.ide.mcu.externaltools.gnu-tools-for-stm32.14.3.rel1.win32_1.0.100.202602081740/tools/bin/../lib/gcc/arm-none-eabi/14.3.1/../../../../arm-none-eabi/lib/thumb/v7-m/nofp\libc_nano.a(libc_a-strncmp.o)
                0x0800c52a                strncmp
 .text.strncpy  0x0800c54e       0x26 C:/ST/STM32CubeIDE_2.1.0/STM32CubeIDE/plugins/com.st.stm32cube.ide.mcu.externaltools.gnu-tools-for-stm32.14.3.rel1.win32_1.0.100.202602081740/tools/bin/../lib/gcc/arm-none-eabi/14.3.1/../../../../arm-none-eabi/lib/thumb/v7-m/nofp\libc_nano.a(libc_a-strncpy.o)
                0x0800c54e                strncpy
 .text.__errno  0x0800c574        0xc C:/ST/STM32CubeIDE_2.1.0/STM32CubeIDE/plugins/com.st.stm32cube.ide.mcu.externaltools.gnu-tools-for-stm32.14.3.rel1.win32_1.0.100.202602081740/tools/bin/../lib/gcc/arm-none-eabi/14.3.1/../../../../arm-none-eabi/lib/thumb/v7-m/nofp\libc_nano.a(libc_a-errno.o)
                0x0800c574                __errno
 .text.__libc_init_array
                0x0800c580       0x48 C:/ST/STM32CubeIDE_2.1.0/STM32CubeIDE/plugins/com.st.stm32cube.ide.mcu.externaltools.gnu-tools-for-stm32.14.3.rel1.win32_1.0.100.202602081740/tools/bin/../lib/gcc/arm-none-eabi/14.3.1/../../../../arm-none-eabi/lib/thumb/v7-m/nofp\libc_nano.a(libc_a-init.o)
                0x0800c580                __libc_init_array
 .text.__retarget_lock_acquire_recursive
                0x0800c5c8        0x2 C:/ST/STM32CubeIDE_2.1.0/STM32CubeIDE/plugins/com.st.stm32cube.ide.mcu.externaltools.gnu-tools-for-stm32.14.3.rel1.win32_1.0.100.202602081740/tools/bin/../lib/gcc/arm-none-eabi/14.3.1/../../../../arm-none-eabi/lib/thumb/v7-m/nofp\libc_nano.a(libc_a-lock.o)
                0x0800c5c8                __retarget_lock_acquire_recursive
 .text.__retarget_lock_release_recursive
                0x0800c5ca        0x2 C:/ST/STM32CubeIDE_2.1.0/STM32CubeIDE/plugins/com.st.stm32cube.ide.mcu.externaltools.gnu-tools-for-stm32.14.3.rel1.win32_1.0.100.202602081740/tools/bin/../lib/gcc/arm-none-eabi/14.3.1/../../../../arm-none-eabi/lib/thumb/v7-m/nofp\libc_nano.a(libc_a-lock.o)
                0x0800c5ca                __retarget_lock_release_recursive
 .text.strcpy   0x0800c5cc       0x10 C:/ST/STM32CubeIDE_2.1.0/STM32CubeIDE/plugins/com.st.stm32cube.ide.mcu.externaltools.gnu-tools-for-stm32.14.3.rel1.win32_1.0.100.202602081740/tools/bin/../lib/gcc/arm-none-eabi/14.3.1/../../../../arm-none-eabi/lib/thumb/v7-m/nofp\libc_nano.a(libc_a-strcpy.o)
                0x0800c5cc                strcpy
 .text.memcpy   0x0800c5dc       0x1c C:/ST/STM32CubeIDE_2.1.0/STM32CubeIDE/plugins/com.st.stm32cube.ide.mcu.externaltools.gnu-tools-for-stm32.14.3.rel1.win32_1.0.100.202602081740/tools/bin/../lib/gcc/arm-none-eabi/14.3.1/../../../../arm-none-eabi/lib/thumb/v7-m/nofp\libc_nano.a(libc_a-memcpy-stub.o)
                0x0800c5dc                memcpy
 .text._free_r  0x0800c5f8       0x90 C:/ST/STM32CubeIDE_2.1.0/STM32CubeIDE/plugins/com.st.stm32cube.ide.mcu.externaltools.gnu-tools-for-stm32.14.3.rel1.win32_1.0.100.202602081740/tools/bin/../lib/gcc/arm-none-eabi/14.3.1/../../../../arm-none-eabi/lib/thumb/v7-m/nofp\libc_nano.a(libc_a-freer.o)
                0x0800c5f8                _free_r
 .text.sbrk_aligned
                0x0800c688       0x44 C:/ST/STM32CubeIDE_2.1.0/STM32CubeIDE/plugins/com.st.stm32cube.ide.mcu.externaltools.gnu-tools-for-stm32.14.3.rel1.win32_1.0.100.202602081740/tools/bin/../lib/gcc/arm-none-eabi/14.3.1/../../../../arm-none-eabi/lib/thumb/v7-m/nofp\libc_nano.a(libc_a-mallocr.o)
 .text._malloc_r
                0x0800c6cc      0x100 C:/ST/STM32CubeIDE_2.1.0/STM32CubeIDE/plugins/com.st.stm32cube.ide.mcu.externaltools.gnu-tools-for-stm32.14.3.rel1.win32_1.0.100.202602081740/tools/bin/../lib/gcc/arm-none-eabi/14.3.1/../../../../arm-none-eabi/lib/thumb/v7-m/nofp\libc_nano.a(libc_a-mallocr.o)
                0x0800c6cc                _malloc_r
 .text.__malloc_lock
                0x0800c7cc        0xc C:/ST/STM32CubeIDE_2.1.0/STM32CubeIDE/plugins/com.st.stm32cube.ide.mcu.externaltools.gnu-tools-for-stm32.14.3.rel1.win32_1.0.100.202602081740/tools/bin/../lib/gcc/arm-none-eabi/14.3.1/../../../../arm-none-eabi/lib/thumb/v7-m/nofp\libc_nano.a(libc_a-mlock.o)
                0x0800c7cc                __malloc_lock
 .text.__malloc_unlock
                0x0800c7d8        0xc C:/ST/STM32CubeIDE_2.1.0/STM32CubeIDE/plugins/com.st.stm32cube.ide.mcu.externaltools.gnu-tools-for-stm32.14.3.rel1.win32_1.0.100.202602081740/tools/bin/../lib/gcc/arm-none-eabi/14.3.1/../../../../arm-none-eabi/lib/thumb/v7-m/nofp\libc_nano.a(libc_a-mlock.o)
                0x0800c7d8                __malloc_unlock
 .text.__ssputs_r
                0x0800c7e4       0xc0 C:/ST/STM32CubeIDE_2.1.0/STM32CubeIDE/plugins/com.st.stm32cube.ide.mcu.externaltools.gnu-tools-for-stm32.14.3.rel1.win32_1.0.100.202602081740/tools/bin/../lib/gcc/arm-none-eabi/14.3.1/../../../../arm-none-eabi/lib/thumb/v7-m/nofp\libc_nano.a(libc_a-nano-svfprintf.o)
                0x0800c7e4                __ssputs_r
 .text._svfprintf_r
                0x0800c8a4      0x1f0 C:/ST/STM32CubeIDE_2.1.0/STM32CubeIDE/plugins/com.st.stm32cube.ide.mcu.externaltools.gnu-tools-for-stm32.14.3.rel1.win32_1.0.100.202602081740/tools/bin/../lib/gcc/arm-none-eabi/14.3.1/../../../../arm-none-eabi/lib/thumb/v7-m/nofp\libc_nano.a(libc_a-nano-svfprintf.o)
                0x0800c8a4                _svfiprintf_r
                0x0800c8a4                _svfprintf_r
 .text._printf_common
                0x0800ca94       0xe4 C:/ST/STM32CubeIDE_2.1.0/STM32CubeIDE/plugins/com.st.stm32cube.ide.mcu.externaltools.gnu-tools-for-stm32.14.3.rel1.win32_1.0.100.202602081740/tools/bin/../lib/gcc/arm-none-eabi/14.3.1/../../../../arm-none-eabi/lib/thumb/v7-m/nofp\libc_nano.a(libc_a-nano-vfprintf_i.o)
                0x0800ca94                _printf_common
 .text._printf_i
                0x0800cb78      0x24c C:/ST/STM32CubeIDE_2.1.0/STM32CubeIDE/plugins/com.st.stm32cube.ide.mcu.externaltools.gnu-tools-for-stm32.14.3.rel1.win32_1.0.100.202602081740/tools/bin/../lib/gcc/arm-none-eabi/14.3.1/../../../../arm-none-eabi/lib/thumb/v7-m/nofp\libc_nano.a(libc_a-nano-vfprintf_i.o)
                0x0800cb78                _printf_i
 .text.memmove  0x0800cdc4       0x32 C:/ST/STM32CubeIDE_2.1.0/STM32CubeIDE/plugins/com.st.stm32cube.ide.mcu.externaltools.gnu-tools-for-stm32.14.3.rel1.win32_1.0.100.202602081740/tools/bin/../lib/gcc/arm-none-eabi/14.3.1/../../../../arm-none-eabi/lib/thumb/v7-m/nofp\libc_nano.a(libc_a-memmove.o)
                0x0800cdc4                memmove
 *fill*         0x0800cdf6        0x2 
 .text._sbrk_r  0x0800cdf8       0x20 C:/ST/STM32CubeIDE_2.1.0/STM32CubeIDE/plugins/com.st.stm32cube.ide.mcu.externaltools.gnu-tools-for-stm32.14.3.rel1.win32_1.0.100.202602081740/tools/bin/../lib/gcc/arm-none-eabi/14.3.1/../../../../arm-none-eabi/lib/thumb/v7-m/nofp\libc_nano.a(libc_a-sbrkr.o)
                0x0800cdf8                _sbrk_r
 .text.memchr   0x0800ce18       0x1c C:/ST/STM32CubeIDE_2.1.0/STM32CubeIDE/plugins/com.st.stm32cube.ide.mcu.externaltools.gnu-tools-for-stm32.14.3.rel1.win32_1.0.100.202602081740/tools/bin/../lib/gcc/arm-none-eabi/14.3.1/../../../../arm-none-eabi/lib/thumb/v7-m/nofp\libc_nano.a(libc_a-memchr-stub.o)
                0x0800ce18                memchr
 .text._realloc_r
                0x0800ce34       0x5c C:/ST/STM32CubeIDE_2.1.0/STM32CubeIDE/plugins/com.st.stm32cube.ide.mcu.externaltools.gnu-tools-for-stm32.14.3.rel1.win32_1.0.100.202602081740/tools/bin/../lib/gcc/arm-none-eabi/14.3.1/../../../../arm-none-eabi/lib/thumb/v7-m/nofp\libc_nano.a(libc_a-reallocr.o)
                0x0800ce34                _realloc_r
 .text._malloc_usable_size_r
                0x0800ce90       0x10 C:/ST/STM32CubeIDE_2.1.0/STM32CubeIDE/plugins/com.st.stm32cube.ide.mcu.externaltools.gnu-tools-for-stm32.14.3.rel1.win32_1.0.100.202602081740/tools/bin/../lib/gcc/arm-none-eabi/14.3.1/../../../../arm-none-eabi/lib/thumb/v7-m/nofp\libc_nano.a(libc_a-msizer.o)
                0x0800ce90                _malloc_usable_size_r
 *(.glue_7)
 .glue_7        0x0800cea0        0x0 linker stubs
 *(.glue_7t)
 .glue_7t       0x0800cea0        0x0 linker stubs
 *(.eh_frame)
 .eh_frame      0x0800cea0        0x0 C:/ST/STM32CubeIDE_2.1.0/STM32CubeIDE/plugins/com.st.stm32cube.ide.mcu.externaltools.gnu-tools-for-stm32.14.3.rel1.win32_1.0.100.202602081740/tools/bin/../lib/gcc/arm-none-eabi/14.3.1/thumb/v7-m/nofp/crtbegin.o
 *(.init)
 .init          0x0800cea0        0x4 C:/ST/STM32CubeIDE_2.1.0/STM32CubeIDE/plugins/com.st.stm32cube.ide.mcu.externaltools.gnu-tools-for-stm32.14.3.rel1.win32_1.0.100.202602081740/tools/bin/../lib/gcc/arm-none-eabi/14.3.1/thumb/v7-m/nofp/crti.o
                0x0800cea0                _init
 .init          0x0800cea4        0x8 C:/ST/STM32CubeIDE_2.1.0/STM32CubeIDE/plugins/com.st.stm32cube.ide.mcu.externaltools.gnu-tools-for-stm32.14.3.rel1.win32_1.0.100.202602081740/tools/bin/../lib/gcc/arm-none-eabi/14.3.1/thumb/v7-m/nofp/crtn.o
 *(.fini)
 .fini          0x0800ceac        0x4 C:/ST/STM32CubeIDE_2.1.0/STM32CubeIDE/plugins/com.st.stm32cube.ide.mcu.externaltools.gnu-tools-for-stm32.14.3.rel1.win32_1.0.100.202602081740/tools/bin/../lib/gcc/arm-none-eabi/14.3.1/thumb/v7-m/nofp/crti.o
                0x0800ceac                _fini
 .fini          0x0800ceb0        0x8 C:/ST/STM32CubeIDE_2.1.0/STM32CubeIDE/plugins/com.st.stm32cube.ide.mcu.externaltools.gnu-tools-for-stm32.14.3.rel1.win32_1.0.100.202602081740/tools/bin/../lib/gcc/arm-none-eabi/14.3.1/thumb/v7-m/nofp/crtn.o
                0x0800ceb8                        . = ALIGN (0x4)
                0x0800ceb8                        _etext = .

.vfp11_veneer   0x0800ceb8        0x0
 .vfp11_veneer  0x0800ceb8        0x0 linker stubs

.v4_bx          0x0800ceb8        0x0
 .v4_bx         0x0800ceb8        0x0 linker stubs

.iplt           0x0800ceb8        0x0
 .iplt          0x0800ceb8        0x0 C:/ST/STM32CubeIDE_2.1.0/STM32CubeIDE/plugins/com.st.stm32cube.ide.mcu.externaltools.gnu-tools-for-stm32.14.3.rel1.win32_1.0.100.202602081740/tools/bin/../lib/gcc/arm-none-eabi/14.3.1/thumb/v7-m/nofp/crtbegin.o

.rodata         0x0800ceb8     0x1f44
                0x0800ceb8                        . = ALIGN (0x4)
 *(.rodata)
 *(.rodata*)
 .rodata.ESP01_StartUDP.str1.1
                0x0800ceb8      0x40d ./Core/Src/esp01.o
                                  0x4 (size before relaxing)
 .rodata.ESP01_StartTCP.str1.1
                0x0800d2c5        0x4 ./Core/Src/esp01.o
 .rodata.ESP01_Send.str1.1
                0x0800d2c5       0x30 ./Core/Src/esp01.o
 .rodata.ESP01_Task.str1.1
                0x0800d2c5      0x163 ./Core/Src/esp01.o
 *fill*         0x0800d2c5        0x3 
 .rodata.responses
                0x0800d2c8       0x4c ./Core/Src/esp01.o
                0x0800d2c8                responses
 .rodata.respBUSYS
                0x0800d314        0xb ./Core/Src/esp01.o
                0x0800d314                respBUSYS
 .rodata.respBUSYP
                0x0800d31f        0xb ./Core/Src/esp01.o
                0x0800d31f                respBUSYP
 .rodata.respReady
                0x0800d32a        0xc ./Core/Src/esp01.o
                0x0800d32a                respReady
 .rodata.respIPD
                0x0800d336        0x9 ./Core/Src/esp01.o
                0x0800d336                respIPD
 .rodata.respBUSY
                0x0800d33f        0xb ./Core/Src/esp01.o
                0x0800d33f                respBUSY
 .rodata.respCIFSRAPIP
                0x0800d34a       0x11 ./Core/Src/esp01.o
                0x0800d34a                respCIFSRAPIP
 .rodata.respCLOSED
                0x0800d35b        0xd ./Core/Src/esp01.o
                0x0800d35b                respCLOSED
 .rodata.respCONNECT
                0x0800d368        0xe ./Core/Src/esp01.o
                0x0800d368                respCONNECT
 .rodata.respSENDOK
                0x0800d376        0xe ./Core/Src/esp01.o
                0x0800d376                respSENDOK
 .rodata.respDISCONNECTED
                0x0800d384       0x13 ./Core/Src/esp01.o
                0x0800d384                respDISCONNECTED
 .rodata.respWIFIDISCONNECTED
                0x0800d397       0x18 ./Core/Src/esp01.o
                0x0800d397                respWIFIDISCONNECTED
 .rodata.respWIFIDISCONNECT
                0x0800d3af       0x16 ./Core/Src/esp01.o
                0x0800d3af                respWIFIDISCONNECT
 .rodata.respWIFICONNECTED
                0x0800d3c5       0x15 ./Core/Src/esp01.o
                0x0800d3c5                respWIFICONNECTED
 .rodata.respWIFIGOTIP
                0x0800d3da       0x12 ./Core/Src/esp01.o
                0x0800d3da                respWIFIGOTIP
 .rodata.respERROR
                0x0800d3ec        0xc ./Core/Src/esp01.o
                0x0800d3ec                respERROR
 .rodata.respOK
                0x0800d3f8        0x9 ./Core/Src/esp01.o
                0x0800d3f8                respOK
 .rodata.respATp
                0x0800d401        0x8 ./Core/Src/esp01.o
                0x0800d401                respATp
 .rodata.respAT
                0x0800d409        0x8 ./Core/Src/esp01.o
                0x0800d409                respAT
 .rodata.ATCIPSERVER
                0x0800d411       0x10 ./Core/Src/esp01.o
                0x0800d411                ATCIPSERVER
 .rodata.ATCWDHCP
                0x0800d421       0x14 ./Core/Src/esp01.o
                0x0800d421                ATCWDHCP
 .rodata.ATCWSAP
                0x0800d435        0xe ./Core/Src/esp01.o
                0x0800d435                ATCWSAP
 .rodata.ATCIPSEND
                0x0800d443        0xc ./Core/Src/esp01.o
                0x0800d443                ATCIPSEND
 .rodata.ATCIPCLOSE
                0x0800d44f        0xe ./Core/Src/esp01.o
                0x0800d44f                ATCIPCLOSE
 .rodata.ATCIPSTART
                0x0800d45d        0xd ./Core/Src/esp01.o
                0x0800d45d                ATCIPSTART
 .rodata.ATCIFSR
                0x0800d46a        0xb ./Core/Src/esp01.o
                0x0800d46a                ATCIFSR
 .rodata.ATCWJAP
                0x0800d475        0xa ./Core/Src/esp01.o
                0x0800d475                ATCWJAP
 .rodata.ATCWMODE
                0x0800d47f        0xe ./Core/Src/esp01.o
                0x0800d47f                ATCWMODE
 .rodata.ATAT   0x0800d48d        0x5 ./Core/Src/esp01.o
                0x0800d48d                ATAT
 *fill*         0x0800d492        0x2 
 .rodata.Font_11x18
                0x0800d494        0xc ./Core/Src/fonts.o
                0x0800d494                Font_11x18
 .rodata.Font_7x10
                0x0800d4a0        0xc ./Core/Src/fonts.o
                0x0800d4a0                Font_7x10
 .rodata.Font11x18
                0x0800d4ac      0xd5c ./Core/Src/fonts.o
 .rodata.Font7x10
                0x0800e208      0x76c ./Core/Src/fonts.o
 .rodata.ssd1306Data.str1.1
                0x0800e974       0x45 ./Core/Src/main.o
 .rodata.softAPTask.str1.1
                0x0800e974       0x71 ./Core/Src/main.o
 .rodata.HandleModeScreenTransition.str1.1
                0x0800e974       0x76 ./Core/Src/main.o
 .rodata.LUT_Y_SCALE
                0x0800e974       0x20 ./Core/Src/main.o
                0x0800e974                LUT_Y_SCALE
 .rodata.LUT_PROMEDIO
                0x0800e994       0x20 ./Core/Src/main.o
                0x0800e994                LUT_PROMEDIO
 .rodata.LUT_IR5_DER
                0x0800e9b4       0x20 ./Core/Src/main.o
                0x0800e9b4                LUT_IR5_DER
 .rodata.LUT_IR3_CEN
                0x0800e9d4       0x20 ./Core/Src/main.o
                0x0800e9d4                LUT_IR3_CEN
 .rodata.LUT_IR1_IZQ
                0x0800e9f4       0x20 ./Core/Src/main.o
                0x0800e9f4                LUT_IR1_IZQ
 .rodata.str1.1
                0x0800ea14       0xc2 ./Core/Src/main.o
 .rodata.knownNetworks
                0x0800ea14       0x3c ./Core/Src/main.o
 .rodata.firmware
                0x0800ea50        0xd ./Core/Src/main.o
                0x0800ea50                firmware
 .rodata.APBPrescTable
                0x0800ea5d        0x8 ./Core/Src/system_stm32f1xx.o
                0x0800ea5d                APBPrescTable
 .rodata.AHBPrescTable
                0x0800ea65       0x10 ./Core/Src/system_stm32f1xx.o
                0x0800ea65                AHBPrescTable
 *fill*         0x0800ea75        0x3 
 .rodata.pyramid_edges
                0x0800ea78       0x40 ./Core/Src/wiregfx.o
 .rodata.pyramid_vertices
                0x0800eab8       0x1e ./Core/Src/wiregfx.o
 *fill*         0x0800ead6        0x2 
 .rodata.tesseract_edges
                0x0800ead8      0x100 ./Core/Src/wiregfx.o
 .rodata.tesseract_vertices
                0x0800ebd8       0x80 ./Core/Src/wiregfx.o
 .rodata.cube_edges
                0x0800ec58       0x60 ./Core/Src/wiregfx.o
 .rodata.cube_vertices
                0x0800ecb8       0x30 ./Core/Src/wiregfx.o
 .rodata.sin_LUT
                0x0800ece8      0x100 ./Core/Src/wiregfx.o
                0x0800ece8                sin_LUT
 .rodata.aPredivFactorTable.0
                0x0800ede8        0x2 ./Drivers/STM32F1xx_HAL_Driver/Src/stm32f1xx_hal_rcc.o
 .rodata.aPLLMULFactorTable.1
                0x0800edea       0x10 ./Drivers/STM32F1xx_HAL_Driver/Src/stm32f1xx_hal_rcc.o
 .rodata.USBD_FS_ManufacturerStrDescriptor.str1.1
                0x0800edfa       0x13 ./USB_DEVICE/App/usbd_desc.o
 .rodata.USBD_FS_ProductStrDescriptor.str1.1
                0x0800edfa       0x16 ./USB_DEVICE/App/usbd_desc.o
 .rodata.USBD_FS_ConfigStrDescriptor.str1.1
                0x0800edfa        0xb ./USB_DEVICE/App/usbd_desc.o
 .rodata.USBD_FS_InterfaceStrDescriptor.str1.1
                0x0800edfa        0xe ./USB_DEVICE/App/usbd_desc.o
 .rodata.__utoa.str1.1
                0x0800edfa       0x25 C:/ST/STM32CubeIDE_2.1.0/STM32CubeIDE/plugins/com.st.stm32cube.ide.mcu.externaltools.gnu-tools-for-stm32.14.3.rel1.win32_1.0.100.202602081740/tools/bin/../lib/gcc/arm-none-eabi/14.3.1/../../../../arm-none-eabi/lib/thumb/v7-m/nofp\libc_nano.a(libc_a-utoa.o)
 .rodata._svfprintf_r.str1.1
                0x0800edfa       0x11 C:/ST/STM32CubeIDE_2.1.0/STM32CubeIDE/plugins/com.st.stm32cube.ide.mcu.externaltools.gnu-tools-for-stm32.14.3.rel1.win32_1.0.100.202602081740/tools/bin/../lib/gcc/arm-none-eabi/14.3.1/../../../../arm-none-eabi/lib/thumb/v7-m/nofp\libc_nano.a(libc_a-nano-svfprintf.o)
 .rodata._printf_i.str1.1
                0x0800edfa       0x22 C:/ST/STM32CubeIDE_2.1.0/STM32CubeIDE/plugins/com.st.stm32cube.ide.mcu.externaltools.gnu-tools-for-stm32.14.3.rel1.win32_1.0.100.202602081740/tools/bin/../lib/gcc/arm-none-eabi/14.3.1/../../../../arm-none-eabi/lib/thumb/v7-m/nofp\libc_nano.a(libc_a-nano-vfprintf_i.o)
                0x0800ee20                        . = ALIGN (0x4)
 *fill*         0x0800edfa        0x2 

.ARM.extab      0x0800edfc        0x0
                0x0800edfc                        . = ALIGN (0x4)
 *(.ARM.extab* .gnu.linkonce.armextab.*)
                0x0800edfc                        . = ALIGN (0x4)

.ARM            0x0800edfc        0x8
                0x0800edfc                        . = ALIGN (0x4)
                0x0800edfc                        __exidx_start = .
 *(.ARM.exidx*)
 .ARM.exidx     0x0800edfc        0x8 C:/ST/STM32CubeIDE_2.1.0/STM32CubeIDE/plugins/com.st.stm32cube.ide.mcu.externaltools.gnu-tools-for-stm32.14.3.rel1.win32_1.0.100.202602081740/tools/bin/../lib/gcc/arm-none-eabi/14.3.1/../../../../arm-none-eabi/lib/thumb/v7-m/nofp\libc_nano.a(libc_a-strcmp.o)
 .ARM.exidx     0x0800ee04        0x0 C:/ST/STM32CubeIDE_2.1.0/STM32CubeIDE/plugins/com.st.stm32cube.ide.mcu.externaltools.gnu-tools-for-stm32.14.3.rel1.win32_1.0.100.202602081740/tools/bin/../lib/gcc/arm-none-eabi/14.3.1/../../../../arm-none-eabi/lib/thumb/v7-m/nofp\libc_nano.a(libc_a-strlen.o)
                                  0x8 (size before relaxing)
 .ARM.exidx     0x0800ee04        0x0 C:/ST/STM32CubeIDE_2.1.0/STM32CubeIDE/plugins/com.st.stm32cube.ide.mcu.externaltools.gnu-tools-for-stm32.14.3.rel1.win32_1.0.100.202602081740/tools/bin/../lib/gcc/arm-none-eabi/14.3.1/thumb/v7-m/nofp\libgcc.a(_udivmoddi4.o)
                                  0x8 (size before relaxing)
                0x0800ee04                        __exidx_end = .
                0x0800ee04                        . = ALIGN (0x4)

.preinit_array  0x0800ee04        0x0
                0x0800ee04                        . = ALIGN (0x4)
                0x0800ee04                        PROVIDE (__preinit_array_start = .)
 *(.preinit_array*)
                0x0800ee04                        PROVIDE (__preinit_array_end = .)
                0x0800ee04                        . = ALIGN (0x4)

.init_array     0x0800ee04        0x4
                0x0800ee04                        . = ALIGN (0x4)
                0x0800ee04                        PROVIDE (__init_array_start = .)
 *(SORT_BY_NAME(.init_array.*))
 *(.init_array*)
 .init_array    0x0800ee04        0x4 C:/ST/STM32CubeIDE_2.1.0/STM32CubeIDE/plugins/com.st.stm32cube.ide.mcu.externaltools.gnu-tools-for-stm32.14.3.rel1.win32_1.0.100.202602081740/tools/bin/../lib/gcc/arm-none-eabi/14.3.1/thumb/v7-m/nofp/crtbegin.o
                0x0800ee08                        PROVIDE (__init_array_end = .)
                0x0800ee08                        . = ALIGN (0x4)

.fini_array     0x0800ee08        0x4
                0x0800ee08                        . = ALIGN (0x4)
                [!provide]                        PROVIDE (__fini_array_start = .)
 *(SORT_BY_NAME(.fini_array.*))
 *(.fini_array*)
 .fini_array    0x0800ee08        0x4 C:/ST/STM32CubeIDE_2.1.0/STM32CubeIDE/plugins/com.st.stm32cube.ide.mcu.externaltools.gnu-tools-for-stm32.14.3.rel1.win32_1.0.100.202602081740/tools/bin/../lib/gcc/arm-none-eabi/14.3.1/thumb/v7-m/nofp/crtbegin.o
                [!provide]                        PROVIDE (__fini_array_end = .)
                0x0800ee0c                        . = ALIGN (0x4)
                0x0800ee0c                        _sidata = LOADADDR (.data)

.rel.dyn        0x0800ee0c        0x0
 .rel.iplt      0x0800ee0c        0x0 C:/ST/STM32CubeIDE_2.1.0/STM32CubeIDE/plugins/com.st.stm32cube.ide.mcu.externaltools.gnu-tools-for-stm32.14.3.rel1.win32_1.0.100.202602081740/tools/bin/../lib/gcc/arm-none-eabi/14.3.1/thumb/v7-m/nofp/crtbegin.o

.data           0x20000000      0x288 load address 0x0800ee0c
                0x20000000                        . = ALIGN (0x4)
                0x20000000                        _sdata = .
 *(.data)
 *(.data*)
 .data.esp01AP_PORT
                0x20000000        0x6 ./Core/Src/esp01.o
 .data.esp01AP_ENC
                0x20000006        0x2 ./Core/Src/esp01.o
 .data.esp01AP_CH
                0x20000008        0x3 ./Core/Src/esp01.o
 .data.esp01PROTO
                0x2000000b        0x4 ./Core/Src/esp01.o
 .data.standby_next_state.10
                0x2000000f        0x1 ./Core/Src/main.o
 .data.cross_direction.12
                0x20000010        0x1 ./Core/Src/main.o
 .data.bufferTx.21
                0x20000011        0x9 ./Core/Src/main.o
 .data.bufferTx.23
                0x2000001a        0x9 ./Core/Src/main.o
 *fill*         0x20000023        0x1 
 .data.movingOff
                0x20000024        0x2 ./Core/Src/main.o
                0x20000024                movingOff
 .data.staticOff
                0x20000026        0x2 ./Core/Src/main.o
                0x20000026                staticOff
 .data.Kd_frontal
                0x20000028        0x4 ./Core/Src/main.o
                0x20000028                Kd_frontal
 .data.Kd_anticipo
                0x2000002c        0x4 ./Core/Src/main.o
                0x2000002c                Kd_anticipo
 .data.Kp_pared
                0x20000030        0x4 ./Core/Src/main.o
                0x20000030                Kp_pared
 .data.obs_align_dist
                0x20000034        0x2 ./Core/Src/main.o
                0x20000034                obs_align_dist
 .data.obs_stop_cycles
                0x20000036        0x2 ./Core/Src/main.o
                0x20000036                obs_stop_cycles
 .data.obs_side_dist
                0x20000038        0x2 ./Core/Src/main.o
                0x20000038                obs_side_dist
 .data.obs_lost_dist
                0x2000003a        0x2 ./Core/Src/main.o
                0x2000003a                obs_lost_dist
 .data.obs_corner_dist
                0x2000003c        0x2 ./Core/Src/main.o
                0x2000003c                obs_corner_dist
 .data.obs_detect_dist
                0x2000003e        0x2 ./Core/Src/main.o
                0x2000003e                obs_detect_dist
 .data.dodge_bias_mult
                0x20000040        0x2 ./Core/Src/main.o
                0x20000040                dodge_bias_mult
 .data.dodge_bias_time
                0x20000042        0x2 ./Core/Src/main.o
                0x20000042                dodge_bias_time
 .data.dodge_direction
                0x20000044        0x1 ./Core/Src/main.o
                0x20000044                dodge_direction
 .data.search_direction
                0x20000045        0x1 ./Core/Src/main.o
                0x20000045                search_direction
 .data.turn_limit
                0x20000046        0x2 ./Core/Src/main.o
                0x20000046                turn_limit
 .data.vel_damp_limit
                0x20000048        0x2 ./Core/Src/main.o
                0x20000048                vel_damp_limit
 .data.vel_damp_div
                0x2000004a        0x2 ./Core/Src/main.o
                0x2000004a                vel_damp_div
 .data.custom_turn
                0x2000004c        0x2 ./Core/Src/main.o
                0x2000004c                custom_turn
 .data.Kp_line_backup
                0x2000004e        0x2 ./Core/Src/main.o
                0x2000004e                Kp_line_backup
 .data.Kq_line  0x20000050        0x2 ./Core/Src/main.o
                0x20000050                Kq_line
 .data.Kp_line  0x20000052        0x2 ./Core/Src/main.o
                0x20000052                Kp_line
 .data.alfa_lpf
                0x20000054        0x2 ./Core/Src/main.o
                0x20000054                alfa_lpf
 .data.Ki_ext   0x20000056        0x2 ./Core/Src/main.o
                0x20000056                Ki_ext