../Core/Src/esp01.c:1053:13:ESP01StrToBufTX	12	static
../Core/Src/esp01.c:1061:13:ESP01ByteToBufTX	8	static
../Core/Src/esp01.c:157:6:ESP01_SetWIFI	16	static
../Core/Src/esp01.c:184:6:ESP01_SetWebServer	24	static
../Core/Src/esp01.c:213:9:ESP01_GetLastConnID	0	static
../Core/Src/esp01.c:218:15:ESP01_StartUDP	16	static
../Core/Src/esp01.c:244:15:ESP01_StartTCP	16	static
../Core/Src/esp01.c:271:6:ESP01_CloseUDPTCP	0	static
../Core/Src/esp01.c:278:15:ESP01_StateWIFI	0	static
../Core/Src/esp01.c:288:7:ESP01_GetLocalIP	0	static
../Core/Src/esp01.c:296:15:ESP01_StateUDPTCP	0	static
../Core/Src/esp01.c:307:6:ESP01_WriteRX	8	static
../Core/Src/esp01.c:315:15:ESP01_Send	48	static
../Core/Src/esp01.c:372:6:ESP01_Init	0	static
../Core/Src/esp01.c:390:6:ESP01_Timeout10ms	0	static
../Core/Src/esp01.c:415:6:ESP01_Task	48	static
../Core/Src/esp01.c:426:6:ESP01_AttachChangeState	0	static
../Core/Src/esp01.c:430:6:ESP01_AttachDebugStr	0	static
../Core/Src/esp01.c:434:5:ESP01_IsHDRRST	0	static
