../Core/Src/main.c:587:6:USBRxData	20	static
../Core/Src/main.c:1534:6:CHPD_Control	0	static
../Core/Src/main.c:1281:6:displayMemWrite	24	static
../Core/Src/main.c:1289:6:mpuMemWrite	0	static
../Core/Src/main.c:1285:6:displayMemWriteDMA	16	static
../Core/Src/main.c:1293:6:mpuMemReadDMA	16	static
../Core/Src/main.c:1545:5:USART_SendByte	16	static
../Core/Src/main.c:1563:6:DebugESP01_To_USB	8	static
../Core/Src/main.c:1569:6:WiFi_Data_Callback	8	static
../Core/Src/main.c:1760:6:OnESP01ChangeState	8	static
../Core/Src/main.c:2660:17:LUT_Interpolate.constprop	12	static
../Core/Src/main.c:534:6:HAL_ADC_ConvCpltCallback	0	static
../Core/Src/main.c:541:6:HAL_I2C_MemTxCpltCallback	0	static
../Core/Src/main.c:545:6:HAL_I2C_MemRxCpltCallback	0	static
../Core/Src/main.c:549:6:HAL_TIM_PeriodElapsedCallback	8	static
../Core/Src/main.c:626:6:SetRobotMode	8	static
../Core/Src/main.c:686:6:SetRobotModeRemote	0	static
../Core/Src/main.c:703:6:decodeCommand	88	static
../Core/Src/main.c:596:6:COMMTask	288	static
../Core/Src/main.c:1266:6:heartBeatTask	8	static
../Core/Src/main.c:1297:6:ssd1306Data	64	static
../Core/Src/main.c:1413:6:i2cTask	24	static
../Core/Src/main.c:1508:6:PWM_Control	0	static
../Core/Src/main.c:1558:6:FeedRxBuf	0	static
../Core/Src/main.c:1623:15:sendJSONTelemetry	120	static
../Core/Src/main.c:1678:15:sendHTMLForm	16	static
../Core/Src/main.c:1691:15:sendHTTPOKPage	16	static
../Core/Src/main.c:1700:6:parseHTTPGetParams	32	static
../Core/Src/main.c:1789:6:httpTask	192	static
../Core/Src/main.c:1854:6:initButton	0	static
../Core/Src/main.c:1863:9:updateMefTask	0	static
../Core/Src/main.c:1900:6:buttonTimeout10ms	16	static
../Core/Src/main.c:1231:6:do10ms	24	static
../Core/Src/main.c:1954:6:buttonTask	16	static
../Core/Src/main.c:2005:6:LineFollowingMEF	24	static
../Core/Src/main.c:2693:6:NormalizeLineSensors	16	static
../Core/Src/main.c:2704:6:HandleModeScreenTransition	24	static
../Core/Src/main.c:2912:6:SystemClock_Config	88	static,ignoring_inline_asm
../Core/Src/main.c:3432:6:HAL_UART_RxCpltCallback	8	static
../Core/Src/main.c:3445:6:HAL_UART_ErrorCallback	0	static
../Core/Src/main.c:3465:6:Speed_IntegrationTask	56	static
../Core/Src/main.c:2154:6:PID_ControlTask	72	static
../Core/Src/main.c:2766:5:main	112	static,ignoring_inline_asm
../Core/Src/main.c:3612:6:Error_Handler	0	static,ignoring_inline_asm
