../Core/Src/main.c:584:6:USBRxData	2
../Core/Src/main.c:1439:6:CHPD_Control	1
../Core/Src/main.c:1182:6:displayMemWrite	1
../Core/Src/main.c:1190:6:mpuMemWrite	1
../Core/Src/main.c:1186:6:displayMemWriteDMA	1
../Core/Src/main.c:1194:6:mpuMemReadDMA	1
../Core/Src/main.c:1450:5:USART_SendByte	1
../Core/Src/main.c:1468:6:DebugESP01_To_USB	1
../Core/Src/main.c:1474:6:WiFi_Data_Callback	7
../Core/Src/main.c:1672:6:OnESP01ChangeState	3
../Core/Src/main.c:2660:17:LUT_Interpolate.constprop	6
../Core/Src/main.c:1518:13:format_yaw_deg.constprop	2
../Core/Src/main.c:1511:13:format_pitch_deg.constprop	2
../Core/Src/main.c:533:6:HAL_ADC_ConvCpltCallback	2
../Core/Src/main.c:540:6:HAL_I2C_MemTxCpltCallback	1
../Core/Src/main.c:544:6:HAL_I2C_MemRxCpltCallback	1
../Core/Src/main.c:548:6:HAL_TIM_PeriodElapsedCallback	10
../Core/Src/main.c:621:6:decodeCommand	52
../Core/Src/main.c:593:6:COMMTask	6
../Core/Src/main.c:1167:6:heartBeatTask	2
../Core/Src/main.c:1198:6:ssd1306Data	3
../Core/Src/main.c:1314:6:i2cTask	17
../Core/Src/main.c:1405:6:PWM_Control	1
../Core/Src/main.c:1463:6:FeedRxBuf	1
../Core/Src/main.c:1528:15:sendJSONTelemetry	1
../Core/Src/main.c:1552:15:sendHTMLForm	1
../Core/Src/main.c:1596:15:sendHTTPOKPage	1
../Core/Src/main.c:1612:6:parseHTTPGetParams	19
../Core/Src/main.c:1700:6:httpTask	14
../Core/Src/main.c:1765:6:initButton	1
../Core/Src/main.c:1774:9:updateMefTask	9
../Core/Src/main.c:1811:6:buttonTimeout10ms	9
../Core/Src/main.c:1136:6:do10ms	13
../Core/Src/main.c:1865:6:buttonTask	18
../Core/Src/main.c:1974:6:LineFollowingMEF	25
../Core/Src/main.c:2693:6:NormalizeLineSensors	1
../Core/Src/main.c:2704:6:HandleModeScreenTransition	9
../Core/Src/main.c:2898:6:SystemClock_Config	4
../Core/Src/main.c:3418:6:HAL_UART_RxCpltCallback	2
../Core/Src/main.c:3431:6:HAL_UART_ErrorCallback	2
../Core/Src/main.c:3451:6:Speed_IntegrationTask	7
../Core/Src/main.c:2149:6:PID_ControlTask	85
../Core/Src/main.c:2754:5:main	32
../Core/Src/main.c:3598:6:Error_Handler	1
