../Core/Src/main.c:592:6:USBRxData	20	static
../Core/Src/main.c:1564:6:CHPD_Control	0	static
../Core/Src/main.c:1311:6:displayMemWrite	24	static
../Core/Src/main.c:1319:6:mpuMemWrite	0	static
../Core/Src/main.c:1315:6:displayMemWriteDMA	16	static
../Core/Src/main.c:1323:6:mpuMemReadDMA	16	static
../Core/Src/main.c:1575:5:USART_SendByte	16	static
../Core/Src/main.c:1593:6:DebugESP01_To_USB	8	static
../Core/Src/main.c:1599:6:WiFi_Data_Callback	8	static
../Core/Src/main.c:1790:6:OnESP01ChangeState	8	static
../Core/Src/main.c:2732:17:LUT_Interpolate.constprop	12	static
../Core/Src/main.c:539:6:HAL_ADC_ConvCpltCallback	0	static
../Core/Src/main.c:546:6:HAL_I2C_MemTxCpltCallback	0	static
../Core/Src/main.c:550:6:HAL_I2C_MemRxCpltCallback	0	static
../Core/Src/main.c:554:6:HAL_TIM_PeriodElapsedCallback	8	static
../Core/Src/main.c:631:6:SetRobotMode	8	static
../Core/Src/main.c:701:6:SetRobotModeRemote	0	static
../Core/Src/main.c:713:6:decodeCommand	88	static
../Core/Src/main.c:601:6:COMMTask	288	static
../Core/Src/main.c:1296:6:heartBeatTask	8	static
../Core/Src/main.c:1327:6:ssd1306Data	64	static
../Core/Src/main.c:1443:6:i2cTask	24	static
../Core/Src/main.c:1538:6:PWM_Control	0	static
../Core/Src/main.c:1588:6:FeedRxBuf	0	static
../Core/Src/main.c:1653:15:sendJSONTelemetry	120	static
../Core/Src/main.c:1708:15:sendHTMLForm	16	static
../Core/Src/main.c:1721:15:sendHTTPOKPage	16	static
../Core/Src/main.c:1730:6:parseHTTPGetParams	32	static
../Core/Src/main.c:1819:6:httpTask	192	static
../Core/Src/main.c:1884:6:initButton	0	static
../Core/Src/main.c:1893:9:updateMefTask	0	static
../Core/Src/main.c:1930:6:buttonTimeout10ms	16	static
../Core/Src/main.c:1261:6:do10ms	24	static
../Core/Src/main.c:1984:6:buttonTask	16	static
../Core/Src/main.c:2036:6:LineFollowingMEF	24	static
../Core/Src/main.c:2765:6:NormalizeLineSensors	16	static
../Core/Src/main.c:2776:6:HandleModeScreenTransition	24	static
../Core/Src/main.c:2992:6:SystemClock_Config	88	static,ignoring_inline_asm
../Core/Src/main.c:3512:6:HAL_UART_RxCpltCallback	8	static
../Core/Src/main.c:3525:6:HAL_UART_ErrorCallback	0	static
../Core/Src/main.c:3545:6:Speed_IntegrationTask	56	static
../Core/Src/main.c:2185:6:PID_ControlTask	72	static
../Core/Src/main.c:2846:5:main	112	static,ignoring_inline_asm
../Core/Src/main.c:3692:6:Error_Handler	0	static,ignoring_inline_asm
