../Core/Src/main.c:592:6:USBRxData	2
../Core/Src/main.c:1564:6:CHPD_Control	1
../Core/Src/main.c:1311:6:displayMemWrite	1
../Core/Src/main.c:1319:6:mpuMemWrite	1
../Core/Src/main.c:1315:6:displayMemWriteDMA	1
../Core/Src/main.c:1323:6:mpuMemReadDMA	1
../Core/Src/main.c:1575:5:USART_SendByte	1
../Core/Src/main.c:1593:6:DebugESP01_To_USB	1
../Core/Src/main.c:1599:6:WiFi_Data_Callback	7
../Core/Src/main.c:1790:6:OnESP01ChangeState	4
../Core/Src/main.c:2732:17:LUT_Interpolate.constprop	6
../Core/Src/main.c:539:6:HAL_ADC_ConvCpltCallback	2
../Core/Src/main.c:546:6:HAL_I2C_MemTxCpltCallback	1
../Core/Src/main.c:550:6:HAL_I2C_MemRxCpltCallback	1
../Core/Src/main.c:554:6:HAL_TIM_PeriodElapsedCallback	15
../Core/Src/main.c:631:6:SetRobotMode	10
../Core/Src/main.c:701:6:SetRobotModeRemote	6
../Core/Src/main.c:713:6:decodeCommand	58
../Core/Src/main.c:601:6:COMMTask	6
../Core/Src/main.c:1296:6:heartBeatTask	2
../Core/Src/main.c:1327:6:ssd1306Data	3
../Core/Src/main.c:1443:6:i2cTask	18
../Core/Src/main.c:1538:6:PWM_Control	1
../Core/Src/main.c:1588:6:FeedRxBuf	1
../Core/Src/main.c:1653:15:sendJSONTelemetry	3
../Core/Src/main.c:1708:15:sendHTMLForm	1
../Core/Src/main.c:1721:15:sendHTTPOKPage	1
../Core/Src/main.c:1730:6:parseHTTPGetParams	19
../Core/Src/main.c:1819:6:httpTask	14
../Core/Src/main.c:1884:6:initButton	1
../Core/Src/main.c:1893:9:updateMefTask	9
../Core/Src/main.c:1930:6:buttonTimeout10ms	9
../Core/Src/main.c:1261:6:do10ms	15
../Core/Src/main.c:1984:6:buttonTask	16
../Core/Src/main.c:2036:6:LineFollowingMEF	20
../Core/Src/main.c:2765:6:NormalizeLineSensors	1
../Core/Src/main.c:2776:6:HandleModeScreenTransition	15
../Core/Src/main.c:2992:6:SystemClock_Config	4
../Core/Src/main.c:3512:6:HAL_UART_RxCpltCallback	2
../Core/Src/main.c:3525:6:HAL_UART_ErrorCallback	2
../Core/Src/main.c:3545:6:Speed_IntegrationTask	7
../Core/Src/main.c:2185:6:PID_ControlTask	96
../Core/Src/main.c:2846:5:main	33
../Core/Src/main.c:3692:6:Error_Handler	1
