../Core/Src/mpu6050.c:20:6:mpu6050_ADC_ConfCpltCallback	0	static
../Core/Src/mpu6050.c:24:6:mpu6050_Attach_MemWrite	0	static
../Core/Src/mpu6050.c:28:6:mpu6050_Attach_MemReadDMA	0	static
../Core/Src/mpu6050.c:34:6:mpu6050_WriteData	4	static
../Core/Src/mpu6050.c:39:6:mpu6050_ReadDataDMA	4	static
../Core/Src/mpu6050.c:45:6:mpu6050_Init	16	static
../Core/Src/mpu6050.c:76:6:mpu6050_Reset_State	0	static
../Core/Src/mpu6050.c:83:6:mpu6050_Read	8	static
../Core/Src/mpu6050.c:112:6:mpu6050_GetData	16	static
