../Core/Src/ssd1306.c:17:6:ssd1306_Reset	0	static
../Core/Src/ssd1306.c:22:6:ssd1306_WriteCommand	16	static
../Core/Src/ssd1306.c:27:6:ssd1306_WriteCommandDMA	16	static
../Core/Src/ssd1306.c:33:6:ssd1306_WriteData	4	static
../Core/Src/ssd1306.c:38:6:ssd1306_WriteDataDMA	4	static
../Core/Src/ssd1306.c:84:17:ssd1306_FillBuffer	8	static
../Core/Src/ssd1306.c:93:6:ssd1306_Attach_MemWriteDMA	0	static
../Core/Src/ssd1306.c:97:6:ssd1306_Attach_MemWrite	0	static
../Core/Src/ssd1306.c:101:6:ssd1306_ADC_ConfCpltCallback	0	static
../Core/Src/ssd1306.c:209:6:ssd1306_Fill	0	static
../Core/Src/ssd1306.c:214:6:ssd1306_UpdateScreen	16	static
../Core/Src/ssd1306.c:231:6:ssd1306_UpdateScreenDMA	16	static
../Core/Src/ssd1306.c:273:6:ssd1306_ResetDMAState	0	static
../Core/Src/ssd1306.c:287:6:ssd1306_DrawPixel	12	static
../Core/Src/ssd1306.c:307:6:ssd1306_WriteChar	72	static
../Core/Src/ssd1306.c:344:6:ssd1306_WriteString	40	static
../Core/Src/ssd1306.c:358:6:ssd1306_SetCursor	0	static
../Core/Src/ssd1306.c:364:6:ssd1306_Line	48	static
../Core/Src/ssd1306.c:391:6:ssd1306_Polyline	32	static
../Core/Src/ssd1306.c:515:6:ssd1306_DrawCircle	48	static
../Core/Src/ssd1306.c:550:6:ssd1306_FillCircle	48	static
../Core/Src/ssd1306.c:586:6:ssd1306_DrawRectangle	32	static
../Core/Src/ssd1306.c:596:6:ssd1306_FillRectangle	24	static
../Core/Src/ssd1306.c:610:17:ssd1306_InvertRectangle	28	static
../Core/Src/ssd1306.c:641:6:ssd1306_DrawBitmap	48	static
../Core/Src/ssd1306.c:665:6:ssd1306_SetContrast	8	static
../Core/Src/ssd1306.c:671:6:ssd1306_SetDisplayOn	0	static
../Core/Src/ssd1306.c:106:6:ssd1306_Init	8	static
../Core/Src/ssd1306.c:683:9:ssd1306_GetDisplayOn	0	static
