../Core/Src/stm32f1xx_hal_msp.c:69:6:HAL_MspInit	8	static
../Core/Src/stm32f1xx_hal_msp.c:96:6:HAL_ADC_MspInit	40	static
../Core/Src/stm32f1xx_hal_msp.c:157:6:HAL_ADC_MspDeInit	8	static
../Core/Src/stm32f1xx_hal_msp.c:198:6:HAL_I2C_MspInit	40	static
../Core/Src/stm32f1xx_hal_msp.c:272:6:HAL_I2C_MspDeInit	8	static
../Core/Src/stm32f1xx_hal_msp.c:310:6:HAL_TIM_Base_MspInit	24	static
../Core/Src/stm32f1xx_hal_msp.c:377:6:HAL_TIM_MspPostInit	32	static
../Core/Src/stm32f1xx_hal_msp.c:412:6:HAL_TIM_Base_MspDeInit	8	static
../Core/Src/stm32f1xx_hal_msp.c:482:6:HAL_UART_MspInit	32	static
../Core/Src/stm32f1xx_hal_msp.c:525:6:HAL_UART_MspDeInit	8	static
