../Core/Src/esp01.c:958:13:ESP01StrToBufTX	12	static
../Core/Src/esp01.c:966:13:ESP01ByteToBufTX	8	static
../Core/Src/esp01.c:150:6:ESP01_SetWIFI	16	static
../Core/Src/esp01.c:177:6:ESP01_SetWebServer	24	static
../Core/Src/esp01.c:206:9:ESP01_GetLastConnID	0	static
../Core/Src/esp01.c:211:15:ESP01_StartUDP	16	static
../Core/Src/esp01.c:237:15:ESP01_StartTCP	16	static
../Core/Src/esp01.c:264:6:ESP01_CloseUDPTCP	0	static
../Core/Src/esp01.c:271:15:ESP01_StateWIFI	0	static
../Core/Src/esp01.c:281:7:ESP01_GetLocalIP	0	static
../Core/Src/esp01.c:289:15:ESP01_StateUDPTCP	0	static
../Core/Src/esp01.c:300:6:ESP01_WriteRX	8	static
../Core/Src/esp01.c:308:15:ESP01_Send	48	static
../Core/Src/esp01.c:365:6:ESP01_Init	0	static
../Core/Src/esp01.c:383:6:ESP01_Timeout10ms	0	static
../Core/Src/esp01.c:408:6:ESP01_Task	40	static
../Core/Src/esp01.c:419:6:ESP01_AttachChangeState	0	static
../Core/Src/esp01.c:423:6:ESP01_AttachDebugStr	0	static
../Core/Src/esp01.c:427:5:ESP01_IsHDRRST	0	static
