../Core/Src/esp01.c:1153:13:ESP01StrToBufTX	12	static
../Core/Src/esp01.c:1161:13:ESP01ByteToBufTX	8	static
../Core/Src/esp01.c:159:6:ESP01_SetWIFI	16	static
../Core/Src/esp01.c:187:6:ESP01_SetSoftAP	32	static
../Core/Src/esp01.c:218:9:ESP01_GetLastConnID	0	static
../Core/Src/esp01.c:223:15:ESP01_StartUDP	16	static
../Core/Src/esp01.c:257:15:ESP01_StartTCP	16	static
../Core/Src/esp01.c:292:13:ESP01_GetProtocol	0	static
../Core/Src/esp01.c:296:6:ESP01_CloseUDPTCP	0	static
../Core/Src/esp01.c:303:15:ESP01_StateWIFI	0	static
../Core/Src/esp01.c:313:7:ESP01_GetLocalIP	0	static
../Core/Src/esp01.c:321:15:ESP01_StateUDPTCP	0	static
../Core/Src/esp01.c:339:6:ESP01_WriteRX	8	static
../Core/Src/esp01.c:358:15:ESP01_Send	48	static
../Core/Src/esp01.c:421:6:ESP01_Init	0	static
../Core/Src/esp01.c:445:6:ESP01_Timeout10ms	0	static
../Core/Src/esp01.c:496:6:ESP01_Task	40	static
../Core/Src/esp01.c:507:6:ESP01_AttachChangeState	0	static
../Core/Src/esp01.c:511:6:ESP01_AttachDebugStr	0	static
../Core/Src/esp01.c:515:5:ESP01_IsHDRRST	0	static
