../Core/Src/main.c:444:6:USBRxData	20	static
../Core/Src/main.c:1091:6:CHPD_Control	0	static
../Core/Src/main.c:883:6:displayMemWrite	24	static
../Core/Src/main.c:891:6:mpuMemWrite	0	static
../Core/Src/main.c:887:6:displayMemWriteDMA	16	static
../Core/Src/main.c:895:6:mpuMemReadDMA	16	static
../Core/Src/main.c:1102:5:USART_SendByte	16	static
../Core/Src/main.c:1120:6:DebugESP01_To_USB	8	static
../Core/Src/main.c:1126:6:WiFi_Data_Callback	8	static
../Core/Src/main.c:1255:6:OnESP01ChangeState	8	static
../Core/Src/main.c:404:6:HAL_ADC_ConvCpltCallback	0	static
../Core/Src/main.c:411:6:HAL_I2C_MemTxCpltCallback	0	static
../Core/Src/main.c:415:6:HAL_I2C_MemRxCpltCallback	0	static
../Core/Src/main.c:419:6:HAL_TIM_PeriodElapsedCallback	16	static
../Core/Src/main.c:481:6:decodeCommand	64	static
../Core/Src/main.c:453:6:COMMTask	288	static
../Core/Src/main.c:864:6:do100ms	0	static
../Core/Src/main.c:870:6:heartBeatTask	8	static
../Core/Src/main.c:899:6:ssd1306Data	40	static
../Core/Src/main.c:969:6:i2cTask	24	static
../Core/Src/main.c:1057:6:PWM_Control	0	static
../Core/Src/main.c:1115:6:FeedRxBuf	0	static
../Core/Src/main.c:1170:6:sendHTMLForm	16	static
../Core/Src/main.c:1189:6:sendHTTPOKPage	16	static
../Core/Src/main.c:1205:6:parseHTTPGetParams	32	static
../Core/Src/main.c:1283:6:httpTask	192	static
../Core/Src/main.c:1339:6:initButton	0	static
../Core/Src/main.c:1346:9:updateMefTask	0	static
../Core/Src/main.c:1382:6:buttonTimeout10ms	8	static
../Core/Src/main.c:793:6:do10ms	24	static
../Core/Src/main.c:1406:6:buttonTask	0	static
../Core/Src/main.c:1417:6:PID_ControlTask	48	static
../Core/Src/main.c:1973:6:SystemClock_Config	88	static,ignoring_inline_asm
../Core/Src/main.c:1833:5:main	104	static,ignoring_inline_asm
../Core/Src/main.c:2493:6:HAL_UART_RxCpltCallback	8	static
../Core/Src/main.c:2506:6:HAL_UART_ErrorCallback	0	static
../Core/Src/main.c:2527:6:Error_Handler	0	static,ignoring_inline_asm
