../Core/Src/main.c:716:6:USBRxData	20	static
../Core/Src/main.c:1746:6:CHPD_Control	0	static
../Core/Src/main.c:1493:6:displayMemWrite	24	static
../Core/Src/main.c:1501:6:mpuMemWrite	0	static
../Core/Src/main.c:1497:6:displayMemWriteDMA	16	static
../Core/Src/main.c:1505:6:mpuMemReadDMA	16	static
../Core/Src/main.c:1757:5:USART_SendByte	16	static
../Core/Src/main.c:1775:6:DebugESP01_To_USB	8	static
../Core/Src/main.c:1781:6:WiFi_Data_Callback	12	static
../Core/Src/main.c:1815:6:OnESP01ChangeState	8	static
../Core/Src/main.c:2900:17:LUT_Interpolate.constprop	12	static
../Core/Src/main.c:663:6:HAL_ADC_ConvCpltCallback	0	static
../Core/Src/main.c:670:6:HAL_I2C_MemTxCpltCallback	0	static
../Core/Src/main.c:674:6:HAL_I2C_MemRxCpltCallback	0	static
../Core/Src/main.c:678:6:HAL_TIM_PeriodElapsedCallback	8	static
../Core/Src/main.c:1478:6:heartBeatTask	8	static
../Core/Src/main.c:1509:6:ssd1306Data	64	static
../Core/Src/main.c:1625:6:i2cTask	24	static
../Core/Src/main.c:1720:6:PWM_Control	0	static
../Core/Src/main.c:755:6:SetRobotMode	16	static
../Core/Src/main.c:866:6:SetRobotModeRemote	0	static
../Core/Src/main.c:878:6:decodeCommand	88	static
../Core/Src/main.c:725:6:COMMTask	288	static
../Core/Src/main.c:1770:6:FeedRxBuf	0	static
../Core/Src/main.c:1845:6:softAPTask	96	static
../Core/Src/main.c:1985:6:initButton	0	static
../Core/Src/main.c:1994:9:updateMefTask	0	static
../Core/Src/main.c:2031:6:buttonTimeout10ms	16	static
../Core/Src/main.c:1429:6:do10ms	32	static
../Core/Src/main.c:2085:6:buttonTask	16	static
../Core/Src/main.c:2137:6:ControlSeguimiento	24	static
../Core/Src/main.c:2291:6:Control_Balanceo	8	static
../Core/Src/main.c:2312:6:Control_Joystick	0	static
../Core/Src/main.c:2335:6:Control_Esquivar	32	static
../Core/Src/main.c:2933:6:NormalizeLineSensors	16	static
../Core/Src/main.c:2944:6:HandleModeScreenTransition	24	static
../Core/Src/main.c:3170:6:SystemClock_Config	88	static,ignoring_inline_asm
../Core/Src/main.c:3690:6:HAL_UART_RxCpltCallback	8	static
../Core/Src/main.c:3703:6:HAL_UART_ErrorCallback	0	static
../Core/Src/main.c:3723:6:Speed_IntegrationTask	56	static
../Core/Src/main.c:2548:6:PID_Calcular	24	static
../Core/Src/main.c:2712:6:PIDTask	72	static
../Core/Src/main.c:3025:5:main	120	static,ignoring_inline_asm
../Core/Src/main.c:3900:6:Error_Handler	0	static,ignoring_inline_asm
