../Core/Src/main.c:718:6:USBRxData	20	static
../Core/Src/main.c:1761:6:CHPD_Control	0	static
../Core/Src/main.c:1508:6:displayMemWrite	24	static
../Core/Src/main.c:1516:6:mpuMemWrite	0	static
../Core/Src/main.c:1512:6:displayMemWriteDMA	16	static
../Core/Src/main.c:1520:6:mpuMemReadDMA	16	static
../Core/Src/main.c:1772:5:USART_SendByte	16	static
../Core/Src/main.c:1790:6:DebugESP01_To_USB	8	static
../Core/Src/main.c:1796:6:WiFi_Data_Callback	12	static
../Core/Src/main.c:1830:6:OnESP01ChangeState	8	static
../Core/Src/main.c:2933:17:LUT_Interpolate.constprop	12	static
../Core/Src/main.c:665:6:HAL_ADC_ConvCpltCallback	0	static
../Core/Src/main.c:672:6:HAL_I2C_MemTxCpltCallback	0	static
../Core/Src/main.c:676:6:HAL_I2C_MemRxCpltCallback	0	static
../Core/Src/main.c:680:6:HAL_TIM_PeriodElapsedCallback	8	static
../Core/Src/main.c:1493:6:heartBeatTask	8	static
../Core/Src/main.c:1524:6:ssd1306Data	64	static
../Core/Src/main.c:1640:6:i2cTask	24	static
../Core/Src/main.c:1735:6:PWM_Control	0	static
../Core/Src/main.c:757:6:SetRobotMode	16	static
../Core/Src/main.c:868:6:SetRobotModeRemote	0	static
../Core/Src/main.c:880:6:decodeCommand	88	static
../Core/Src/main.c:727:6:COMMTask	288	static
../Core/Src/main.c:1785:6:FeedRxBuf	0	static
../Core/Src/main.c:1860:6:softAPTask	96	static
../Core/Src/main.c:2018:6:initButton	0	static
../Core/Src/main.c:2027:9:updateMefTask	0	static
../Core/Src/main.c:2064:6:buttonTimeout10ms	16	static
../Core/Src/main.c:1439:6:do10ms	32	static
../Core/Src/main.c:2118:6:buttonTask	16	static
../Core/Src/main.c:2170:6:ControlSeguimiento	24	static
../Core/Src/main.c:2324:6:Control_Balanceo	8	static
../Core/Src/main.c:2345:6:Control_Joystick	0	static
../Core/Src/main.c:2368:6:Control_Esquivar	32	static
../Core/Src/main.c:2966:6:NormalizeLineSensors	16	static
../Core/Src/main.c:2977:6:HandleModeScreenTransition	24	static
../Core/Src/main.c:3203:6:SystemClock_Config	88	static,ignoring_inline_asm
../Core/Src/main.c:3723:6:HAL_UART_RxCpltCallback	8	static
../Core/Src/main.c:3736:6:HAL_UART_ErrorCallback	0	static
../Core/Src/main.c:3756:6:Speed_IntegrationTask	56	static
../Core/Src/main.c:2581:6:PID_Calcular	24	static
../Core/Src/main.c:2745:6:PIDTask	72	static
../Core/Src/main.c:3058:5:main	120	static,ignoring_inline_asm
../Core/Src/main.c:3933:6:Error_Handler	0	static,ignoring_inline_asm
