../Core/Src/main.c:284:6:USBRxData	20	static
../Core/Src/main.c:790:6:OnESP01ChangeState	0	static
../Core/Src/main.c:623:6:CHPD_Control	0	static
../Core/Src/main.c:452:6:displayMemWrite	24	static
../Core/Src/main.c:460:6:mpuMemWrite	0	static
../Core/Src/main.c:456:6:displayMemWriteDMA	16	static
../Core/Src/main.c:464:6:mpuMemReadDMA	16	static
../Core/Src/main.c:634:5:USART_SendByte	16	static
../Core/Src/main.c:653:6:DebugESP01_To_USB	8	static
../Core/Src/main.c:660:6:WiFi_Data_Callback	8	static
../Core/Src/main.c:244:6:HAL_ADC_ConvCpltCallback	0	static
../Core/Src/main.c:251:6:HAL_I2C_MemTxCpltCallback	0	static
../Core/Src/main.c:255:6:HAL_I2C_MemRxCpltCallback	0	static
../Core/Src/main.c:259:6:HAL_TIM_PeriodElapsedCallback	16	static
../Core/Src/main.c:315:6:decodeCommand	16	static
../Core/Src/main.c:293:6:COMMTask	288	static
../Core/Src/main.c:433:6:do100ms	0	static
../Core/Src/main.c:439:6:heartBeatTask	8	static
../Core/Src/main.c:468:6:ssd1306Data	40	static
../Core/Src/main.c:538:6:i2cTask	16	static
../Core/Src/main.c:589:6:PWM_Control	12	static
../Core/Src/main.c:647:6:FeedRxBuf	0	static
../Core/Src/main.c:705:6:sendHTMLForm	16	static
../Core/Src/main.c:724:6:sendHTTPOKPage	16	static
../Core/Src/main.c:740:6:parseHTTPGetParams	32	static
../Core/Src/main.c:804:6:httpTask	192	static
../Core/Src/main.c:863:6:initButton	0	static
../Core/Src/main.c:870:9:updateMefTask	0	static
../Core/Src/main.c:906:6:buttonTimeout10ms	8	static
../Core/Src/main.c:401:6:do10ms	24	static
../Core/Src/main.c:930:6:buttonTask	0	static
../Core/Src/main.c:1080:6:SystemClock_Config	88	static,ignoring_inline_asm
../Core/Src/main.c:947:5:main	104	static,ignoring_inline_asm
../Core/Src/main.c:1600:6:HAL_UART_RxCpltCallback	8	static
../Core/Src/main.c:1618:6:Error_Handler	0	static,ignoring_inline_asm
