../Core/Src/main.c:371:6:USBRxData	20	static
../Core/Src/main.c:1018:6:OnESP01ChangeState	0	static
../Core/Src/main.c:851:6:CHPD_Control	0	static
../Core/Src/main.c:677:6:displayMemWrite	24	static
../Core/Src/main.c:685:6:mpuMemWrite	0	static
../Core/Src/main.c:681:6:displayMemWriteDMA	16	static
../Core/Src/main.c:689:6:mpuMemReadDMA	16	static
../Core/Src/main.c:862:5:USART_SendByte	16	static
../Core/Src/main.c:881:6:DebugESP01_To_USB	8	static
../Core/Src/main.c:888:6:WiFi_Data_Callback	8	static
../Core/Src/main.c:331:6:HAL_ADC_ConvCpltCallback	0	static
../Core/Src/main.c:338:6:HAL_I2C_MemTxCpltCallback	0	static
../Core/Src/main.c:342:6:HAL_I2C_MemRxCpltCallback	0	static
../Core/Src/main.c:346:6:HAL_TIM_PeriodElapsedCallback	16	static
../Core/Src/main.c:402:6:decodeCommand	112	static
../Core/Src/main.c:380:6:COMMTask	288	static
../Core/Src/main.c:658:6:do100ms	0	static
../Core/Src/main.c:664:6:heartBeatTask	8	static
../Core/Src/main.c:693:6:ssd1306Data	40	static
../Core/Src/main.c:763:6:i2cTask	16	static
../Core/Src/main.c:817:6:PWM_Control	0	static
../Core/Src/main.c:875:6:FeedRxBuf	0	static
../Core/Src/main.c:933:6:sendHTMLForm	16	static
../Core/Src/main.c:952:6:sendHTTPOKPage	16	static
../Core/Src/main.c:968:6:parseHTTPGetParams	32	static
../Core/Src/main.c:1032:6:httpTask	192	static
../Core/Src/main.c:1088:6:initButton	0	static
../Core/Src/main.c:1095:9:updateMefTask	0	static
../Core/Src/main.c:1131:6:buttonTimeout10ms	8	static
../Core/Src/main.c:626:6:do10ms	24	static
../Core/Src/main.c:1155:6:buttonTask	0	static
../Core/Src/main.c:1168:6:PID_ControlTask	20	static
../Core/Src/main.c:1466:6:SystemClock_Config	88	static,ignoring_inline_asm
../Core/Src/main.c:1324:5:main	104	static,ignoring_inline_asm
../Core/Src/main.c:1986:6:HAL_UART_RxCpltCallback	8	static
../Core/Src/main.c:2004:6:Error_Handler	0	static,ignoring_inline_asm
