../Core/Src/main.c:277:6:USBRxData	20	static
../Core/Src/main.c:781:6:OnESP01ChangeState	0	static
../Core/Src/main.c:614:6:CHPD_Control	0	static
../Core/Src/main.c:443:6:displayMemWrite	24	static
../Core/Src/main.c:451:6:mpuMemWrite	0	static
../Core/Src/main.c:447:6:displayMemWriteDMA	16	static
../Core/Src/main.c:455:6:mpuMemReadDMA	16	static
../Core/Src/main.c:625:5:USART_SendByte	16	static
../Core/Src/main.c:644:6:DebugESP01_To_USB	8	static
../Core/Src/main.c:651:6:WiFi_Data_Callback	8	static
../Core/Src/main.c:237:6:HAL_ADC_ConvCpltCallback	0	static
../Core/Src/main.c:244:6:HAL_I2C_MemTxCpltCallback	0	static
../Core/Src/main.c:248:6:HAL_I2C_MemRxCpltCallback	0	static
../Core/Src/main.c:252:6:HAL_TIM_PeriodElapsedCallback	16	static
../Core/Src/main.c:308:6:decodeCommand	16	static
../Core/Src/main.c:286:6:COMMTask	288	static
../Core/Src/main.c:424:6:do100ms	0	static
../Core/Src/main.c:430:6:heartBeatTask	8	static
../Core/Src/main.c:459:6:ssd1306Data	40	static
../Core/Src/main.c:529:6:i2cTask	16	static
../Core/Src/main.c:580:6:PWM_Control	12	static
../Core/Src/main.c:638:6:FeedRxBuf	0	static
../Core/Src/main.c:696:6:sendHTMLForm	16	static
../Core/Src/main.c:715:6:sendHTTPOKPage	16	static
../Core/Src/main.c:731:6:parseHTTPGetParams	32	static
../Core/Src/main.c:795:6:httpTask	192	static
../Core/Src/main.c:851:6:initButton	0	static
../Core/Src/main.c:858:9:updateMefTask	0	static
../Core/Src/main.c:894:6:buttonTimeout10ms	8	static
../Core/Src/main.c:392:6:do10ms	24	static
../Core/Src/main.c:918:6:buttonTask	0	static
../Core/Src/main.c:1068:6:SystemClock_Config	88	static,ignoring_inline_asm
../Core/Src/main.c:935:5:main	104	static,ignoring_inline_asm
../Core/Src/main.c:1588:6:HAL_UART_RxCpltCallback	8	static
../Core/Src/main.c:1606:6:Error_Handler	0	static,ignoring_inline_asm
