../Core/Src/main.c:256:6:USBRxData	20	static
../Core/Src/main.c:632:6:WiFi_Data_Callback	8	static
../Core/Src/main.c:595:6:CHPD_Control	0	static
../Core/Src/main.c:423:6:displayMemWrite	24	static
../Core/Src/main.c:431:6:mpuMemWrite	0	static
../Core/Src/main.c:427:6:displayMemWriteDMA	16	static
../Core/Src/main.c:435:6:mpuMemReadDMA	16	static
../Core/Src/main.c:606:5:USART_SendByte	16	static
../Core/Src/main.c:625:6:DebugESP01_To_USB	8	static
../Core/Src/main.c:216:6:HAL_ADC_ConvCpltCallback	0	static
../Core/Src/main.c:223:6:HAL_I2C_MemTxCpltCallback	0	static
../Core/Src/main.c:227:6:HAL_I2C_MemRxCpltCallback	0	static
../Core/Src/main.c:231:6:HAL_TIM_PeriodElapsedCallback	16	static
../Core/Src/main.c:287:6:decodeCommand	16	static
../Core/Src/main.c:265:6:USBTask	280	static
../Core/Src/main.c:404:6:do100ms	0	static
../Core/Src/main.c:410:6:heartBeatTask	8	static
../Core/Src/main.c:439:6:ssd1306Data	40	static
../Core/Src/main.c:509:6:i2cTask	16	static
../Core/Src/main.c:560:6:PWM_Control	12	static
../Core/Src/main.c:619:6:FeedRxBuf	0	static
../Core/Src/main.c:640:6:initButton	0	static
../Core/Src/main.c:647:9:updateMefTask	0	static
../Core/Src/main.c:684:6:buttonTimeout10ms	8	static
../Core/Src/main.c:373:6:do10ms	16	static
../Core/Src/main.c:708:6:buttonTask	0	static
../Core/Src/main.c:845:6:SystemClock_Config	88	static,ignoring_inline_asm
../Core/Src/main.c:725:5:main	104	static,ignoring_inline_asm
../Core/Src/main.c:1365:6:HAL_UART_RxCpltCallback	8	static
../Core/Src/main.c:1383:6:Error_Handler	0	static,ignoring_inline_asm
