../Core/Src/main.c:375:6:USBRxData	20	static
../Core/Src/main.c:1041:6:OnESP01ChangeState	0	static
../Core/Src/main.c:874:6:CHPD_Control	0	static
../Core/Src/main.c:700:6:displayMemWrite	24	static
../Core/Src/main.c:708:6:mpuMemWrite	0	static
../Core/Src/main.c:704:6:displayMemWriteDMA	16	static
../Core/Src/main.c:712:6:mpuMemReadDMA	16	static
../Core/Src/main.c:885:5:USART_SendByte	16	static
../Core/Src/main.c:904:6:DebugESP01_To_USB	8	static
../Core/Src/main.c:911:6:WiFi_Data_Callback	8	static
../Core/Src/main.c:335:6:HAL_ADC_ConvCpltCallback	0	static
../Core/Src/main.c:342:6:HAL_I2C_MemTxCpltCallback	0	static
../Core/Src/main.c:346:6:HAL_I2C_MemRxCpltCallback	0	static
../Core/Src/main.c:350:6:HAL_TIM_PeriodElapsedCallback	16	static
../Core/Src/main.c:406:6:decodeCommand	56	static
../Core/Src/main.c:384:6:COMMTask	288	static
../Core/Src/main.c:681:6:do100ms	0	static
../Core/Src/main.c:687:6:heartBeatTask	8	static
../Core/Src/main.c:716:6:ssd1306Data	40	static
../Core/Src/main.c:786:6:i2cTask	16	static
../Core/Src/main.c:840:6:PWM_Control	0	static
../Core/Src/main.c:898:6:FeedRxBuf	0	static
../Core/Src/main.c:956:6:sendHTMLForm	16	static
../Core/Src/main.c:975:6:sendHTTPOKPage	16	static
../Core/Src/main.c:991:6:parseHTTPGetParams	32	static
../Core/Src/main.c:1055:6:httpTask	192	static
../Core/Src/main.c:1111:6:initButton	0	static
../Core/Src/main.c:1118:9:updateMefTask	0	static
../Core/Src/main.c:1154:6:buttonTimeout10ms	8	static
../Core/Src/main.c:640:6:do10ms	24	static
../Core/Src/main.c:1178:6:buttonTask	0	static
../Core/Src/main.c:1191:6:PID_ControlTask	24	static
../Core/Src/main.c:1524:6:SystemClock_Config	88	static,ignoring_inline_asm
../Core/Src/main.c:1382:5:main	104	static,ignoring_inline_asm
../Core/Src/main.c:2044:6:HAL_UART_RxCpltCallback	8	static
../Core/Src/main.c:2057:6:HAL_UART_ErrorCallback	0	static
../Core/Src/main.c:2078:6:Error_Handler	0	static,ignoring_inline_asm
