../Core/Src/main.c:258:6:USBRxData	20	static
../Core/Src/main.c:655:6:WiFi_Data_Callback	8	static
../Core/Src/main.c:618:6:CHPD_Control	0	static
../Core/Src/main.c:446:6:displayMemWrite	24	static
../Core/Src/main.c:454:6:mpuMemWrite	0	static
../Core/Src/main.c:450:6:displayMemWriteDMA	16	static
../Core/Src/main.c:458:6:mpuMemReadDMA	16	static
../Core/Src/main.c:629:5:USART_SendByte	16	static
../Core/Src/main.c:648:6:DebugESP01_To_USB	8	static
../Core/Src/main.c:218:6:HAL_ADC_ConvCpltCallback	0	static
../Core/Src/main.c:225:6:HAL_I2C_MemTxCpltCallback	0	static
../Core/Src/main.c:229:6:HAL_I2C_MemRxCpltCallback	0	static
../Core/Src/main.c:233:6:HAL_TIM_PeriodElapsedCallback	16	static
../Core/Src/main.c:288:6:decodeCommand	16	static
../Core/Src/main.c:267:6:USBTask	280	static
../Core/Src/main.c:427:6:do100ms	0	static
../Core/Src/main.c:433:6:heartBeatTask	8	static
../Core/Src/main.c:462:6:ssd1306Data	40	static
../Core/Src/main.c:532:6:i2cTask	16	static
../Core/Src/main.c:583:6:PWM_Control	12	static
../Core/Src/main.c:642:6:FeedRxBuf	0	static
../Core/Src/main.c:663:6:initButton	0	static
../Core/Src/main.c:670:9:updateMefTask	0	static
../Core/Src/main.c:707:6:buttonTimeout10ms	8	static
../Core/Src/main.c:374:6:do10ms	32	static
../Core/Src/main.c:731:6:buttonTask	0	static
../Core/Src/main.c:868:6:SystemClock_Config	88	static,ignoring_inline_asm
../Core/Src/main.c:748:5:main	104	static,ignoring_inline_asm
../Core/Src/main.c:1388:6:HAL_UART_RxCpltCallback	8	static
../Core/Src/main.c:1406:6:Error_Handler	0	static,ignoring_inline_asm
