../Core/Src/main.c:727:6:USBRxData	20	static
../Core/Src/main.c:1612:16:fast_sin_x1000	0	static
../Core/Src/main.c:1918:6:CHPD_Control	0	static
../Core/Src/main.c:1604:6:displayMemWrite	24	static
../Core/Src/main.c:1633:6:mpuMemWrite	0	static
../Core/Src/main.c:1608:6:displayMemWriteDMA	16	static
../Core/Src/main.c:1637:6:mpuMemReadDMA	16	static
../Core/Src/main.c:1929:5:USART_SendByte	16	static
../Core/Src/main.c:1947:6:DebugESP01_To_USB	8	static
../Core/Src/main.c:1953:6:WiFi_Data_Callback	12	static
../Core/Src/main.c:1987:6:OnESP01ChangeState	8	static
../Core/Src/main.c:3565:17:LUT_Interpolate.constprop	12	static
../Core/Src/main.c:674:6:HAL_ADC_ConvCpltCallback	0	static
../Core/Src/main.c:681:6:HAL_I2C_MemTxCpltCallback	0	static
../Core/Src/main.c:685:6:HAL_I2C_MemRxCpltCallback	0	static
../Core/Src/main.c:689:6:HAL_TIM_PeriodElapsedCallback	8	static
../Core/Src/main.c:1589:6:heartBeatTask	8	static
../Core/Src/main.c:1641:6:ssd1306Data	88	static
../Core/Src/main.c:1797:6:i2cTask	24	static
../Core/Src/main.c:1892:6:PWM_Control	0	static
../Core/Src/main.c:810:6:SetRobotMode	16	static
../Core/Src/main.c:925:6:SetRobotModeRemote	0	static
../Core/Src/main.c:954:6:decodeCommand	88	static
../Core/Src/main.c:736:6:COMMTask	288	static
../Core/Src/main.c:1942:6:FeedRxBuf	0	static
../Core/Src/main.c:2017:6:softAPTask	96	static
../Core/Src/main.c:2175:6:initButton	0	static
../Core/Src/main.c:2209:9:updateMefTask	0	static
../Core/Src/main.c:2246:6:buttonTimeout10ms	16	static
../Core/Src/main.c:1535:6:do10ms	32	static
../Core/Src/main.c:2300:6:buttonTask	16	static
../Core/Src/main.c:2465:6:ControlSeguimiento	24	static
../Core/Src/main.c:2680:6:Control_Balanceo	8	static
../Core/Src/main.c:2701:6:Control_Joystick	0	static
../Core/Src/main.c:2839:6:Control_Esquivar	32	static
../Core/Src/main.c:3598:6:NormalizeLineSensors	16	static
../Core/Src/main.c:3609:6:HandleModeScreenTransition	24	static
../Core/Src/main.c:3835:6:SystemClock_Config	88	static,ignoring_inline_asm
../Core/Src/main.c:4355:6:HAL_UART_RxCpltCallback	8	static
../Core/Src/main.c:4368:6:HAL_UART_ErrorCallback	0	static
../Core/Src/main.c:4388:6:Speed_IntegrationTask	56	static
../Core/Src/main.c:3153:6:PID_Calcular	24	static
../Core/Src/main.c:3372:6:PIDTask	72	static
../Core/Src/main.c:3690:5:main	120	static,ignoring_inline_asm
../Core/Src/main.c:4565:6:Error_Handler	0	static,ignoring_inline_asm
