../Core/Src/main.c:375:6:USBRxData	20	static
../Core/Src/main.c:1071:6:OnESP01ChangeState	0	static
../Core/Src/main.c:904:6:CHPD_Control	0	static
../Core/Src/main.c:700:6:displayMemWrite	24	static
../Core/Src/main.c:708:6:mpuMemWrite	0	static
../Core/Src/main.c:704:6:displayMemWriteDMA	16	static
../Core/Src/main.c:712:6:mpuMemReadDMA	16	static
../Core/Src/main.c:915:5:USART_SendByte	16	static
../Core/Src/main.c:934:6:DebugESP01_To_USB	8	static
../Core/Src/main.c:941:6:WiFi_Data_Callback	8	static
../Core/Src/main.c:335:6:HAL_ADC_ConvCpltCallback	0	static
../Core/Src/main.c:342:6:HAL_I2C_MemTxCpltCallback	0	static
../Core/Src/main.c:346:6:HAL_I2C_MemRxCpltCallback	0	static
../Core/Src/main.c:350:6:HAL_TIM_PeriodElapsedCallback	16	static
../Core/Src/main.c:406:6:decodeCommand	56	static
../Core/Src/main.c:384:6:COMMTask	288	static
../Core/Src/main.c:681:6:do100ms	0	static
../Core/Src/main.c:687:6:heartBeatTask	8	static
../Core/Src/main.c:716:6:ssd1306Data	40	static
../Core/Src/main.c:786:6:i2cTask	24	static
../Core/Src/main.c:870:6:PWM_Control	0	static
../Core/Src/main.c:928:6:FeedRxBuf	0	static
../Core/Src/main.c:986:6:sendHTMLForm	16	static
../Core/Src/main.c:1005:6:sendHTTPOKPage	16	static
../Core/Src/main.c:1021:6:parseHTTPGetParams	32	static
../Core/Src/main.c:1085:6:httpTask	192	static
../Core/Src/main.c:1141:6:initButton	0	static
../Core/Src/main.c:1148:9:updateMefTask	0	static
../Core/Src/main.c:1184:6:buttonTimeout10ms	8	static
../Core/Src/main.c:640:6:do10ms	24	static
../Core/Src/main.c:1208:6:buttonTask	0	static
../Core/Src/main.c:1221:6:PID_ControlTask	24	static
../Core/Src/main.c:1554:6:SystemClock_Config	88	static,ignoring_inline_asm
../Core/Src/main.c:1412:5:main	104	static,ignoring_inline_asm
../Core/Src/main.c:2074:6:HAL_UART_RxCpltCallback	8	static
../Core/Src/main.c:2087:6:HAL_UART_ErrorCallback	0	static
../Core/Src/main.c:2108:6:Error_Handler	0	static,ignoring_inline_asm
