../Core/Src/main.c:485:6:USBRxData	20	static
../Core/Src/main.c:1052:6:CHPD_Control	0	static
../Core/Src/main.c:846:6:displayMemWrite	24	static
../Core/Src/main.c:854:6:mpuMemWrite	0	static
../Core/Src/main.c:850:6:displayMemWriteDMA	16	static
../Core/Src/main.c:858:6:mpuMemReadDMA	16	static
../Core/Src/main.c:1063:5:USART_SendByte	16	static
../Core/Src/main.c:1081:6:DebugESP01_To_USB	8	static
../Core/Src/main.c:1087:6:WiFi_Data_Callback	8	static
../Core/Src/main.c:1216:6:OnESP01ChangeState	8	static
../Core/Src/main.c:445:6:HAL_ADC_ConvCpltCallback	0	static
../Core/Src/main.c:452:6:HAL_I2C_MemTxCpltCallback	0	static
../Core/Src/main.c:456:6:HAL_I2C_MemRxCpltCallback	0	static
../Core/Src/main.c:460:6:HAL_TIM_PeriodElapsedCallback	16	static
../Core/Src/main.c:522:6:decodeCommand	56	static
../Core/Src/main.c:494:6:COMMTask	288	static
../Core/Src/main.c:827:6:do100ms	0	static
../Core/Src/main.c:833:6:heartBeatTask	8	static
../Core/Src/main.c:862:6:ssd1306Data	40	static
../Core/Src/main.c:932:6:i2cTask	24	static
../Core/Src/main.c:1018:6:PWM_Control	0	static
../Core/Src/main.c:1076:6:FeedRxBuf	0	static
../Core/Src/main.c:1131:6:sendHTMLForm	16	static
../Core/Src/main.c:1150:6:sendHTTPOKPage	16	static
../Core/Src/main.c:1166:6:parseHTTPGetParams	32	static
../Core/Src/main.c:1244:6:httpTask	192	static
../Core/Src/main.c:1300:6:initButton	0	static
../Core/Src/main.c:1307:9:updateMefTask	0	static
../Core/Src/main.c:1343:6:buttonTimeout10ms	8	static
../Core/Src/main.c:756:6:do10ms	24	static
../Core/Src/main.c:1367:6:buttonTask	0	static
../Core/Src/main.c:1378:6:PID_ControlTask	20	static
../Core/Src/main.c:1576:6:ssd1306_DrawCube	80	static
../Core/Src/main.c:1637:6:ssd1306_DrawTesseract	112	static
../Core/Src/main.c:1871:6:SystemClock_Config	88	static,ignoring_inline_asm
../Core/Src/main.c:1724:5:main	104	static,ignoring_inline_asm
../Core/Src/main.c:2391:6:HAL_UART_RxCpltCallback	8	static
../Core/Src/main.c:2404:6:HAL_UART_ErrorCallback	0	static
../Core/Src/main.c:2425:6:Error_Handler	0	static,ignoring_inline_asm
