../Core/Src/main.c:422:6:USBRxData	20	static
../Core/Src/main.c:991:6:CHPD_Control	0	static
../Core/Src/main.c:783:6:displayMemWrite	24	static
../Core/Src/main.c:791:6:mpuMemWrite	0	static
../Core/Src/main.c:787:6:displayMemWriteDMA	16	static
../Core/Src/main.c:795:6:mpuMemReadDMA	16	static
../Core/Src/main.c:1002:5:USART_SendByte	16	static
../Core/Src/main.c:1020:6:DebugESP01_To_USB	8	static
../Core/Src/main.c:1026:6:WiFi_Data_Callback	8	static
../Core/Src/main.c:1155:6:OnESP01ChangeState	8	static
../Core/Src/main.c:382:6:HAL_ADC_ConvCpltCallback	0	static
../Core/Src/main.c:389:6:HAL_I2C_MemTxCpltCallback	0	static
../Core/Src/main.c:393:6:HAL_I2C_MemRxCpltCallback	0	static
../Core/Src/main.c:397:6:HAL_TIM_PeriodElapsedCallback	16	static
../Core/Src/main.c:459:6:decodeCommand	56	static
../Core/Src/main.c:431:6:COMMTask	288	static
../Core/Src/main.c:764:6:do100ms	0	static
../Core/Src/main.c:770:6:heartBeatTask	8	static
../Core/Src/main.c:799:6:ssd1306Data	40	static
../Core/Src/main.c:869:6:i2cTask	24	static
../Core/Src/main.c:957:6:PWM_Control	0	static
../Core/Src/main.c:1015:6:FeedRxBuf	0	static
../Core/Src/main.c:1070:6:sendHTMLForm	16	static
../Core/Src/main.c:1089:6:sendHTTPOKPage	16	static
../Core/Src/main.c:1105:6:parseHTTPGetParams	32	static
../Core/Src/main.c:1183:6:httpTask	192	static
../Core/Src/main.c:1239:6:initButton	0	static
../Core/Src/main.c:1246:9:updateMefTask	0	static
../Core/Src/main.c:1282:6:buttonTimeout10ms	8	static
../Core/Src/main.c:693:6:do10ms	24	static
../Core/Src/main.c:1306:6:buttonTask	0	static
../Core/Src/main.c:1317:6:PID_ControlTask	32	static
../Core/Src/main.c:1749:6:SystemClock_Config	88	static,ignoring_inline_asm
../Core/Src/main.c:1609:5:main	104	static,ignoring_inline_asm
../Core/Src/main.c:2269:6:HAL_UART_RxCpltCallback	8	static
../Core/Src/main.c:2282:6:HAL_UART_ErrorCallback	0	static
../Core/Src/main.c:2303:6:Error_Handler	0	static,ignoring_inline_asm
