../Core/Src/main.c:725:6:USBRxData	20	static
../Core/Src/main.c:1793:6:CHPD_Control	0	static
../Core/Src/main.c:1540:6:displayMemWrite	24	static
../Core/Src/main.c:1548:6:mpuMemWrite	0	static
../Core/Src/main.c:1544:6:displayMemWriteDMA	16	static
../Core/Src/main.c:1552:6:mpuMemReadDMA	16	static
../Core/Src/main.c:1804:5:USART_SendByte	16	static
../Core/Src/main.c:1822:6:DebugESP01_To_USB	8	static
../Core/Src/main.c:1828:6:WiFi_Data_Callback	12	static
../Core/Src/main.c:1862:6:OnESP01ChangeState	8	static
../Core/Src/main.c:2962:17:LUT_Interpolate.constprop	12	static
../Core/Src/main.c:672:6:HAL_ADC_ConvCpltCallback	0	static
../Core/Src/main.c:679:6:HAL_I2C_MemTxCpltCallback	0	static
../Core/Src/main.c:683:6:HAL_I2C_MemRxCpltCallback	0	static
../Core/Src/main.c:687:6:HAL_TIM_PeriodElapsedCallback	8	static
../Core/Src/main.c:1525:6:heartBeatTask	8	static
../Core/Src/main.c:1556:6:ssd1306Data	64	static
../Core/Src/main.c:1672:6:i2cTask	24	static
../Core/Src/main.c:1767:6:PWM_Control	0	static
../Core/Src/main.c:764:6:SetRobotMode	16	static
../Core/Src/main.c:878:6:SetRobotModeRemote	0	static
../Core/Src/main.c:890:6:decodeCommand	88	static
../Core/Src/main.c:734:6:COMMTask	288	static
../Core/Src/main.c:1817:6:FeedRxBuf	0	static
../Core/Src/main.c:1892:6:softAPTask	96	static
../Core/Src/main.c:2050:6:initButton	0	static
../Core/Src/main.c:2059:9:updateMefTask	0	static
../Core/Src/main.c:2096:6:buttonTimeout10ms	16	static
../Core/Src/main.c:1471:6:do10ms	32	static
../Core/Src/main.c:2150:6:buttonTask	16	static
../Core/Src/main.c:2202:6:ControlSeguimiento	24	static
../Core/Src/main.c:2354:6:Control_Balanceo	8	static
../Core/Src/main.c:2375:6:Control_Joystick	0	static
../Core/Src/main.c:2398:6:Control_Esquivar	32	static
../Core/Src/main.c:2995:6:NormalizeLineSensors	16	static
../Core/Src/main.c:3006:6:HandleModeScreenTransition	24	static
../Core/Src/main.c:3232:6:SystemClock_Config	88	static,ignoring_inline_asm
../Core/Src/main.c:3752:6:HAL_UART_RxCpltCallback	8	static
../Core/Src/main.c:3765:6:HAL_UART_ErrorCallback	0	static
../Core/Src/main.c:3785:6:Speed_IntegrationTask	56	static
../Core/Src/main.c:2610:6:PID_Calcular	24	static
../Core/Src/main.c:2774:6:PIDTask	72	static
../Core/Src/main.c:3087:5:main	120	static,ignoring_inline_asm
../Core/Src/main.c:3962:6:Error_Handler	0	static,ignoring_inline_asm
