../Core/Src/main.c:587:6:USBRxData	20	static
../Core/Src/main.c:1414:6:CHPD_Control	0	static
../Core/Src/main.c:1153:6:displayMemWrite	24	static
../Core/Src/main.c:1161:6:mpuMemWrite	0	static
../Core/Src/main.c:1157:6:displayMemWriteDMA	16	static
../Core/Src/main.c:1165:6:mpuMemReadDMA	16	static
../Core/Src/main.c:1425:5:USART_SendByte	16	static
../Core/Src/main.c:1443:6:DebugESP01_To_USB	8	static
../Core/Src/main.c:1449:6:WiFi_Data_Callback	8	static
../Core/Src/main.c:1640:6:OnESP01ChangeState	8	static
../Core/Src/main.c:2538:17:LUT_Interpolate.constprop	12	static
../Core/Src/main.c:534:6:HAL_ADC_ConvCpltCallback	0	static
../Core/Src/main.c:541:6:HAL_I2C_MemTxCpltCallback	0	static
../Core/Src/main.c:545:6:HAL_I2C_MemRxCpltCallback	0	static
../Core/Src/main.c:549:6:HAL_TIM_PeriodElapsedCallback	8	static
../Core/Src/main.c:624:6:decodeCommand	88	static
../Core/Src/main.c:596:6:COMMTask	288	static
../Core/Src/main.c:1138:6:heartBeatTask	8	static
../Core/Src/main.c:1169:6:ssd1306Data	64	static
../Core/Src/main.c:1285:6:i2cTask	24	static
../Core/Src/main.c:1380:6:PWM_Control	0	static
../Core/Src/main.c:1438:6:FeedRxBuf	0	static
../Core/Src/main.c:1503:15:sendJSONTelemetry	120	static
../Core/Src/main.c:1558:15:sendHTMLForm	16	static
../Core/Src/main.c:1571:15:sendHTTPOKPage	16	static
../Core/Src/main.c:1580:6:parseHTTPGetParams	32	static
../Core/Src/main.c:1669:6:httpTask	192	static
../Core/Src/main.c:1734:6:initButton	0	static
../Core/Src/main.c:1743:9:updateMefTask	0	static
../Core/Src/main.c:1780:6:buttonTimeout10ms	16	static
../Core/Src/main.c:1103:6:do10ms	24	static
../Core/Src/main.c:1834:6:buttonTask	24	static
../Core/Src/main.c:1955:6:LineFollowingMEF	24	static
../Core/Src/main.c:2571:6:NormalizeLineSensors	16	static
../Core/Src/main.c:2582:6:HandleModeScreenTransition	24	static
../Core/Src/main.c:2784:6:SystemClock_Config	88	static,ignoring_inline_asm
../Core/Src/main.c:3304:6:HAL_UART_RxCpltCallback	8	static
../Core/Src/main.c:3317:6:HAL_UART_ErrorCallback	0	static
../Core/Src/main.c:3337:6:Speed_IntegrationTask	56	static
../Core/Src/main.c:2104:6:PID_ControlTask	72	static
../Core/Src/main.c:2638:5:main	112	static,ignoring_inline_asm
../Core/Src/main.c:3484:6:Error_Handler	0	static,ignoring_inline_asm
