../Core/Src/main.c:363:6:USBRxData	20	static
../Core/Src/main.c:957:6:OnESP01ChangeState	0	static
../Core/Src/main.c:790:6:CHPD_Control	0	static
../Core/Src/main.c:616:6:displayMemWrite	24	static
../Core/Src/main.c:624:6:mpuMemWrite	0	static
../Core/Src/main.c:620:6:displayMemWriteDMA	16	static
../Core/Src/main.c:628:6:mpuMemReadDMA	16	static
../Core/Src/main.c:801:5:USART_SendByte	16	static
../Core/Src/main.c:820:6:DebugESP01_To_USB	8	static
../Core/Src/main.c:827:6:WiFi_Data_Callback	8	static
../Core/Src/main.c:323:6:HAL_ADC_ConvCpltCallback	0	static
../Core/Src/main.c:330:6:HAL_I2C_MemTxCpltCallback	0	static
../Core/Src/main.c:334:6:HAL_I2C_MemRxCpltCallback	0	static
../Core/Src/main.c:338:6:HAL_TIM_PeriodElapsedCallback	16	static
../Core/Src/main.c:394:6:decodeCommand	72	static
../Core/Src/main.c:372:6:COMMTask	288	static
../Core/Src/main.c:597:6:do100ms	0	static
../Core/Src/main.c:603:6:heartBeatTask	8	static
../Core/Src/main.c:632:6:ssd1306Data	40	static
../Core/Src/main.c:702:6:i2cTask	16	static
../Core/Src/main.c:756:6:PWM_Control	12	static
../Core/Src/main.c:814:6:FeedRxBuf	0	static
../Core/Src/main.c:872:6:sendHTMLForm	16	static
../Core/Src/main.c:891:6:sendHTTPOKPage	16	static
../Core/Src/main.c:907:6:parseHTTPGetParams	32	static
../Core/Src/main.c:971:6:httpTask	192	static
../Core/Src/main.c:1027:6:initButton	0	static
../Core/Src/main.c:1034:9:updateMefTask	0	static
../Core/Src/main.c:1070:6:buttonTimeout10ms	8	static
../Core/Src/main.c:565:6:do10ms	24	static
../Core/Src/main.c:1094:6:buttonTask	0	static
../Core/Src/main.c:1107:6:PID_ControlTask	20	static
../Core/Src/main.c:1370:6:SystemClock_Config	88	static,ignoring_inline_asm
../Core/Src/main.c:1233:5:main	104	static,ignoring_inline_asm
../Core/Src/main.c:1890:6:HAL_UART_RxCpltCallback	8	static
../Core/Src/main.c:1908:6:Error_Handler	0	static,ignoring_inline_asm
