../Core/Src/main.c:460:6:USBRxData	20	static
../Core/Src/main.c:1158:6:OnESP01ChangeState	0	static
../Core/Src/main.c:991:6:CHPD_Control	0	static
../Core/Src/main.c:785:6:displayMemWrite	24	static
../Core/Src/main.c:793:6:mpuMemWrite	0	static
../Core/Src/main.c:789:6:displayMemWriteDMA	16	static
../Core/Src/main.c:797:6:mpuMemReadDMA	16	static
../Core/Src/main.c:1002:5:USART_SendByte	16	static
../Core/Src/main.c:1021:6:DebugESP01_To_USB	8	static
../Core/Src/main.c:1028:6:WiFi_Data_Callback	8	static
../Core/Src/main.c:420:6:HAL_ADC_ConvCpltCallback	0	static
../Core/Src/main.c:427:6:HAL_I2C_MemTxCpltCallback	0	static
../Core/Src/main.c:431:6:HAL_I2C_MemRxCpltCallback	0	static
../Core/Src/main.c:435:6:HAL_TIM_PeriodElapsedCallback	16	static
../Core/Src/main.c:491:6:decodeCommand	56	static
../Core/Src/main.c:469:6:COMMTask	288	static
../Core/Src/main.c:766:6:do100ms	0	static
../Core/Src/main.c:772:6:heartBeatTask	8	static
../Core/Src/main.c:801:6:ssd1306Data	40	static
../Core/Src/main.c:957:6:PWM_Control	0	static
../Core/Src/main.c:1015:6:FeedRxBuf	0	static
../Core/Src/main.c:1073:6:sendHTMLForm	16	static
../Core/Src/main.c:1092:6:sendHTTPOKPage	16	static
../Core/Src/main.c:1108:6:parseHTTPGetParams	32	static
../Core/Src/main.c:1172:6:httpTask	192	static
../Core/Src/main.c:1228:6:initButton	0	static
../Core/Src/main.c:1235:9:updateMefTask	0	static
../Core/Src/main.c:1271:6:buttonTimeout10ms	8	static
../Core/Src/main.c:725:6:do10ms	24	static
../Core/Src/main.c:1295:6:buttonTask	0	static
../Core/Src/main.c:1306:6:PID_ControlTask	24	static
../Core/Src/main.c:1490:6:ssd1306_DrawCube	80	static
../Core/Src/main.c:1552:6:ssd1306_DrawTesseract	112	static
../Core/Src/main.c:871:6:i2cTask	24	static
../Core/Src/main.c:1781:6:SystemClock_Config	88	static,ignoring_inline_asm
../Core/Src/main.c:1639:5:main	104	static,ignoring_inline_asm
../Core/Src/main.c:2301:6:HAL_UART_RxCpltCallback	8	static
../Core/Src/main.c:2314:6:HAL_UART_ErrorCallback	0	static
../Core/Src/main.c:2335:6:Error_Handler	0	static,ignoring_inline_asm
