../Core/Src/main.c:458:6:USBRxData	20	static
../Core/Src/main.c:1214:6:CHPD_Control	0	static
../Core/Src/main.c:1006:6:displayMemWrite	24	static
../Core/Src/main.c:1014:6:mpuMemWrite	0	static
../Core/Src/main.c:1010:6:displayMemWriteDMA	16	static
../Core/Src/main.c:1018:6:mpuMemReadDMA	16	static
../Core/Src/main.c:1225:5:USART_SendByte	16	static
../Core/Src/main.c:1243:6:DebugESP01_To_USB	8	static
../Core/Src/main.c:1249:6:WiFi_Data_Callback	8	static
../Core/Src/main.c:1378:6:OnESP01ChangeState	8	static
../Core/Src/main.c:418:6:HAL_ADC_ConvCpltCallback	0	static
../Core/Src/main.c:425:6:HAL_I2C_MemTxCpltCallback	0	static
../Core/Src/main.c:429:6:HAL_I2C_MemRxCpltCallback	0	static
../Core/Src/main.c:433:6:HAL_TIM_PeriodElapsedCallback	16	static
../Core/Src/main.c:495:6:decodeCommand	80	static
../Core/Src/main.c:467:6:COMMTask	288	static
../Core/Src/main.c:987:6:do100ms	0	static
../Core/Src/main.c:993:6:heartBeatTask	8	static
../Core/Src/main.c:1022:6:ssd1306Data	40	static
../Core/Src/main.c:1092:6:i2cTask	24	static
../Core/Src/main.c:1180:6:PWM_Control	0	static
../Core/Src/main.c:1238:6:FeedRxBuf	0	static
../Core/Src/main.c:1293:6:sendHTMLForm	16	static
../Core/Src/main.c:1312:6:sendHTTPOKPage	16	static
../Core/Src/main.c:1328:6:parseHTTPGetParams	32	static
../Core/Src/main.c:1406:6:httpTask	192	static
../Core/Src/main.c:1462:6:initButton	0	static
../Core/Src/main.c:1469:9:updateMefTask	0	static
../Core/Src/main.c:1505:6:buttonTimeout10ms	8	static
../Core/Src/main.c:916:6:do10ms	24	static
../Core/Src/main.c:1529:6:buttonTask	0	static
../Core/Src/main.c:1540:6:PID_ControlTask	36	static
../Core/Src/main.c:1969:6:SystemClock_Config	88	static,ignoring_inline_asm
../Core/Src/main.c:1829:5:main	104	static,ignoring_inline_asm
../Core/Src/main.c:2489:6:HAL_UART_RxCpltCallback	8	static
../Core/Src/main.c:2502:6:HAL_UART_ErrorCallback	0	static
../Core/Src/main.c:2523:6:Error_Handler	0	static,ignoring_inline_asm
