../Core/Src/main.c:259:6:USBRxData	20	static
../Core/Src/main.c:635:6:WiFi_Data_Callback	8	static
../Core/Src/main.c:598:6:CHPD_Control	0	static
../Core/Src/main.c:427:6:displayMemWrite	24	static
../Core/Src/main.c:435:6:mpuMemWrite	0	static
../Core/Src/main.c:431:6:displayMemWriteDMA	16	static
../Core/Src/main.c:439:6:mpuMemReadDMA	16	static
../Core/Src/main.c:609:5:USART_SendByte	16	static
../Core/Src/main.c:628:6:DebugESP01_To_USB	8	static
../Core/Src/main.c:219:6:HAL_ADC_ConvCpltCallback	0	static
../Core/Src/main.c:226:6:HAL_I2C_MemTxCpltCallback	0	static
../Core/Src/main.c:230:6:HAL_I2C_MemRxCpltCallback	0	static
../Core/Src/main.c:234:6:HAL_TIM_PeriodElapsedCallback	16	static
../Core/Src/main.c:291:6:decodeCommand	16	static
../Core/Src/main.c:268:6:COMMTask	280	static
../Core/Src/main.c:408:6:do100ms	0	static
../Core/Src/main.c:414:6:heartBeatTask	8	static
../Core/Src/main.c:443:6:ssd1306Data	40	static
../Core/Src/main.c:513:6:i2cTask	16	static
../Core/Src/main.c:564:6:PWM_Control	12	static
../Core/Src/main.c:622:6:FeedRxBuf	0	static
../Core/Src/main.c:643:6:initButton	0	static
../Core/Src/main.c:650:9:updateMefTask	0	static
../Core/Src/main.c:686:6:buttonTimeout10ms	8	static
../Core/Src/main.c:377:6:do10ms	16	static
../Core/Src/main.c:710:6:buttonTask	0	static
../Core/Src/main.c:849:6:SystemClock_Config	88	static,ignoring_inline_asm
../Core/Src/main.c:727:5:main	104	static,ignoring_inline_asm
../Core/Src/main.c:1369:6:HAL_UART_RxCpltCallback	8	static
../Core/Src/main.c:1387:6:Error_Handler	0	static,ignoring_inline_asm
