../Core/Src/main.c:463:6:USBRxData	20	static
../Core/Src/main.c:1175:6:OnESP01ChangeState	0	static
../Core/Src/main.c:1011:6:CHPD_Control	0	static
../Core/Src/main.c:805:6:displayMemWrite	24	static
../Core/Src/main.c:813:6:mpuMemWrite	0	static
../Core/Src/main.c:809:6:displayMemWriteDMA	16	static
../Core/Src/main.c:817:6:mpuMemReadDMA	16	static
../Core/Src/main.c:1022:5:USART_SendByte	16	static
../Core/Src/main.c:1040:6:DebugESP01_To_USB	8	static
../Core/Src/main.c:1046:6:WiFi_Data_Callback	8	static
../Core/Src/main.c:423:6:HAL_ADC_ConvCpltCallback	0	static
../Core/Src/main.c:430:6:HAL_I2C_MemTxCpltCallback	0	static
../Core/Src/main.c:434:6:HAL_I2C_MemRxCpltCallback	0	static
../Core/Src/main.c:438:6:HAL_TIM_PeriodElapsedCallback	16	static
../Core/Src/main.c:500:6:decodeCommand	56	static
../Core/Src/main.c:472:6:COMMTask	288	static
../Core/Src/main.c:786:6:do100ms	0	static
../Core/Src/main.c:792:6:heartBeatTask	8	static
../Core/Src/main.c:821:6:ssd1306Data	40	static
../Core/Src/main.c:891:6:i2cTask	24	static
../Core/Src/main.c:977:6:PWM_Control	0	static
../Core/Src/main.c:1035:6:FeedRxBuf	0	static
../Core/Src/main.c:1090:6:sendHTMLForm	16	static
../Core/Src/main.c:1109:6:sendHTTPOKPage	16	static
../Core/Src/main.c:1125:6:parseHTTPGetParams	32	static
../Core/Src/main.c:1189:6:httpTask	192	static
../Core/Src/main.c:1245:6:initButton	0	static
../Core/Src/main.c:1252:9:updateMefTask	0	static
../Core/Src/main.c:1288:6:buttonTimeout10ms	8	static
../Core/Src/main.c:734:6:do10ms	24	static
../Core/Src/main.c:1312:6:buttonTask	0	static
../Core/Src/main.c:1323:6:PID_ControlTask	24	static
../Core/Src/main.c:1549:6:ssd1306_DrawCube	80	static
../Core/Src/main.c:1610:6:ssd1306_DrawTesseract	112	static
../Core/Src/main.c:1839:6:SystemClock_Config	88	static,ignoring_inline_asm
../Core/Src/main.c:1697:5:main	104	static,ignoring_inline_asm
../Core/Src/main.c:2359:6:HAL_UART_RxCpltCallback	8	static
../Core/Src/main.c:2372:6:HAL_UART_ErrorCallback	0	static
../Core/Src/main.c:2393:6:Error_Handler	0	static,ignoring_inline_asm
