../Core/Src/main.c:372:6:USBRxData	20	static
../Core/Src/main.c:1019:6:OnESP01ChangeState	0	static
../Core/Src/main.c:852:6:CHPD_Control	0	static
../Core/Src/main.c:678:6:displayMemWrite	24	static
../Core/Src/main.c:686:6:mpuMemWrite	0	static
../Core/Src/main.c:682:6:displayMemWriteDMA	16	static
../Core/Src/main.c:690:6:mpuMemReadDMA	16	static
../Core/Src/main.c:863:5:USART_SendByte	16	static
../Core/Src/main.c:882:6:DebugESP01_To_USB	8	static
../Core/Src/main.c:889:6:WiFi_Data_Callback	8	static
../Core/Src/main.c:332:6:HAL_ADC_ConvCpltCallback	0	static
../Core/Src/main.c:339:6:HAL_I2C_MemTxCpltCallback	0	static
../Core/Src/main.c:343:6:HAL_I2C_MemRxCpltCallback	0	static
../Core/Src/main.c:347:6:HAL_TIM_PeriodElapsedCallback	16	static
../Core/Src/main.c:403:6:decodeCommand	112	static
../Core/Src/main.c:381:6:COMMTask	288	static
../Core/Src/main.c:659:6:do100ms	0	static
../Core/Src/main.c:665:6:heartBeatTask	8	static
../Core/Src/main.c:694:6:ssd1306Data	40	static
../Core/Src/main.c:764:6:i2cTask	16	static
../Core/Src/main.c:818:6:PWM_Control	0	static
../Core/Src/main.c:876:6:FeedRxBuf	0	static
../Core/Src/main.c:934:6:sendHTMLForm	16	static
../Core/Src/main.c:953:6:sendHTTPOKPage	16	static
../Core/Src/main.c:969:6:parseHTTPGetParams	32	static
../Core/Src/main.c:1033:6:httpTask	192	static
../Core/Src/main.c:1089:6:initButton	0	static
../Core/Src/main.c:1096:9:updateMefTask	0	static
../Core/Src/main.c:1132:6:buttonTimeout10ms	8	static
../Core/Src/main.c:627:6:do10ms	24	static
../Core/Src/main.c:1156:6:buttonTask	0	static
../Core/Src/main.c:1169:6:PID_ControlTask	20	static
../Core/Src/main.c:1465:6:SystemClock_Config	88	static,ignoring_inline_asm
../Core/Src/main.c:1323:5:main	104	static,ignoring_inline_asm
../Core/Src/main.c:1985:6:HAL_UART_RxCpltCallback	8	static
../Core/Src/main.c:2003:6:Error_Handler	0	static,ignoring_inline_asm
