../Core/Src/main.c:359:6:USBRxData	20	static
../Core/Src/main.c:958:6:OnESP01ChangeState	0	static
../Core/Src/main.c:791:6:CHPD_Control	0	static
../Core/Src/main.c:617:6:displayMemWrite	24	static
../Core/Src/main.c:625:6:mpuMemWrite	0	static
../Core/Src/main.c:621:6:displayMemWriteDMA	16	static
../Core/Src/main.c:629:6:mpuMemReadDMA	16	static
../Core/Src/main.c:802:5:USART_SendByte	16	static
../Core/Src/main.c:821:6:DebugESP01_To_USB	8	static
../Core/Src/main.c:828:6:WiFi_Data_Callback	8	static
../Core/Src/main.c:319:6:HAL_ADC_ConvCpltCallback	0	static
../Core/Src/main.c:326:6:HAL_I2C_MemTxCpltCallback	0	static
../Core/Src/main.c:330:6:HAL_I2C_MemRxCpltCallback	0	static
../Core/Src/main.c:334:6:HAL_TIM_PeriodElapsedCallback	16	static
../Core/Src/main.c:390:6:decodeCommand	72	static
../Core/Src/main.c:368:6:COMMTask	288	static
../Core/Src/main.c:598:6:do100ms	0	static
../Core/Src/main.c:604:6:heartBeatTask	8	static
../Core/Src/main.c:633:6:ssd1306Data	40	static
../Core/Src/main.c:703:6:i2cTask	16	static
../Core/Src/main.c:757:6:PWM_Control	12	static
../Core/Src/main.c:815:6:FeedRxBuf	0	static
../Core/Src/main.c:873:6:sendHTMLForm	16	static
../Core/Src/main.c:892:6:sendHTTPOKPage	16	static
../Core/Src/main.c:908:6:parseHTTPGetParams	32	static
../Core/Src/main.c:972:6:httpTask	192	static
../Core/Src/main.c:1028:6:initButton	0	static
../Core/Src/main.c:1035:9:updateMefTask	0	static
../Core/Src/main.c:1071:6:buttonTimeout10ms	8	static
../Core/Src/main.c:566:6:do10ms	24	static
../Core/Src/main.c:1095:6:buttonTask	0	static
../Core/Src/main.c:1108:6:PID_ControlTask	20	static
../Core/Src/main.c:1427:6:SystemClock_Config	88	static,ignoring_inline_asm
../Core/Src/main.c:1290:5:main	104	static,ignoring_inline_asm
../Core/Src/main.c:1947:6:HAL_UART_RxCpltCallback	8	static
../Core/Src/main.c:1965:6:Error_Handler	0	static,ignoring_inline_asm
