../Core/Src/main.c:727:6:USBRxData	20	static
../Core/Src/main.c:1553:16:fast_sin_x1000	0	static
../Core/Src/main.c:1859:6:CHPD_Control	0	static
../Core/Src/main.c:1545:6:displayMemWrite	24	static
../Core/Src/main.c:1574:6:mpuMemWrite	0	static
../Core/Src/main.c:1549:6:displayMemWriteDMA	16	static
../Core/Src/main.c:1578:6:mpuMemReadDMA	16	static
../Core/Src/main.c:1870:5:USART_SendByte	16	static
../Core/Src/main.c:1888:6:DebugESP01_To_USB	8	static
../Core/Src/main.c:1894:6:WiFi_Data_Callback	12	static
../Core/Src/main.c:1928:6:OnESP01ChangeState	8	static
../Core/Src/main.c:3033:17:LUT_Interpolate.constprop	12	static
../Core/Src/main.c:674:6:HAL_ADC_ConvCpltCallback	0	static
../Core/Src/main.c:681:6:HAL_I2C_MemTxCpltCallback	0	static
../Core/Src/main.c:685:6:HAL_I2C_MemRxCpltCallback	0	static
../Core/Src/main.c:689:6:HAL_TIM_PeriodElapsedCallback	8	static
../Core/Src/main.c:1530:6:heartBeatTask	8	static
../Core/Src/main.c:1582:6:ssd1306Data	88	static
../Core/Src/main.c:1738:6:i2cTask	24	static
../Core/Src/main.c:1833:6:PWM_Control	0	static
../Core/Src/main.c:766:6:SetRobotMode	16	static
../Core/Src/main.c:881:6:SetRobotModeRemote	0	static
../Core/Src/main.c:895:6:decodeCommand	88	static
../Core/Src/main.c:736:6:COMMTask	288	static
../Core/Src/main.c:1883:6:FeedRxBuf	0	static
../Core/Src/main.c:1958:6:softAPTask	96	static
../Core/Src/main.c:2116:6:initButton	0	static
../Core/Src/main.c:2125:9:updateMefTask	0	static
../Core/Src/main.c:2162:6:buttonTimeout10ms	16	static
../Core/Src/main.c:1476:6:do10ms	32	static
../Core/Src/main.c:2216:6:buttonTask	16	static
../Core/Src/main.c:2268:6:ControlSeguimiento	24	static
../Core/Src/main.c:2420:6:Control_Balanceo	8	static
../Core/Src/main.c:2441:6:Control_Joystick	0	static
../Core/Src/main.c:2464:6:Control_Esquivar	32	static
../Core/Src/main.c:3066:6:NormalizeLineSensors	16	static
../Core/Src/main.c:3077:6:HandleModeScreenTransition	24	static
../Core/Src/main.c:3303:6:SystemClock_Config	88	static,ignoring_inline_asm
../Core/Src/main.c:3823:6:HAL_UART_RxCpltCallback	8	static
../Core/Src/main.c:3836:6:HAL_UART_ErrorCallback	0	static
../Core/Src/main.c:3856:6:Speed_IntegrationTask	56	static
../Core/Src/main.c:2676:6:PID_Calcular	24	static
../Core/Src/main.c:2840:6:PIDTask	72	static
../Core/Src/main.c:3158:5:main	120	static,ignoring_inline_asm
../Core/Src/main.c:4033:6:Error_Handler	0	static,ignoring_inline_asm
