../Core/Src/main.c:494:6:USBRxData	20	static
../Core/Src/main.c:1061:6:CHPD_Control	0	static
../Core/Src/main.c:855:6:displayMemWrite	24	static
../Core/Src/main.c:863:6:mpuMemWrite	0	static
../Core/Src/main.c:859:6:displayMemWriteDMA	16	static
../Core/Src/main.c:867:6:mpuMemReadDMA	16	static
../Core/Src/main.c:1072:5:USART_SendByte	16	static
../Core/Src/main.c:1090:6:DebugESP01_To_USB	8	static
../Core/Src/main.c:1096:6:WiFi_Data_Callback	8	static
../Core/Src/main.c:1225:6:OnESP01ChangeState	8	static
../Core/Src/main.c:454:6:HAL_ADC_ConvCpltCallback	0	static
../Core/Src/main.c:461:6:HAL_I2C_MemTxCpltCallback	0	static
../Core/Src/main.c:465:6:HAL_I2C_MemRxCpltCallback	0	static
../Core/Src/main.c:469:6:HAL_TIM_PeriodElapsedCallback	16	static
../Core/Src/main.c:531:6:decodeCommand	56	static
../Core/Src/main.c:503:6:COMMTask	288	static
../Core/Src/main.c:836:6:do100ms	0	static
../Core/Src/main.c:842:6:heartBeatTask	8	static
../Core/Src/main.c:871:6:ssd1306Data	40	static
../Core/Src/main.c:941:6:i2cTask	24	static
../Core/Src/main.c:1027:6:PWM_Control	0	static
../Core/Src/main.c:1085:6:FeedRxBuf	0	static
../Core/Src/main.c:1140:6:sendHTMLForm	16	static
../Core/Src/main.c:1159:6:sendHTTPOKPage	16	static
../Core/Src/main.c:1175:6:parseHTTPGetParams	32	static
../Core/Src/main.c:1253:6:httpTask	192	static
../Core/Src/main.c:1309:6:initButton	0	static
../Core/Src/main.c:1316:9:updateMefTask	0	static
../Core/Src/main.c:1352:6:buttonTimeout10ms	8	static
../Core/Src/main.c:765:6:do10ms	24	static
../Core/Src/main.c:1376:6:buttonTask	0	static
../Core/Src/main.c:1387:6:PID_ControlTask	32	static
../Core/Src/main.c:1672:6:ssd1306_DrawCube	80	static
../Core/Src/main.c:1733:6:ssd1306_DrawTesseract	112	static
../Core/Src/main.c:1967:6:SystemClock_Config	88	static,ignoring_inline_asm
../Core/Src/main.c:1820:5:main	104	static,ignoring_inline_asm
../Core/Src/main.c:2487:6:HAL_UART_RxCpltCallback	8	static
../Core/Src/main.c:2500:6:HAL_UART_ErrorCallback	0	static
../Core/Src/main.c:2521:6:Error_Handler	0	static,ignoring_inline_asm
