../Core/Src/main.c:359:6:USBRxData	20	static
../Core/Src/main.c:937:6:OnESP01ChangeState	0	static
../Core/Src/main.c:770:6:CHPD_Control	0	static
../Core/Src/main.c:596:6:displayMemWrite	24	static
../Core/Src/main.c:604:6:mpuMemWrite	0	static
../Core/Src/main.c:600:6:displayMemWriteDMA	16	static
../Core/Src/main.c:608:6:mpuMemReadDMA	16	static
../Core/Src/main.c:781:5:USART_SendByte	16	static
../Core/Src/main.c:800:6:DebugESP01_To_USB	8	static
../Core/Src/main.c:807:6:WiFi_Data_Callback	8	static
../Core/Src/main.c:319:6:HAL_ADC_ConvCpltCallback	0	static
../Core/Src/main.c:326:6:HAL_I2C_MemTxCpltCallback	0	static
../Core/Src/main.c:330:6:HAL_I2C_MemRxCpltCallback	0	static
../Core/Src/main.c:334:6:HAL_TIM_PeriodElapsedCallback	16	static
../Core/Src/main.c:390:6:decodeCommand	72	static
../Core/Src/main.c:368:6:COMMTask	288	static
../Core/Src/main.c:577:6:do100ms	0	static
../Core/Src/main.c:583:6:heartBeatTask	8	static
../Core/Src/main.c:612:6:ssd1306Data	40	static
../Core/Src/main.c:682:6:i2cTask	16	static
../Core/Src/main.c:736:6:PWM_Control	12	static
../Core/Src/main.c:794:6:FeedRxBuf	0	static
../Core/Src/main.c:852:6:sendHTMLForm	16	static
../Core/Src/main.c:871:6:sendHTTPOKPage	16	static
../Core/Src/main.c:887:6:parseHTTPGetParams	32	static
../Core/Src/main.c:951:6:httpTask	192	static
../Core/Src/main.c:1007:6:initButton	0	static
../Core/Src/main.c:1014:9:updateMefTask	0	static
../Core/Src/main.c:1050:6:buttonTimeout10ms	8	static
../Core/Src/main.c:545:6:do10ms	24	static
../Core/Src/main.c:1074:6:buttonTask	0	static
../Core/Src/main.c:1087:6:PID_ControlTask	20	static
../Core/Src/main.c:1367:6:SystemClock_Config	88	static,ignoring_inline_asm
../Core/Src/main.c:1230:5:main	104	static,ignoring_inline_asm
../Core/Src/main.c:1887:6:HAL_UART_RxCpltCallback	8	static
../Core/Src/main.c:1905:6:Error_Handler	0	static,ignoring_inline_asm
