../Core/Src/main.c:593:6:USBRxData	20	static
../Core/Src/main.c:1566:6:CHPD_Control	0	static
../Core/Src/main.c:1313:6:displayMemWrite	24	static
../Core/Src/main.c:1321:6:mpuMemWrite	0	static
../Core/Src/main.c:1317:6:displayMemWriteDMA	16	static
../Core/Src/main.c:1325:6:mpuMemReadDMA	16	static
../Core/Src/main.c:1577:5:USART_SendByte	16	static
../Core/Src/main.c:1595:6:DebugESP01_To_USB	8	static
../Core/Src/main.c:1601:6:WiFi_Data_Callback	8	static
../Core/Src/main.c:1792:6:OnESP01ChangeState	8	static
../Core/Src/main.c:2741:17:LUT_Interpolate.constprop	12	static
../Core/Src/main.c:540:6:HAL_ADC_ConvCpltCallback	0	static
../Core/Src/main.c:547:6:HAL_I2C_MemTxCpltCallback	0	static
../Core/Src/main.c:551:6:HAL_I2C_MemRxCpltCallback	0	static
../Core/Src/main.c:555:6:HAL_TIM_PeriodElapsedCallback	8	static
../Core/Src/main.c:632:6:SetRobotMode	8	static
../Core/Src/main.c:703:6:SetRobotModeRemote	0	static
../Core/Src/main.c:715:6:decodeCommand	88	static
../Core/Src/main.c:602:6:COMMTask	288	static
../Core/Src/main.c:1298:6:heartBeatTask	8	static
../Core/Src/main.c:1329:6:ssd1306Data	64	static
../Core/Src/main.c:1445:6:i2cTask	24	static
../Core/Src/main.c:1540:6:PWM_Control	0	static
../Core/Src/main.c:1590:6:FeedRxBuf	0	static
../Core/Src/main.c:1655:15:sendJSONTelemetry	120	static
../Core/Src/main.c:1710:15:sendHTMLForm	16	static
../Core/Src/main.c:1723:15:sendHTTPOKPage	16	static
../Core/Src/main.c:1732:6:parseHTTPGetParams	32	static
../Core/Src/main.c:1821:6:httpTask	192	static
../Core/Src/main.c:1886:6:initButton	0	static
../Core/Src/main.c:1895:9:updateMefTask	0	static
../Core/Src/main.c:1932:6:buttonTimeout10ms	16	static
../Core/Src/main.c:1263:6:do10ms	24	static
../Core/Src/main.c:1986:6:buttonTask	16	static
../Core/Src/main.c:2038:6:LineFollowingMEF	24	static
../Core/Src/main.c:2774:6:NormalizeLineSensors	16	static
../Core/Src/main.c:2785:6:HandleModeScreenTransition	24	static
../Core/Src/main.c:3001:6:SystemClock_Config	88	static,ignoring_inline_asm
../Core/Src/main.c:3521:6:HAL_UART_RxCpltCallback	8	static
../Core/Src/main.c:3534:6:HAL_UART_ErrorCallback	0	static
../Core/Src/main.c:3554:6:Speed_IntegrationTask	56	static
../Core/Src/main.c:2187:6:PID_ControlTask	72	static
../Core/Src/main.c:2855:5:main	112	static,ignoring_inline_asm
../Core/Src/main.c:3701:6:Error_Handler	0	static,ignoring_inline_asm
