../Core/Src/main.c:484:6:USBRxData	20	static
../Core/Src/main.c:1051:6:CHPD_Control	0	static
../Core/Src/main.c:845:6:displayMemWrite	24	static
../Core/Src/main.c:853:6:mpuMemWrite	0	static
../Core/Src/main.c:849:6:displayMemWriteDMA	16	static
../Core/Src/main.c:857:6:mpuMemReadDMA	16	static
../Core/Src/main.c:1062:5:USART_SendByte	16	static
../Core/Src/main.c:1080:6:DebugESP01_To_USB	8	static
../Core/Src/main.c:1086:6:WiFi_Data_Callback	8	static
../Core/Src/main.c:1215:6:OnESP01ChangeState	8	static
../Core/Src/main.c:444:6:HAL_ADC_ConvCpltCallback	0	static
../Core/Src/main.c:451:6:HAL_I2C_MemTxCpltCallback	0	static
../Core/Src/main.c:455:6:HAL_I2C_MemRxCpltCallback	0	static
../Core/Src/main.c:459:6:HAL_TIM_PeriodElapsedCallback	16	static
../Core/Src/main.c:521:6:decodeCommand	56	static
../Core/Src/main.c:493:6:COMMTask	288	static
../Core/Src/main.c:826:6:do100ms	0	static
../Core/Src/main.c:832:6:heartBeatTask	8	static
../Core/Src/main.c:861:6:ssd1306Data	40	static
../Core/Src/main.c:931:6:i2cTask	24	static
../Core/Src/main.c:1017:6:PWM_Control	0	static
../Core/Src/main.c:1075:6:FeedRxBuf	0	static
../Core/Src/main.c:1130:6:sendHTMLForm	16	static
../Core/Src/main.c:1149:6:sendHTTPOKPage	16	static
../Core/Src/main.c:1165:6:parseHTTPGetParams	32	static
../Core/Src/main.c:1243:6:httpTask	192	static
../Core/Src/main.c:1299:6:initButton	0	static
../Core/Src/main.c:1306:9:updateMefTask	0	static
../Core/Src/main.c:1342:6:buttonTimeout10ms	8	static
../Core/Src/main.c:755:6:do10ms	24	static
../Core/Src/main.c:1366:6:buttonTask	0	static
../Core/Src/main.c:1377:6:PID_ControlTask	24	static
../Core/Src/main.c:1603:6:ssd1306_DrawCube	80	static
../Core/Src/main.c:1664:6:ssd1306_DrawTesseract	112	static
../Core/Src/main.c:1897:6:SystemClock_Config	88	static,ignoring_inline_asm
../Core/Src/main.c:1751:5:main	104	static,ignoring_inline_asm
../Core/Src/main.c:2417:6:HAL_UART_RxCpltCallback	8	static
../Core/Src/main.c:2430:6:HAL_UART_ErrorCallback	0	static
../Core/Src/main.c:2451:6:Error_Handler	0	static,ignoring_inline_asm
