../Core/Src/mpu6050.c:29:6:mpu6050_ADC_ConfCpltCallback	0	static
../Core/Src/mpu6050.c:33:6:mpu6050_Attach_MemWrite	0	static
../Core/Src/mpu6050.c:37:6:mpu6050_Attach_MemReadDMA	0	static
../Core/Src/mpu6050.c:43:6:mpu6050_WriteData	4	static
../Core/Src/mpu6050.c:48:6:mpu6050_ReadDataDMA	4	static
../Core/Src/mpu6050.c:54:6:mpu6050_Init	16	static
../Core/Src/mpu6050.c:80:6:mpu6050_Reset_State	0	static
../Core/Src/mpu6050.c:87:6:mpu6050_Read	8	static
../Core/Src/mpu6050.c:116:6:mpu6050_GetData	16	static
