../Core/Src/ssd1306.c:27:6:ssd1306_Reset	0	static
../Core/Src/ssd1306.c:32:6:ssd1306_WriteCommand	16	static
../Core/Src/ssd1306.c:37:6:ssd1306_WriteCommandDMA	16	static
../Core/Src/ssd1306.c:43:6:ssd1306_WriteData	4	static
../Core/Src/ssd1306.c:48:6:ssd1306_WriteDataDMA	4	static
../Core/Src/ssd1306.c:94:17:ssd1306_FillBuffer	8	static
../Core/Src/ssd1306.c:103:6:ssd1306_Attach_MemWriteDMA	0	static
../Core/Src/ssd1306.c:107:6:ssd1306_Attach_MemWrite	0	static
../Core/Src/ssd1306.c:111:6:ssd1306_ADC_ConfCpltCallback	0	static
../Core/Src/ssd1306.c:219:6:ssd1306_Fill	0	static
../Core/Src/ssd1306.c:224:6:ssd1306_UpdateScreen	16	static
../Core/Src/ssd1306.c:282:6:ssd1306_UpdateScreenDMA	16	static
../Core/Src/ssd1306.c:328:6:ssd1306_ResetDMAState	0	static
../Core/Src/ssd1306.c:342:6:ssd1306_DrawPixel	12	static
../Core/Src/ssd1306.c:362:6:ssd1306_WriteChar	72	static
../Core/Src/ssd1306.c:399:6:ssd1306_WriteString	40	static
../Core/Src/ssd1306.c:413:6:ssd1306_SetCursor	0	static
../Core/Src/ssd1306.c:419:6:ssd1306_Line	48	static
../Core/Src/ssd1306.c:446:6:ssd1306_Polyline	32	static
../Core/Src/ssd1306.c:570:6:ssd1306_DrawCircle	48	static
../Core/Src/ssd1306.c:605:6:ssd1306_FillCircle	48	static
../Core/Src/ssd1306.c:641:6:ssd1306_DrawRectangle	32	static
../Core/Src/ssd1306.c:651:6:ssd1306_FillRectangle	24	static
../Core/Src/ssd1306.c:665:17:ssd1306_InvertRectangle	28	static
../Core/Src/ssd1306.c:696:6:ssd1306_DrawBitmap	48	static
../Core/Src/ssd1306.c:720:6:ssd1306_SetContrast	8	static
../Core/Src/ssd1306.c:726:6:ssd1306_SetDisplayOn	0	static
../Core/Src/ssd1306.c:116:6:ssd1306_Init	8	static
../Core/Src/ssd1306.c:738:9:ssd1306_GetDisplayOn	0	static
