Archive member included to satisfy reference by file (symbol)

C:/ST/STM32CubeIDE_2.1.0/STM32CubeIDE/plugins/com.st.stm32cube.ide.mcu.externaltools.gnu-tools-for-stm32.14.3.rel1.win32_1.0.100.202602081740/tools/bin/../lib/gcc/arm-none-eabi/14.3.1/../../../../arm-none-eabi/lib/thumb/v7-m/nofp\libc_nano.a(libc_a-exit.o)
                              C:/ST/STM32CubeIDE_2.1.0/STM32CubeIDE/plugins/com.st.stm32cube.ide.mcu.externaltools.gnu-tools-for-stm32.14.3.rel1.win32_1.0.100.202602081740/tools/bin/../lib/gcc/arm-none-eabi/14.3.1/../../../../arm-none-eabi/lib/thumb/v7-m/nofp/crt0.o (exit)
C:/ST/STM32CubeIDE_2.1.0/STM32CubeIDE/plugins/com.st.stm32cube.ide.mcu.externaltools.gnu-tools-for-stm32.14.3.rel1.win32_1.0.100.202602081740/tools/bin/../lib/gcc/arm-none-eabi/14.3.1/../../../../arm-none-eabi/lib/thumb/v7-m/nofp\libc_nano.a(libc_a-itoa.o)
                              ./Core/Src/esp01.o (itoa)
C:/ST/STM32CubeIDE_2.1.0/STM32CubeIDE/plugins/com.st.stm32cube.ide.mcu.externaltools.gnu-tools-for-stm32.14.3.rel1.win32_1.0.100.202602081740/tools/bin/../lib/gcc/arm-none-eabi/14.3.1/../../../../arm-none-eabi/lib/thumb/v7-m/nofp\libc_nano.a(libc_a-utoa.o)
                              C:/ST/STM32CubeIDE_2.1.0/STM32CubeIDE/plugins/com.st.stm32cube.ide.mcu.externaltools.gnu-tools-for-stm32.14.3.rel1.win32_1.0.100.202602081740/tools/bin/../lib/gcc/arm-none-eabi/14.3.1/../../../../arm-none-eabi/lib/thumb/v7-m/nofp\libc_nano.a(libc_a-itoa.o) (__utoa)
C:/ST/STM32CubeIDE_2.1.0/STM32CubeIDE/plugins/com.st.stm32cube.ide.mcu.externaltools.gnu-tools-for-stm32.14.3.rel1.win32_1.0.100.202602081740/tools/bin/../lib/gcc/arm-none-eabi/14.3.1/../../../../arm-none-eabi/lib/thumb/v7-m/nofp\libc_nano.a(libc_a-findfp.o)
                              C:/ST/STM32CubeIDE_2.1.0/STM32CubeIDE/plugins/com.st.stm32cube.ide.mcu.externaltools.gnu-tools-for-stm32.14.3.rel1.win32_1.0.100.202602081740/tools/bin/../lib/gcc/arm-none-eabi/14.3.1/../../../../arm-none-eabi/lib/thumb/v7-m/nofp\libc_nano.a(libc_a-exit.o) (__stdio_exit_handler)
C:/ST/STM32CubeIDE_2.1.0/STM32CubeIDE/plugins/com.st.stm32cube.ide.mcu.externaltools.gnu-tools-for-stm32.14.3.rel1.win32_1.0.100.202602081740/tools/bin/../lib/gcc/arm-none-eabi/14.3.1/../../../../arm-none-eabi/lib/thumb/v7-m/nofp\libc_nano.a(libc_a-fwalk.o)
                              C:/ST/STM32CubeIDE_2.1.0/STM32CubeIDE/plugins/com.st.stm32cube.ide.mcu.externaltools.gnu-tools-for-stm32.14.3.rel1.win32_1.0.100.202602081740/tools/bin/../lib/gcc/arm-none-eabi/14.3.1/../../../../arm-none-eabi/lib/thumb/v7-m/nofp\libc_nano.a(libc_a-findfp.o) (_fwalk_sglue)
C:/ST/STM32CubeIDE_2.1.0/STM32CubeIDE/plugins/com.st.stm32cube.ide.mcu.externaltools.gnu-tools-for-stm32.14.3.rel1.win32_1.0.100.202602081740/tools/bin/../lib/gcc/arm-none-eabi/14.3.1/../../../../arm-none-eabi/lib/thumb/v7-m/nofp\libc_nano.a(libc_a-snprintf.o)
                              ./Core/Src/main.o (snprintf)
C:/ST/STM32CubeIDE_2.1.0/STM32CubeIDE/plugins/com.st.stm32cube.ide.mcu.externaltools.gnu-tools-for-stm32.14.3.rel1.win32_1.0.100.202602081740/tools/bin/../lib/gcc/arm-none-eabi/14.3.1/../../../../arm-none-eabi/lib/thumb/v7-m/nofp\libc_nano.a(libc_a-stdio.o)
                              C:/ST/STM32CubeIDE_2.1.0/STM32CubeIDE/plugins/com.st.stm32cube.ide.mcu.externaltools.gnu-tools-for-stm32.14.3.rel1.win32_1.0.100.202602081740/tools/bin/../lib/gcc/arm-none-eabi/14.3.1/../../../../arm-none-eabi/lib/thumb/v7-m/nofp\libc_nano.a(libc_a-findfp.o) (__sread)
C:/ST/STM32CubeIDE_2.1.0/STM32CubeIDE/plugins/com.st.stm32cube.ide.mcu.externaltools.gnu-tools-for-stm32.14.3.rel1.win32_1.0.100.202602081740/tools/bin/../lib/gcc/arm-none-eabi/14.3.1/../../../../arm-none-eabi/lib/thumb/v7-m/nofp\libc_nano.a(libc_a-memset.o)
                              C:/ST/STM32CubeIDE_2.1.0/STM32CubeIDE/plugins/com.st.stm32cube.ide.mcu.externaltools.gnu-tools-for-stm32.14.3.rel1.win32_1.0.100.202602081740/tools/bin/../lib/gcc/arm-none-eabi/14.3.1/../../../../arm-none-eabi/lib/thumb/v7-m/nofp/crt0.o (memset)
C:/ST/STM32CubeIDE_2.1.0/STM32CubeIDE/plugins/com.st.stm32cube.ide.mcu.externaltools.gnu-tools-for-stm32.14.3.rel1.win32_1.0.100.202602081740/tools/bin/../lib/gcc/arm-none-eabi/14.3.1/../../../../arm-none-eabi/lib/thumb/v7-m/nofp\libc_nano.a(libc_a-strncmp.o)
                              ./Core/Src/main.o (strncmp)
C:/ST/STM32CubeIDE_2.1.0/STM32CubeIDE/plugins/com.st.stm32cube.ide.mcu.externaltools.gnu-tools-for-stm32.14.3.rel1.win32_1.0.100.202602081740/tools/bin/../lib/gcc/arm-none-eabi/14.3.1/../../../../arm-none-eabi/lib/thumb/v7-m/nofp\libc_nano.a(libc_a-strncpy.o)
                              ./Core/Src/esp01.o (strncpy)
C:/ST/STM32CubeIDE_2.1.0/STM32CubeIDE/plugins/com.st.stm32cube.ide.mcu.externaltools.gnu-tools-for-stm32.14.3.rel1.win32_1.0.100.202602081740/tools/bin/../lib/gcc/arm-none-eabi/14.3.1/../../../../arm-none-eabi/lib/thumb/v7-m/nofp\libc_nano.a(libc_a-strstr.o)
                              ./Core/Src/main.o (strstr)
[...]
Memory Configuration

Name             Origin             Length             Attributes
RAM              0x20000000         0x00005000         xrw
FLASH            0x08000000         0x00010000         xr
*default*        0x00000000         0xffffffff

Linker script and memory map

LOAD C:/ST/STM32CubeIDE_2.1.0/STM32CubeIDE/plugins/com.st.stm32cube.ide.mcu.externaltools.gnu-tools-for-stm32.14.3.rel1.win32_1.0.100.202602081740/tools/bin/../lib/gcc/arm-none-eabi/14.3.1/thumb/v7-m/nofp/crti.o
LOAD C:/ST/STM32CubeIDE_2.1.0/STM32CubeIDE/plugins/com.st.stm32cube.ide.mcu.externaltools.gnu-tools-for-stm32.14.3.rel1.win32_1.0.100.202602081740/tools/bin/../lib/gcc/arm-none-eabi/14.3.1/thumb/v7-m/nofp/crtbegin.o
LOAD C:/ST/STM32CubeIDE_2.1.0/STM32CubeIDE/plugins/com.st.stm32cube.ide.mcu.externaltools.gnu-tools-for-stm32.14.3.rel1.win32_1.0.100.202602081740/tools/bin/../lib/gcc/arm-none-eabi/14.3.1/../../../../arm-none-eabi/lib/thumb/v7-m/nofp/crt0.o
LOAD ./Core/Src/esp01.o
LOAD ./Core/Src/fonts.o
LOAD ./Core/Src/main.o
LOAD ./Core/Src/mpu6050.o
LOAD ./Core/Src/ssd1306.o
LOAD ./Core/Src/stm32f1xx_hal_msp.o
LOAD ./Core/Src/stm32f1xx_it.o
LOAD ./Core/Src/syscalls.o
LOAD ./Core/Src/sysmem.o
LOAD ./Core/Src/system_stm32f1xx.o
LOAD ./Core/Src/unerPrtcl.o
LOAD ./Core/Src/wiregfx.o
LOAD ./Core/Startup/startup_stm32f103c8tx.o
LOAD ./Drivers/STM32F1xx_HAL_Driver/Src/stm32f1xx_hal.o
LOAD ./Drivers/STM32F1xx_HAL_Driver/Src/stm32f1xx_hal_adc.o
LOAD ./Drivers/STM32F1xx_HAL_Driver/Src/stm32f1xx_hal_adc_ex.o
LOAD ./Drivers/STM32F1xx_HAL_Driver/Src/stm32f1xx_hal_cortex.o
LOAD ./Drivers/STM32F1xx_HAL_Driver/Src/stm32f1xx_hal_dma.o
LOAD ./Drivers/STM32F1xx_HAL_Driver/Src/stm32f1xx_hal_exti.o
LOAD ./Drivers/STM32F1xx_HAL_Driver/Src/stm32f1xx_hal_flash.o
LOAD ./Drivers/STM32F1xx_HAL_Driver/Src/stm32f1xx_hal_flash_ex.o
LOAD ./Drivers/STM32F1xx_HAL_Driver/Src/stm32f1xx_hal_gpio.o
LOAD ./Drivers/STM32F1xx_HAL_Driver/Src/stm32f1xx_hal_gpio_ex.o
LOAD ./Drivers/STM32F1xx_HAL_Driver/Src/stm32f1xx_hal_i2c.o
LOAD ./Drivers/STM32F1xx_HAL_Driver/Src/stm32f1xx_hal_pcd.o
LOAD ./Drivers/STM32F1xx_HAL_Driver/Src/stm32f1xx_hal_pcd_ex.o
LOAD ./Drivers/STM32F1xx_HAL_Driver/Src/stm32f1xx_hal_pwr.o
LOAD ./Drivers/STM32F1xx_HAL_Driver/Src/stm32f1xx_hal_rcc.o
LOAD ./Drivers/STM32F1xx_HAL_Driver/Src/stm32f1xx_hal_rcc_ex.o
LOAD ./Drivers/STM32F1xx_HAL_Driver/Src/stm32f1xx_hal_tim.o
LOAD ./Drivers/STM32F1xx_HAL_Driver/Src/stm32f1xx_hal_tim_ex.o
LOAD ./Drivers/STM32F1xx_HAL_Driver/Src/stm32f1xx_hal_uart.o
LOAD ./Drivers/STM32F1xx_HAL_Driver/Src/stm32f1xx_ll_usb.o
LOAD ./Middlewares/ST/STM32_USB_Device_Library/Class/CDC/Src/usbd_cdc.o
LOAD ./Middlewares/ST/STM32_USB_Device_Library/Core/Src/usbd_core.o
LOAD ./Middlewares/ST/STM32_USB_Device_Library/Core/Src/usbd_ctlreq.o
LOAD ./Middlewares/ST/STM32_USB_Device_Library/Core/Src/usbd_ioreq.o
LOAD ./USB_DEVICE/App/usb_device.o
LOAD ./USB_DEVICE/App/usbd_cdc_if.o
LOAD ./USB_DEVICE/App/usbd_desc.o
LOAD ./USB_DEVICE/Target/usbd_conf.o
START GROUP
LOAD C:/ST/STM32CubeIDE_2.1.0/STM32CubeIDE/plugins/com.st.stm32cube.ide.mcu.externaltools.gnu-tools-for-stm32.14.3.rel1.win32_1.0.100.202602081740/tools/bin/../lib/gcc/arm-none-eabi/14.3.1/../../../../arm-none-eabi/lib/thumb/v7-m/nofp\libc_nano.a
LOAD C:/ST/STM32CubeIDE_2.1.0/STM32CubeIDE/plugins/com.st.stm32cube.ide.mcu.externaltools.gnu-tools-for-stm32.14.3.rel1.win32_1.0.100.202602081740/tools/bin/../lib/gcc/arm-none-eabi/14.3.1/../../../../arm-none-eabi/lib/thumb/v7-m/nofp\libm.a
END GROUP
START GROUP
LOAD C:/ST/STM32CubeIDE_2.1.0/STM32CubeIDE/plugins/com.st.stm32cube.ide.mcu.externaltools.gnu-tools-for-stm32.14.3.rel1.win32_1.0.100.202602081740/tools/bin/../lib/gcc/arm-none-eabi/14.3.1/thumb/v7-m/nofp\libgcc.a
LOAD C:/ST/STM32CubeIDE_2.1.0/STM32CubeIDE/plugins/com.st.stm32cube.ide.mcu.externaltools.gnu-tools-for-stm32.14.3.rel1.win32_1.0.100.202602081740/tools/bin/../lib/gcc/arm-none-eabi/14.3.1/../../../../arm-none-eabi/lib/thumb/v7-m/nofp\libc_nano.a
END GROUP
START GROUP
LOAD C:/ST/STM32CubeIDE_2.1.0/STM32CubeIDE/plugins/com.st.stm32cube.ide.mcu.externaltools.gnu-tools-for-stm32.14.3.rel1.win32_1.0.100.202602081740/tools/bin/../lib/gcc/arm-none-eabi/14.3.1/thumb/v7-m/nofp\libgcc.a
LOAD C:/ST/STM32CubeIDE_2.1.0/STM32CubeIDE/plugins/com.st.stm32cube.ide.mcu.externaltools.gnu-tools-for-stm32.14.3.rel1.win32_1.0.100.202602081740/tools/bin/../lib/gcc/arm-none-eabi/14.3.1/../../../../arm-none-eabi/lib/thumb/v7-m/nofp\libc_nano.a
LOAD C:/ST/STM32CubeIDE_2.1.0/STM32CubeIDE/plugins/com.st.stm32cube.ide.mcu.externaltools.gnu-tools-for-stm32.14.3.rel1.win32_1.0.100.202602081740/tools/bin/../lib/gcc/arm-none-eabi/14.3.1/../../../../arm-none-eabi/lib/thumb/v7-m/nofp\libnosys.a
END GROUP
START GROUP
LOAD C:/ST/STM32CubeIDE_2.1.0/STM32CubeIDE/plugins/com.st.stm32cube.ide.mcu.externaltools.gnu-tools-for-stm32.14.3.rel1.win32_1.0.100.202602081740/tools/bin/../lib/gcc/arm-none-eabi/14.3.1/thumb/v7-m/nofp\libgcc.a
LOAD C:/ST/STM32CubeIDE_2.1.0/STM32CubeIDE/plugins/com.st.stm32cube.ide.mcu.externaltools.gnu-tools-for-stm32.14.3.rel1.win32_1.0.100.202602081740/tools/bin/../lib/gcc/arm-none-eabi/14.3.1/../../../../arm-none-eabi/lib/thumb/v7-m/nofp\libc_nano.a
LOAD C:/ST/STM32CubeIDE_2.1.0/STM32CubeIDE/plugins/com.st.stm32cube.ide.mcu.externaltools.gnu-tools-for-stm32.14.3.rel1.win32_1.0.100.202602081740/tools/bin/../lib/gcc/arm-none-eabi/14.3.1/../../../../arm-none-eabi/lib/thumb/v7-m/nofp\libnosys.a
END GROUP
LOAD C:/ST/STM32CubeIDE_2.1.0/STM32CubeIDE/plugins/com.st.stm32cube.ide.mcu.externaltools.gnu-tools-for-stm32.14.3.rel1.win32_1.0.100.202602081740/tools/bin/../lib/gcc/arm-none-eabi/14.3.1/thumb/v7-m/nofp/crtend.o
LOAD C:/ST/STM32CubeIDE_2.1.0/STM32CubeIDE/plugins/com.st.stm32cube.ide.mcu.externaltools.gnu-tools-for-stm32.14.3.rel1.win32_1.0.100.202602081740/tools/bin/../lib/gcc/arm-none-eabi/14.3.1/thumb/v7-m/nofp/crtn.o
                0x20005000                        _estack = (ORIGIN (RAM) + LENGTH (RAM))
                0x00000200                        _Min_Heap_Size = 0x200
                0x00000400                        _Min_Stack_Size = 0x400

.isr_vector     0x08000000      0x10c
                0x08000000                        . = ALIGN (0x4)
 *(.isr_vector)
 .isr_vector    0x08000000      0x10c ./Core/Startup/startup_stm32f103c8tx.o
                0x08000000                g_pfnVectors
                0x0800010c                        . = ALIGN (0x4)

.text           0x08000110     0xe3ec
                0x08000110                        . = ALIGN (0x4)
 *(.text)
 .text          0x08000110       0x40 C:/ST/STM32CubeIDE_2.1.0/STM32CubeIDE/plugins/com.st.stm32cube.ide.mcu.externaltools.gnu-tools-for-stm32.14.3.rel1.win32_1.0.100.202602081740/tools/bin/../lib/gcc/arm-none-eabi/14.3.1/thumb/v7-m/nofp/crtbegin.o
 .text          0x08000150       0x14 C:/ST/STM32CubeIDE_2.1.0/STM32CubeIDE/plugins/com.st.stm32cube.ide.mcu.externaltools.gnu-tools-for-stm32.14.3.rel1.win32_1.0.100.202602081740/tools/bin/../lib/gcc/arm-none-eabi/14.3.1/../../../../arm-none-eabi/lib/thumb/v7-m/nofp\libc_nano.a(libc_a-strcmp.o)
                0x08000150                strcmp
 .text          0x08000164       0x10 C:/ST/STM32CubeIDE_2.1.0/STM32CubeIDE/plugins/com.st.stm32cube.ide.mcu.externaltools.gnu-tools-for-stm32.14.3.rel1.win32_1.0.100.202602081740/tools/bin/../lib/gcc/arm-none-eabi/14.3.1/../../../../arm-none-eabi/lib/thumb/v7-m/nofp\libc_nano.a(libc_a-strlen.o)
                0x08000164                strlen
 .text          0x08000174       0xa0 C:/ST/STM32CubeIDE_2.1.0/STM32CubeIDE/plugins/com.st.stm32cube.ide.mcu.externaltools.gnu-tools-for-stm32.14.3.rel1.win32_1.0.100.202602081740/tools/bin/../lib/gcc/arm-none-eabi/14.3.1/thumb/v7-m/nofp\libgcc.a(_aeabi_ldivmod.o)
                0x08000174                __aeabi_ldivmod
 .text          0x08000214      0x2f4 C:/ST/STM32CubeIDE_2.1.0/STM32CubeIDE/plugins/com.st.stm32cube.ide.mcu.externaltools.gnu-tools-for-stm32.14.3.rel1.win32_1.0.100.202602081740/tools/bin/../lib/gcc/arm-none-eabi/14.3.1/thumb/v7-m/nofp\libgcc.a(_udivmoddi4.o)
                0x08000214                __udivmoddi4
 .text          0x08000508        0x4 C:/ST/STM32CubeIDE_2.1.0/STM32CubeIDE/plugins/com.st.stm32cube.ide.mcu.externaltools.gnu-tools-for-stm32.14.3.rel1.win32_1.0.100.202602081740/tools/bin/../lib/gcc/arm-none-eabi/14.3.1/thumb/v7-m/nofp\libgcc.a(_dvmd_tls.o)
                0x08000508                __aeabi_idiv0
                0x08000508                __aeabi_ldiv0
 *(.text*)
 .text.ESP01StrToBufTX
                0x0800050c       0x3c ./Core/Src/esp01.o
 .text.ESP01ByteToBufTX
                0x08000548       0x28 ./Core/Src/esp01.o
 .text.ESP01_SetWIFI
                0x08000570       0x5c ./Core/Src/esp01.o
                0x08000570                ESP01_SetWIFI
 .text.ESP01_GetLastConnID
                0x080005cc        0xc ./Core/Src/esp01.o
                0x080005cc                ESP01_GetLastConnID
 .text.ESP01_StartUDP
                0x080005d8       0x8c ./Core/Src/esp01.o
                0x080005d8                ESP01_StartUDP
 .text.ESP01_StartTCP
                0x08000664       0x8c ./Core/Src/esp01.o
                0x08000664                ESP01_StartTCP
 .text.ESP01_StateUDPTCP
                0x080006f0       0x24 ./Core/Src/esp01.o
                0x080006f0                ESP01_StateUDPTCP
 .text.ESP01_WriteRX
                0x08000714       0x28 ./Core/Src/esp01.o
                0x08000714                ESP01_WriteRX
 .text.ESP01_Send
                0x0800073c      0x134 ./Core/Src/esp01.o
                0x0800073c                ESP01_Send
 .text.ESP01_Init
                0x08000870       0x6c ./Core/Src/esp01.o
                0x08000870                ESP01_Init
 .text.ESP01_Timeout10ms
                0x080008dc       0x78 ./Core/Src/esp01.o
                0x080008dc                ESP01_Timeout10ms
 .text.ESP01_Task
                0x08000954      0xc90 ./Core/Src/esp01.o
                0x08000954                ESP01_Task
 .text.ESP01_AttachChangeState
                0x080015e4        0xc ./Core/Src/esp01.o
                0x080015e4                ESP01_AttachChangeState
 .text.ESP01_AttachDebugStr
                0x080015f0        0xc ./Core/Src/esp01.o
                0x080015f0                ESP01_AttachDebugStr
 .text.USBRxData
                0x080015fc       0x40 ./Core/Src/main.o
                0x080015fc                USBRxData
 .text.WiFi_Data_Callback
                0x0800163c       0x7c ./Core/Src/main.o
                0x0800163c                WiFi_Data_Callback
 .text.LUT_Interpolate
                0x080016b8       0x5e ./Core/Src/main.o
 *fill*         0x08001716        0x2 
 .text.CHPD_Control
                0x08001718       0x18 ./Core/Src/main.o
                0x08001718                CHPD_Control
 .text.displayMemWrite
                0x08001730       0x24 ./Core/Src/main.o
                0x08001730                displayMemWrite
 .text.mpuMemWrite
                0x08001754       0x24 ./Core/Src/main.o
                0x08001754                mpuMemWrite
 .text.displayMemWriteDMA
                0x08001778       0x20 ./Core/Src/main.o
                0x08001778                displayMemWriteDMA
 .text.mpuMemReadDMA
                0x08001798       0x20 ./Core/Src/main.o
                0x08001798                mpuMemReadDMA
 .text.format_pitch_deg
                0x080017b8       0x64 ./Core/Src/main.o
 .text.format_yaw_deg
                0x0800181c       0x64 ./Core/Src/main.o
 .text.USART_SendByte
                0x08001880       0x24 ./Core/Src/main.o
                0x08001880                USART_SendByte
 .text.DebugESP01_To_USB
                0x080018a4       0x12 ./Core/Src/main.o
                0x080018a4                DebugESP01_To_USB
 *fill*         0x080018b6        0x2 
 .text.OnESP01ChangeState
                0x080018b8       0x98 ./Core/Src/main.o
                0x080018b8                OnESP01ChangeState
 .text.HAL_ADC_ConvCpltCallback
                0x08001950       0x20 ./Core/Src/main.o
                0x08001950                HAL_ADC_ConvCpltCallback
 .text.HAL_I2C_MemTxCpltCallback
                0x08001970        0xc ./Core/Src/main.o
                0x08001970                HAL_I2C_MemTxCpltCallback
 .text.HAL_I2C_MemRxCpltCallback
                0x0800197c        0xc ./Core/Src/main.o
                0x0800197c                HAL_I2C_MemRxCpltCallback
 .text.HAL_TIM_PeriodElapsedCallback
                0x08001988      0x100 ./Core/Src/main.o
                0x08001988                HAL_TIM_PeriodElapsedCallback
 .text.decodeCommand
                0x08001a88      0xf9c ./Core/Src/main.o
                0x08001a88                decodeCommand
 .text.COMMTask
                0x08002a24       0x90 ./Core/Src/main.o
                0x08002a24                COMMTask
 .text.heartBeatTask
                0x08002ab4       0x4c ./Core/Src/main.o
                0x08002ab4                heartBeatTask
 .text.ssd1306Data
                0x08002b00      0x41c ./Core/Src/main.o
                0x08002b00                ssd1306Data
 .text.i2cTask  0x08002f1c      0x184 ./Core/Src/main.o
                0x08002f1c                i2cTask
 .text.PWM_Control
                0x080030a0       0x34 ./Core/Src/main.o
                0x080030a0                PWM_Control
 .text.sendJSONTelemetry
                0x080030d4      0x140 ./Core/Src/main.o
                0x080030d4                sendJSONTelemetry
 .text.sendHTMLForm
                0x08003214      0x16c ./Core/Src/main.o
                0x08003214                sendHTMLForm
 .text.sendHTTPOKPage
                0x08003380       0x40 ./Core/Src/main.o
                0x08003380                sendHTTPOKPage
 .text.parseHTTPGetParams
                0x080033c0      0x160 ./Core/Src/main.o
                0x080033c0                parseHTTPGetParams
 .text.httpTask
                0x08003520      0x174 ./Core/Src/main.o
                0x08003520                httpTask
 .text.initButton
                0x08003694       0x14 ./Core/Src/main.o
                0x08003694                initButton
 .text.updateMefTask
                0x080036a8       0x64 ./Core/Src/main.o
                0x080036a8                updateMefTask
 .text.buttonTimeout10ms
                0x0800370c       0xac ./Core/Src/main.o
                0x0800370c                buttonTimeout10ms
 .text.do10ms   0x080037b8      0x178 ./Core/Src/main.o
                0x080037b8                do10ms
 .text.buttonTask
                0x08003930      0x200 ./Core/Src/main.o
                0x08003930                buttonTask
 .text.LineFollowingMEF
                0x08003b30      0x310 ./Core/Src/main.o
                0x08003b30                LineFollowingMEF
 .text.NormalizeLineSensors
                0x08003e40       0x50 ./Core/Src/main.o
                0x08003e40                NormalizeLineSensors
 .text.HandleModeScreenTransition
                0x08003e90      0x134 ./Core/Src/main.o
                0x08003e90                HandleModeScreenTransition
 .text.SystemClock_Config
                0x08003fc4       0x82 ./Core/Src/main.o
                0x08003fc4                SystemClock_Config
 *fill*         0x08004046        0x2 
 .text.HAL_UART_RxCpltCallback
                0x08004048       0x2c ./Core/Src/main.o
                0x08004048                HAL_UART_RxCpltCallback
 .text.HAL_UART_ErrorCallback
                0x08004074       0x30 ./Core/Src/main.o
                0x08004074                HAL_UART_ErrorCallback
 *fill*         0x080040a4        0x4 
 .text.Speed_IntegrationTask
                0x080040a8      0x328 ./Core/Src/main.o
                0x080040a8                Speed_IntegrationTask
 .text.PID_ControlTask
                0x080043d0      0xa88 ./Core/Src/main.o
                0x080043d0                PID_ControlTask
 .text.main     0x08004e58      0x728 ./Core/Src/main.o
                0x08004e58                main
 .text.Error_Handler
                0x08005580        0x4 ./Core/Src/main.o
                0x08005580                Error_Handler
 .text.mpu6050_ADC_ConfCpltCallback
                0x08005584        0xc ./Core/Src/mpu6050.o
                0x08005584                mpu6050_ADC_ConfCpltCallback
 .text.mpu6050_Attach_MemWrite
                0x08005590        0xc ./Core/Src/mpu6050.o
                0x08005590                mpu6050_Attach_MemWrite
 .text.mpu6050_Attach_MemReadDMA
                0x0800559c        0xc ./Core/Src/mpu6050.o
                0x0800559c                mpu6050_Attach_MemReadDMA
 .text.mpu6050_WriteData
                0x080055a8       0x18 ./Core/Src/mpu6050.o
                0x080055a8                mpu6050_WriteData
 .text.mpu6050_ReadDataDMA
                0x080055c0       0x18 ./Core/Src/mpu6050.o
                0x080055c0                mpu6050_ReadDataDMA
 .text.mpu6050_Init
                0x080055d8       0x4a ./Core/Src/mpu6050.o
                0x080055d8                mpu6050_Init
 *fill*         0x08005622        0x2 
 .text.mpu6050_Reset_State
                0x08005624       0x1c ./Core/Src/mpu6050.o
                0x08005624                mpu6050_Reset_State
 .text.mpu6050_Read
                0x08005640       0xc0 ./Core/Src/mpu6050.o
                0x08005640                mpu6050_Read
 .text.mpu6050_GetData
                0x08005700       0x58 ./Core/Src/mpu6050.o
                0x08005700                mpu6050_GetData
 .text.ssd1306_WriteCommand
                0x08005758       0x20 ./Core/Src/ssd1306.o
                0x08005758                ssd1306_WriteCommand
 .text.ssd1306_WriteCommandDMA
                0x08005778       0x20 ./Core/Src/ssd1306.o
                0x08005778                ssd1306_WriteCommandDMA
 .text.ssd1306_WriteData
                0x08005798       0x18 ./Core/Src/ssd1306.o
                0x08005798                ssd1306_WriteData
 .text.ssd1306_WriteDataDMA
                0x080057b0       0x18 ./Core/Src/ssd1306.o
                0x080057b0                ssd1306_WriteDataDMA
 .text.ssd1306_Attach_MemWriteDMA
                0x080057c8        0xc ./Core/Src/ssd1306.o
                0x080057c8                ssd1306_Attach_MemWriteDMA
 .text.ssd1306_Attach_MemWrite
                0x080057d4        0xc ./Core/Src/ssd1306.o
                0x080057d4                ssd1306_Attach_MemWrite
 .text.ssd1306_ADC_ConfCpltCallback
                0x080057e0        0xc ./Core/Src/ssd1306.o
                0x080057e0                ssd1306_ADC_ConfCpltCallback
 .text.ssd1306_Fill
                0x080057ec       0x1c ./Core/Src/ssd1306.o
                0x080057ec                ssd1306_Fill
 .text.ssd1306_UpdateScreen
                0x08005808       0x3c ./Core/Src/ssd1306.o
                0x08005808                ssd1306_UpdateScreen
 .text.ssd1306_UpdateScreenDMA
                0x08005844       0xa4 ./Core/Src/ssd1306.o
                0x08005844                ssd1306_UpdateScreenDMA
 .text.ssd1306_ResetDMAState
                0x080058e8       0x24 ./Core/Src/ssd1306.o
                0x080058e8                ssd1306_ResetDMAState
 .text.ssd1306_DrawPixel
                0x0800590c       0x4c ./Core/Src/ssd1306.o
                0x0800590c                ssd1306_DrawPixel
 .text.ssd1306_WriteChar
                0x08005958       0xdc ./Core/Src/ssd1306.o
                0x08005958                ssd1306_WriteChar
 .text.ssd1306_WriteString
                0x08005a34       0x34 ./Core/Src/ssd1306.o
                0x08005a34                ssd1306_WriteString
 .text.ssd1306_SetCursor
                0x08005a68        0xc ./Core/Src/ssd1306.o
                0x08005a68                ssd1306_SetCursor
 .text.ssd1306_Line
                0x08005a74       0x8a ./Core/Src/ssd1306.o
                0x08005a74                ssd1306_Line
 .text.ssd1306_FillRectangle
                0x08005afe       0x5e ./Core/Src/ssd1306.o
                0x08005afe                ssd1306_FillRectangle
 .text.ssd1306_SetContrast
                0x08005b5c       0x12 ./Core/Src/ssd1306.o
                0x08005b5c                ssd1306_SetContrast
 *fill*         0x08005b6e        0x2 
 .text.ssd1306_SetDisplayOn
                0x08005b70       0x1c ./Core/Src/ssd1306.o
                0x08005b70                ssd1306_SetDisplayOn
 .text.ssd1306_Init
                0x08005b8c       0xc8 ./Core/Src/ssd1306.o
                0x08005b8c                ssd1306_Init
 .text.HAL_MspInit
                0x08005c54       0x44 ./Core/Src/stm32f1xx_hal_msp.o
                0x08005c54                HAL_MspInit
 .text.HAL_ADC_MspInit
                0x08005c98       0xa8 ./Core/Src/stm32f1xx_hal_msp.o
                0x08005c98                HAL_ADC_MspInit
 .text.HAL_I2C_MspInit
                0x08005d40       0xec ./Core/Src/stm32f1xx_hal_msp.o
                0x08005d40                HAL_I2C_MspInit
 .text.HAL_I2C_MspDeInit
                0x08005e2c       0x54 ./Core/Src/stm32f1xx_hal_msp.o
                0x08005e2c                HAL_I2C_MspDeInit
 .text.HAL_TIM_Base_MspInit
                0x08005e80       0xfc ./Core/Src/stm32f1xx_hal_msp.o
                0x08005e80                HAL_TIM_Base_MspInit
 .text.HAL_TIM_MspPostInit
                0x08005f7c       0x64 ./Core/Src/stm32f1xx_hal_msp.o
                0x08005f7c                HAL_TIM_MspPostInit
 .text.HAL_UART_MspInit
                0x08005fe0       0x8c ./Core/Src/stm32f1xx_hal_msp.o
                0x08005fe0                HAL_UART_MspInit
 .text.NMI_Handler
                0x0800606c        0x2 ./Core/Src/stm32f1xx_it.o
                0x0800606c                NMI_Handler
 .text.HardFault_Handler
                0x0800606e        0x2 ./Core/Src/stm32f1xx_it.o
                0x0800606e                HardFault_Handler
 .text.MemManage_Handler
                0x08006070        0x2 ./Core/Src/stm32f1xx_it.o
                0x08006070                MemManage_Handler
 .text.BusFault_Handler
                0x08006072        0x2 ./Core/Src/stm32f1xx_it.o
                0x08006072                BusFault_Handler
 .text.UsageFault_Handler
                0x08006074        0x2 ./Core/Src/stm32f1xx_it.o
                0x08006074                UsageFault_Handler
 .text.SVC_Handler
                0x08006076        0x2 ./Core/Src/stm32f1xx_it.o
                0x08006076                SVC_Handler
 .text.DebugMon_Handler
                0x08006078        0x2 ./Core/Src/stm32f1xx_it.o
                0x08006078                DebugMon_Handler
 .text.PendSV_Handler
                0x0800607a        0x2 ./Core/Src/stm32f1xx_it.o
                0x0800607a                PendSV_Handler
 .text.SysTick_Handler
                0x0800607c        0x8 ./Core/Src/stm32f1xx_it.o
                0x0800607c                SysTick_Handler
 .text.DMA1_Channel1_IRQHandler
                0x08006084       0x10 ./Core/Src/stm32f1xx_it.o
                0x08006084                DMA1_Channel1_IRQHandler
 .text.DMA1_Channel4_IRQHandler
                0x08006094       0x10 ./Core/Src/stm32f1xx_it.o
                0x08006094                DMA1_Channel4_IRQHandler
 .text.DMA1_Channel5_IRQHandler
                0x080060a4       0x10 ./Core/Src/stm32f1xx_it.o
                0x080060a4                DMA1_Channel5_IRQHandler
 .text.ADC1_2_IRQHandler
                0x080060b4       0x10 ./Core/Src/stm32f1xx_it.o
                0x080060b4                ADC1_2_IRQHandler
 .text.USB_HP_CAN1_TX_IRQHandler
                0x080060c4       0x10 ./Core/Src/stm32f1xx_it.o
                0x080060c4                USB_HP_CAN1_TX_IRQHandler
 .text.USB_LP_CAN1_RX0_IRQHandler
                0x080060d4       0x10 ./Core/Src/stm32f1xx_it.o
                0x080060d4                USB_LP_CAN1_RX0_IRQHandler
 .text.TIM1_BRK_IRQHandler
                0x080060e4       0x10 ./Core/Src/stm32f1xx_it.o
                0x080060e4                TIM1_BRK_IRQHandler
 .text.TIM1_UP_IRQHandler
                0x080060f4       0x10 ./Core/Src/stm32f1xx_it.o
                0x080060f4                TIM1_UP_IRQHandler
 .text.TIM1_TRG_COM_IRQHandler
                0x08006104       0x10 ./Core/Src/stm32f1xx_it.o
                0x08006104                TIM1_TRG_COM_IRQHandler
 .text.TIM1_CC_IRQHandler
                0x08006114       0x10 ./Core/Src/stm32f1xx_it.o
                0x08006114                TIM1_CC_IRQHandler
 .text.TIM2_IRQHandler
                0x08006124       0x10 ./Core/Src/stm32f1xx_it.o
                0x08006124                TIM2_IRQHandler
 .text.TIM3_IRQHandler
                0x08006134       0x10 ./Core/Src/stm32f1xx_it.o
                0x08006134                TIM3_IRQHandler
 .text.TIM4_IRQHandler
                0x08006144       0x10 ./Core/Src/stm32f1xx_it.o
                0x08006144                TIM4_IRQHandler
 .text.I2C2_EV_IRQHandler
                0x08006154       0x10 ./Core/Src/stm32f1xx_it.o
                0x08006154                I2C2_EV_IRQHandler
 .text.I2C2_ER_IRQHandler
                0x08006164       0x10 ./Core/Src/stm32f1xx_it.o
                0x08006164                I2C2_ER_IRQHandler
 .text.USART1_IRQHandler
                0x08006174       0x10 ./Core/Src/stm32f1xx_it.o
                0x08006174                USART1_IRQHandler
 .text._sbrk    0x08006184       0x48 ./Core/Src/sysmem.o
                0x08006184                _sbrk
 .text.SystemInit
                0x080061cc        0x2 ./Core/Src/system_stm32f1xx.o
                0x080061cc                SystemInit
 .text.unerPrtcl_PutHeaderOnTx
                0x080061ce       0xee ./Core/Src/unerPrtcl.o
                0x080061ce                unerPrtcl_PutHeaderOnTx
 .text.unerPrtcl_PutByteOnTx
                0x080062bc       0x28 ./Core/Src/unerPrtcl.o
                0x080062bc                unerPrtcl_PutByteOnTx
 .text.unerPrtcl_PutStrOntx
                0x080062e4       0x5c ./Core/Src/unerPrtcl.o
                0x080062e4                unerPrtcl_PutStrOntx
 .text.unerPrtcl_GetByteFromRx
                0x08006340       0x20 ./Core/Src/unerPrtcl.o
                0x08006340                unerPrtcl_GetByteFromRx
 .text.unerPrtcl_DecodeHeader
                0x08006360      0x114 ./Core/Src/unerPrtcl.o
                0x08006360                unerPrtcl_DecodeHeader
 .text.unerPrtcl_Init
                0x08006474       0x2c ./Core/Src/unerPrtcl.o
                0x08006474                unerPrtcl_Init
 .text.WIREGFX_Graphics_DrawCube
                0x080064a0      0x100 ./Core/Src/wiregfx.o
                0x080064a0                WIREGFX_Graphics_DrawCube
 .text.WIREGFX_Graphics_DrawTesseract
                0x080065a0      0x110 ./Core/Src/wiregfx.o
                0x080065a0                WIREGFX_Graphics_DrawTesseract
 .text.WIREGFX_Graphics_DrawPyramid
                0x080066b0      0x100 ./Core/Src/wiregfx.o
                0x080066b0                WIREGFX_Graphics_DrawPyramid
 .text.WIREGFX_ResetCycle
                0x080067b0       0x1c ./Core/Src/wiregfx.o
                0x080067b0                WIREGFX_ResetCycle
 .text.WIREGFX_DisplayTask
                0x080067cc       0x6c ./Core/Src/wiregfx.o
                0x080067cc                WIREGFX_DisplayTask
 .text.Reset_Handler
                0x08006838       0x48 ./Core/Startup/startup_stm32f103c8tx.o
                0x08006838                Reset_Handler
 .text.Default_Handler
                0x08006880        0x2 ./Core/Startup/startup_stm32f103c8tx.o
                0x08006880                RTC_Alarm_IRQHandler
                0x08006880                EXTI2_IRQHandler
                0x08006880                PVD_IRQHandler
                0x08006880                EXTI3_IRQHandler
                0x08006880                EXTI0_IRQHandler
                0x08006880                SPI1_IRQHandler
                0x08006880                TAMPER_IRQHandler
                0x08006880                USART3_IRQHandler
                0x08006880                RTC_IRQHandler
                0x08006880                DMA1_Channel7_IRQHandler
                0x08006880                CAN1_RX1_IRQHandler
                0x08006880                I2C1_EV_IRQHandler
                0x08006880                DMA1_Channel6_IRQHandler
                0x08006880                RCC_IRQHandler
                0x08006880                Default_Handler
                0x08006880                EXTI15_10_IRQHandler
                0x08006880                EXTI9_5_IRQHandler
                0x08006880                SPI2_IRQHandler
                0x08006880                EXTI4_IRQHandler
                0x08006880                DMA1_Channel3_IRQHandler
                0x08006880                WWDG_IRQHandler
                0x08006880                EXTI1_IRQHandler
                0x08006880                USART2_IRQHandler
                0x08006880                DMA1_Channel2_IRQHandler
                0x08006880                CAN1_SCE_IRQHandler
                0x08006880                FLASH_IRQHandler
                0x08006880                I2C1_ER_IRQHandler
                0x08006880                USBWakeUp_IRQHandler
 *fill*         0x08006882        0x2 
 .text.HAL_InitTick
                0x08006884       0x4c ./Drivers/STM32F1xx_HAL_Driver/Src/stm32f1xx_hal.o
                0x08006884                HAL_InitTick
 .text.HAL_Init
                0x080068d0       0x24 ./Drivers/STM32F1xx_HAL_Driver/Src/stm32f1xx_hal.o
                0x080068d0                HAL_Init
 .text.HAL_IncTick
                0x080068f4       0x18 ./Drivers/STM32F1xx_HAL_Driver/Src/stm32f1xx_hal.o
                0x080068f4                HAL_IncTick
 .text.HAL_GetTick
                0x0800690c        0xc ./Drivers/STM32F1xx_HAL_Driver/Src/stm32f1xx_hal.o
                0x0800690c                HAL_GetTick
 .text.HAL_Delay
                0x08006918       0x28 ./Drivers/STM32F1xx_HAL_Driver/Src/stm32f1xx_hal.o
                0x08006918                HAL_Delay
 .text.ADC_DMAConvCplt
                0x08006940       0x52 ./Drivers/STM32F1xx_HAL_Driver/Src/stm32f1xx_hal_adc.o
                0x08006940                ADC_DMAConvCplt
 .text.HAL_ADC_ConvHalfCpltCallback
                0x08006992        0x2 ./Drivers/STM32F1xx_HAL_Driver/Src/stm32f1xx_hal_adc.o
                0x08006992                HAL_ADC_ConvHalfCpltCallback
 .text.ADC_DMAHalfConvCplt
                0x08006994        0xa ./Drivers/STM32F1xx_HAL_Driver/Src/stm32f1xx_hal_adc.o
                0x08006994                ADC_DMAHalfConvCplt
 .text.HAL_ADC_LevelOutOfWindowCallback
                0x0800699e        0x2 ./Drivers/STM32F1xx_HAL_Driver/Src/stm32f1xx_hal_adc.o
                0x0800699e                HAL_ADC_LevelOutOfWindowCallback
 .text.HAL_ADC_IRQHandler
                0x080069a0      0x102 ./Drivers/STM32F1xx_HAL_Driver/Src/stm32f1xx_hal_adc.o
                0x080069a0                HAL_ADC_IRQHandler
 .text.HAL_ADC_ErrorCallback
                0x08006aa2        0x2 ./Drivers/STM32F1xx_HAL_Driver/Src/stm32f1xx_hal_adc.o
                0x08006aa2                HAL_ADC_ErrorCallback
 .text.ADC_DMAError
                0x08006aa4       0x1a ./Drivers/STM32F1xx_HAL_Driver/Src/stm32f1xx_hal_adc.o
                0x08006aa4                ADC_DMAError
 *fill*         0x08006abe        0x2 
 .text.HAL_ADC_ConfigChannel
                0x08006ac0      0x148 ./Drivers/STM32F1xx_HAL_Driver/Src/stm32f1xx_hal_adc.o
                0x08006ac0                HAL_ADC_ConfigChannel
 .text.ADC_Enable
                0x08006c08       0x98 ./Drivers/STM32F1xx_HAL_Driver/Src/stm32f1xx_hal_adc.o
                0x08006c08                ADC_Enable
 .text.HAL_ADC_Start_DMA
                0x08006ca0      0x128 ./Drivers/STM32F1xx_HAL_Driver/Src/stm32f1xx_hal_adc.o
                0x08006ca0                HAL_ADC_Start_DMA
 .text.ADC_ConversionStop_Disable
                0x08006dc8       0x64 ./Drivers/STM32F1xx_HAL_Driver/Src/stm32f1xx_hal_adc.o
                0x08006dc8                ADC_ConversionStop_Disable
 .text.HAL_ADC_Init
                0x08006e2c      0x108 ./Drivers/STM32F1xx_HAL_Driver/Src/stm32f1xx_hal_adc.o
                0x08006e2c                HAL_ADC_Init
 .text.HAL_ADCEx_InjectedConvCpltCallback
                0x08006f34        0x2 ./Drivers/STM32F1xx_HAL_Driver/Src/stm32f1xx_hal_adc_ex.o
                0x08006f34                HAL_ADCEx_InjectedConvCpltCallback
 *fill*         0x08006f36        0x2 
 .text.HAL_NVIC_SetPriorityGrouping
                0x08006f38       0x24 ./Drivers/STM32F1xx_HAL_Driver/Src/stm32f1xx_hal_cortex.o
                0x08006f38                HAL_NVIC_SetPriorityGrouping
 .text.HAL_NVIC_SetPriority
                0x08006f5c       0x6c ./Drivers/STM32F1xx_HAL_Driver/Src/stm32f1xx_hal_cortex.o
                0x08006f5c                HAL_NVIC_SetPriority
 .text.HAL_NVIC_EnableIRQ
                0x08006fc8       0x1c ./Drivers/STM32F1xx_HAL_Driver/Src/stm32f1xx_hal_cortex.o
                0x08006fc8                HAL_NVIC_EnableIRQ
 .text.HAL_NVIC_DisableIRQ
                0x08006fe4       0x24 ./Drivers/STM32F1xx_HAL_Driver/Src/stm32f1xx_hal_cortex.o
                0x08006fe4                HAL_NVIC_DisableIRQ
 .text.HAL_SYSTICK_Config
                0x08007008       0x28 ./Drivers/STM32F1xx_HAL_Driver/Src/stm32f1xx_hal_cortex.o
                0x08007008                HAL_SYSTICK_Config
 .text.HAL_DMA_Init
                0x08007030       0x68 ./Drivers/STM32F1xx_HAL_Driver/Src/stm32f1xx_hal_dma.o
                0x08007030                HAL_DMA_Init
 .text.HAL_DMA_DeInit
                0x08007098       0x68 ./Drivers/STM32F1xx_HAL_Driver/Src/stm32f1xx_hal_dma.o
                0x08007098                HAL_DMA_DeInit
 .text.HAL_DMA_Start_IT
                0x08007100       0x9a ./Drivers/STM32F1xx_HAL_Driver/Src/stm32f1xx_hal_dma.o
                0x08007100                HAL_DMA_Start_IT
 .text.HAL_DMA_Abort
                0x0800719a       0x40 ./Drivers/STM32F1xx_HAL_Driver/Src/stm32f1xx_hal_dma.o
                0x0800719a                HAL_DMA_Abort
 *fill*         0x080071da        0x2 
 .text.HAL_DMA_Abort_IT
                0x080071dc       0x94 ./Drivers/STM32F1xx_HAL_Driver/Src/stm32f1xx_hal_dma.o
                0x080071dc                HAL_DMA_Abort_IT
 .text.HAL_DMA_IRQHandler
                0x08007270      0x140 ./Drivers/STM32F1xx_HAL_Driver/Src/stm32f1xx_hal_dma.o
                0x08007270                HAL_DMA_IRQHandler
 .text.HAL_DMA_GetState
                0x080073b0        0x6 ./Drivers/STM32F1xx_HAL_Driver/Src/stm32f1xx_hal_dma.o
                0x080073b0                HAL_DMA_GetState
 *fill*         0x080073b6        0x2 
 .text.HAL_GPIO_Init
                0x080073b8      0x240 ./Drivers/STM32F1xx_HAL_Driver/Src/stm32f1xx_hal_gpio.o
                0x080073b8                HAL_GPIO_Init
 .text.HAL_GPIO_DeInit
                0x080075f8       0xfc ./Drivers/STM32F1xx_HAL_Driver/Src/stm32f1xx_hal_gpio.o
                0x080075f8                HAL_GPIO_DeInit
 .text.HAL_GPIO_ReadPin
                0x080076f4        0xc ./Drivers/STM32F1xx_HAL_Driver/Src/stm32f1xx_hal_gpio.o
                0x080076f4                HAL_GPIO_ReadPin
 .text.HAL_GPIO_WritePin
                0x08007700        0xc ./Drivers/STM32F1xx_HAL_Driver/Src/stm32f1xx_hal_gpio.o
                0x08007700                HAL_GPIO_WritePin
 .text.I2C_IsAcknowledgeFailed
                0x0800770c       0x32 ./Drivers/STM32F1xx_HAL_Driver/Src/stm32f1xx_hal_i2c.o
 .text.I2C_WaitOnFlagUntilTimeout
                0x0800773e       0x86 ./Drivers/STM32F1xx_HAL_Driver/Src/stm32f1xx_hal_i2c.o
 .text.I2C_WaitOnMasterAddressFlagUntilTimeout
                0x080077c4       0xba ./Drivers/STM32F1xx_HAL_Driver/Src/stm32f1xx_hal_i2c.o
 .text.I2C_WaitOnTXEFlagUntilTimeout
                0x0800787e       0x5e ./Drivers/STM32F1xx_HAL_Driver/Src/stm32f1xx_hal_i2c.o
 .text.I2C_RequestMemoryWrite
                0x080078dc       0xe0 ./Drivers/STM32F1xx_HAL_Driver/Src/stm32f1xx_hal_i2c.o
 .text.I2C_RequestMemoryRead
                0x080079bc      0x164 ./Drivers/STM32F1xx_HAL_Driver/Src/stm32f1xx_hal_i2c.o
 .text.I2C_WaitOnBTFFlagUntilTimeout
                0x08007b20       0x5e ./Drivers/STM32F1xx_HAL_Driver/Src/stm32f1xx_hal_i2c.o
 *fill*         0x08007b7e        0x2 
 .text.HAL_I2C_Init
                0x08007b80      0x184 ./Drivers/STM32F1xx_HAL_Driver/Src/stm32f1xx_hal_i2c.o
                0x08007b80                HAL_I2C_Init
 .text.HAL_I2C_DeInit
                0x08007d04       0x32 ./Drivers/STM32F1xx_HAL_Driver/Src/stm32f1xx_hal_i2c.o
                0x08007d04                HAL_I2C_DeInit
 *fill*         0x08007d36        0x2 
 .text.HAL_I2C_Mem_Write
                0x08007d38      0x168 ./Drivers/STM32F1xx_HAL_Driver/Src/stm32f1xx_hal_i2c.o
                0x08007d38                HAL_I2C_Mem_Write
 .text.HAL_I2C_Mem_Write_DMA
                0x08007ea0      0x1c8 ./Drivers/STM32F1xx_HAL_Driver/Src/stm32f1xx_hal_i2c.o
                0x08007ea0                HAL_I2C_Mem_Write_DMA
 .text.HAL_I2C_Mem_Read_DMA
                0x08008068      0x204 ./Drivers/STM32F1xx_HAL_Driver/Src/stm32f1xx_hal_i2c.o
                0x08008068                HAL_I2C_Mem_Read_DMA
 .text.HAL_I2C_MasterTxCpltCallback
                0x0800826c        0x2 ./Drivers/STM32F1xx_HAL_Driver/Src/stm32f1xx_hal_i2c.o
                0x0800826c                HAL_I2C_MasterTxCpltCallback
 .text.HAL_I2C_MasterRxCpltCallback
                0x0800826e        0x2 ./Drivers/STM32F1xx_HAL_Driver/Src/stm32f1xx_hal_i2c.o
                0x0800826e                HAL_I2C_MasterRxCpltCallback
 .text.HAL_I2C_SlaveTxCpltCallback
                0x08008270        0x2 ./Drivers/STM32F1xx_HAL_Driver/Src/stm32f1xx_hal_i2c.o
                0x08008270                HAL_I2C_SlaveTxCpltCallback
 .text.HAL_I2C_SlaveRxCpltCallback
                0x08008272        0x2 ./Drivers/STM32F1xx_HAL_Driver/Src/stm32f1xx_hal_i2c.o
                0x08008272                HAL_I2C_SlaveRxCpltCallback
 .text.HAL_I2C_AddrCallback
                0x08008274        0x2 ./Drivers/STM32F1xx_HAL_Driver/Src/stm32f1xx_hal_i2c.o
                0x08008274                HAL_I2C_AddrCallback
 .text.HAL_I2C_ListenCpltCallback
                0x08008276        0x2 ./Drivers/STM32F1xx_HAL_Driver/Src/stm32f1xx_hal_i2c.o
                0x08008276                HAL_I2C_ListenCpltCallback
 .text.I2C_MemoryTransmit_TXE_BTF
                0x08008278       0xd0 ./Drivers/STM32F1xx_HAL_Driver/Src/stm32f1xx_hal_i2c.o
 .text.HAL_I2C_ErrorCallback
                0x08008348        0x2 ./Drivers/STM32F1xx_HAL_Driver/Src/stm32f1xx_hal_i2c.o
                0x08008348                HAL_I2C_ErrorCallback
 .text.I2C_DMAError
                0x0800834a       0x3a ./Drivers/STM32F1xx_HAL_Driver/Src/stm32f1xx_hal_i2c.o
 .text.I2C_DMAXferCplt
                0x08008384      0x13a ./Drivers/STM32F1xx_HAL_Driver/Src/stm32f1xx_hal_i2c.o
 .text.HAL_I2C_AbortCpltCallback
                0x080084be        0x2 ./Drivers/STM32F1xx_HAL_Driver/Src/stm32f1xx_hal_i2c.o
                0x080084be                HAL_I2C_AbortCpltCallback
 .text.I2C_DMAAbort
                0x080084c0       0xe0 ./Drivers/STM32F1xx_HAL_Driver/Src/stm32f1xx_hal_i2c.o
 .text.I2C_ITError
                0x080085a0      0x17c ./Drivers/STM32F1xx_HAL_Driver/Src/stm32f1xx_hal_i2c.o
 .text.HAL_I2C_EV_IRQHandler
                0x0800871c      0xae4 ./Drivers/STM32F1xx_HAL_Driver/Src/stm32f1xx_hal_i2c.o
                0x0800871c                HAL_I2C_EV_IRQHandler
 .text.HAL_I2C_ER_IRQHandler
                0x08009200      0x1b8 ./Drivers/STM32F1xx_HAL_Driver/Src/stm32f1xx_hal_i2c.o
                0x08009200                HAL_I2C_ER_IRQHandler
 .text.HAL_I2C_GetState
                0x080093b8        0x6 ./Drivers/STM32F1xx_HAL_Driver/Src/stm32f1xx_hal_i2c.o
                0x080093b8                HAL_I2C_GetState
 .text.HAL_I2C_GetError
                0x080093be        0x4 ./Drivers/STM32F1xx_HAL_Driver/Src/stm32f1xx_hal_i2c.o
                0x080093be                HAL_I2C_GetError
 .text.HAL_PCD_Init
                0x080093c2       0xd4 ./Drivers/STM32F1xx_HAL_Driver/Src/stm32f1xx_hal_pcd.o
                0x080093c2                HAL_PCD_Init
 .text.HAL_PCD_Start
                0x08009496       0x32 ./Drivers/STM32F1xx_HAL_Driver/Src/stm32f1xx_hal_pcd.o
                0x08009496                HAL_PCD_Start
 .text.HAL_PCD_SetAddress
                0x080094c8       0x26 ./Drivers/STM32F1xx_HAL_Driver/Src/stm32f1xx_hal_pcd.o
                0x080094c8                HAL_PCD_SetAddress
 .text.HAL_PCD_IRQHandler
                0x080094ee      0xd4c ./Drivers/STM32F1xx_HAL_Driver/Src/stm32f1xx_hal_pcd.o
                0x080094ee                HAL_PCD_IRQHandler
 .text.HAL_PCD_EP_Open
                0x0800a23a       0x78 ./Drivers/STM32F1xx_HAL_Driver/Src/stm32f1xx_hal_pcd.o
                0x0800a23a                HAL_PCD_EP_Open
 .text.HAL_PCD_EP_Close
                0x0800a2b2       0x6c ./Drivers/STM32F1xx_HAL_Driver/Src/stm32f1xx_hal_pcd.o
                0x0800a2b2                HAL_PCD_EP_Close
 .text.HAL_PCD_EP_Receive
                0x0800a31e       0x32 ./Drivers/STM32F1xx_HAL_Driver/Src/stm32f1xx_hal_pcd.o
                0x0800a31e                HAL_PCD_EP_Receive
 .text.HAL_PCD_EP_GetRxCount
                0x0800a350       0x12 ./Drivers/STM32F1xx_HAL_Driver/Src/stm32f1xx_hal_pcd.o
                0x0800a350                HAL_PCD_EP_GetRxCount
 .text.HAL_PCD_EP_Transmit
                0x0800a362       0x3c ./Drivers/STM32F1xx_HAL_Driver/Src/stm32f1xx_hal_pcd.o
                0x0800a362                HAL_PCD_EP_Transmit
 .text.HAL_PCD_EP_SetStall
                0x0800a39e       0x80 ./Drivers/STM32F1xx_HAL_Driver/Src/stm32f1xx_hal_pcd.o
                0x0800a39e                HAL_PCD_EP_SetStall
 .text.HAL_PCD_EP_ClrStall
                0x0800a41e       0x7e ./Drivers/STM32F1xx_HAL_Driver/Src/stm32f1xx_hal_pcd.o
                0x0800a41e                HAL_PCD_EP_ClrStall
 .text.HAL_PCDEx_PMAConfig
                0x0800a49c       0x38 ./Drivers/STM32F1xx_HAL_Driver/Src/stm32f1xx_hal_pcd_ex.o
                0x0800a49c                HAL_PCDEx_PMAConfig
 .text.HAL_RCC_OscConfig
                0x0800a4d4      0x42c ./Drivers/STM32F1xx_HAL_Driver/Src/stm32f1xx_hal_rcc.o
                0x0800a4d4                HAL_RCC_OscConfig
 .text.HAL_RCC_GetSysClockFreq
                0x0800a900       0x54 ./Drivers/STM32F1xx_HAL_Driver/Src/stm32f1xx_hal_rcc.o
                0x0800a900                HAL_RCC_GetSysClockFreq
 .text.HAL_RCC_ClockConfig
                0x0800a954      0x170 ./Drivers/STM32F1xx_HAL_Driver/Src/stm32f1xx_hal_rcc.o
                0x0800a954                HAL_RCC_ClockConfig
 .text.HAL_RCC_GetPCLK1Freq
                0x0800aac4       0x20 ./Drivers/STM32F1xx_HAL_Driver/Src/stm32f1xx_hal_rcc.o
                0x0800aac4                HAL_RCC_GetPCLK1Freq
 .text.HAL_RCC_GetPCLK2Freq
                0x0800aae4       0x20 ./Drivers/STM32F1xx_HAL_Driver/Src/stm32f1xx_hal_rcc.o
                0x0800aae4                HAL_RCC_GetPCLK2Freq
 .text.HAL_RCCEx_PeriphCLKConfig
                0x0800ab04      0x11c ./Drivers/STM32F1xx_HAL_Driver/Src/stm32f1xx_hal_rcc_ex.o
                0x0800ab04                HAL_RCCEx_PeriphCLKConfig
 .text.TIM_OC1_SetConfig
                0x0800ac20       0x54 ./Drivers/STM32F1xx_HAL_Driver/Src/stm32f1xx_hal_tim.o
 .text.TIM_OC3_SetConfig
                0x0800ac74       0x58 ./Drivers/STM32F1xx_HAL_Driver/Src/stm32f1xx_hal_tim.o
 .text.TIM_OC4_SetConfig
                0x0800accc       0x48 ./Drivers/STM32F1xx_HAL_Driver/Src/stm32f1xx_hal_tim.o
 .text.HAL_TIM_Base_Start_IT
                0x0800ad14       0x64 ./Drivers/STM32F1xx_HAL_Driver/Src/stm32f1xx_hal_tim.o
                0x0800ad14                HAL_TIM_Base_Start_IT
 .text.HAL_TIM_PWM_MspInit
                0x0800ad78        0x2 ./Drivers/STM32F1xx_HAL_Driver/Src/stm32f1xx_hal_tim.o
                0x0800ad78                HAL_TIM_PWM_MspInit
 .text.HAL_TIM_OC_DelayElapsedCallback
                0x0800ad7a        0x2 ./Drivers/STM32F1xx_HAL_Driver/Src/stm32f1xx_hal_tim.o
                0x0800ad7a                HAL_TIM_OC_DelayElapsedCallback
 .text.HAL_TIM_IC_CaptureCallback
                0x0800ad7c        0x2 ./Drivers/STM32F1xx_HAL_Driver/Src/stm32f1xx_hal_tim.o
                0x0800ad7c                HAL_TIM_IC_CaptureCallback
 .text.HAL_TIM_PWM_PulseFinishedCallback
                0x0800ad7e        0x2 ./Drivers/STM32F1xx_HAL_Driver/Src/stm32f1xx_hal_tim.o
                0x0800ad7e                HAL_TIM_PWM_PulseFinishedCallback
 .text.HAL_TIM_TriggerCallback
                0x0800ad80        0x2 ./Drivers/STM32F1xx_HAL_Driver/Src/stm32f1xx_hal_tim.o
                0x0800ad80                HAL_TIM_TriggerCallback
 .text.HAL_TIM_IRQHandler
                0x0800ad82      0x15e ./Drivers/STM32F1xx_HAL_Driver/Src/stm32f1xx_hal_tim.o
                0x0800ad82                HAL_TIM_IRQHandler
 .text.TIM_Base_SetConfig
                0x0800aee0       0xe4 ./Drivers/STM32F1xx_HAL_Driver/Src/stm32f1xx_hal_tim.o
                0x0800aee0                TIM_Base_SetConfig
 .text.HAL_TIM_Base_Init
                0x0800afc4       0x58 ./Drivers/STM32F1xx_HAL_Driver/Src/stm32f1xx_hal_tim.o
                0x0800afc4                HAL_TIM_Base_Init
 .text.HAL_TIM_PWM_Init
                0x0800b01c       0x58 ./Drivers/STM32F1xx_HAL_Driver/Src/stm32f1xx_hal_tim.o
                0x0800b01c                HAL_TIM_PWM_Init
 .text.TIM_OC2_SetConfig
                0x0800b074       0x5c ./Drivers/STM32F1xx_HAL_Driver/Src/stm32f1xx_hal_tim.o
                0x0800b074                TIM_OC2_SetConfig
 .text.HAL_TIM_PWM_ConfigChannel
                0x0800b0d0       0xdc ./Drivers/STM32F1xx_HAL_Driver/Src/stm32f1xx_hal_tim.o
                0x0800b0d0                HAL_TIM_PWM_ConfigChannel
 .text.TIM_ETR_SetConfig
                0x0800b1ac       0x18 ./Drivers/STM32F1xx_HAL_Driver/Src/stm32f1xx_hal_tim.o
                0x0800b1ac                TIM_ETR_SetConfig
 .text.HAL_TIM_ConfigClockSource
                0x0800b1c4      0x16a ./Drivers/STM32F1xx_HAL_Driver/Src/stm32f1xx_hal_tim.o
                0x0800b1c4                HAL_TIM_ConfigClockSource
 .text.TIM_SlaveTimer_SetConfig
                0x0800b32e       0xe6 ./Drivers/STM32F1xx_HAL_Driver/Src/stm32f1xx_hal_tim.o
 .text.HAL_TIM_SlaveConfigSynchro
                0x0800b414       0x52 ./Drivers/STM32F1xx_HAL_Driver/Src/stm32f1xx_hal_tim.o
                0x0800b414                HAL_TIM_SlaveConfigSynchro
 .text.TIM_CCxChannelCmd
                0x0800b466       0x1e ./Drivers/STM32F1xx_HAL_Driver/Src/stm32f1xx_hal_tim.o
                0x0800b466                TIM_CCxChannelCmd
 .text.HAL_TIM_PWM_Start
                0x0800b484       0xc4 ./Drivers/STM32F1xx_HAL_Driver/Src/stm32f1xx_hal_tim.o
                0x0800b484                HAL_TIM_PWM_Start
 .text.HAL_TIMEx_MasterConfigSynchronization
                0x0800b548       0x68 ./Drivers/STM32F1xx_HAL_Driver/Src/stm32f1xx_hal_tim_ex.o
                0x0800b548                HAL_TIMEx_MasterConfigSynchronization
 .text.HAL_TIMEx_CommutCallback
                0x0800b5b0        0x2 ./Drivers/STM32F1xx_HAL_Driver/Src/stm32f1xx_hal_tim_ex.o
                0x0800b5b0                HAL_TIMEx_CommutCallback
 .text.HAL_TIMEx_BreakCallback
                0x0800b5b2        0x2 ./Drivers/STM32F1xx_HAL_Driver/Src/stm32f1xx_hal_tim_ex.o
                0x0800b5b2                HAL_TIMEx_BreakCallback
 .text.UART_EndRxTransfer
                0x0800b5b4       0x5c ./Drivers/STM32F1xx_HAL_Driver/Src/stm32f1xx_hal_uart.o
 .text.UART_SetConfig
                0x0800b610       0x8c ./Drivers/STM32F1xx_HAL_Driver/Src/stm32f1xx_hal_uart.o
 .text.HAL_UART_Init
                0x0800b69c       0x60 ./Drivers/STM32F1xx_HAL_Driver/Src/stm32f1xx_hal_uart.o
                0x0800b69c                HAL_UART_Init
 .text.HAL_UART_Transmit_IT
                0x0800b6fc       0x36 ./Drivers/STM32F1xx_HAL_Driver/Src/stm32f1xx_hal_uart.o
                0x0800b6fc                HAL_UART_Transmit_IT
 .text.HAL_UART_TxCpltCallback
                0x0800b732        0x2 ./Drivers/STM32F1xx_HAL_Driver/Src/stm32f1xx_hal_uart.o
                0x0800b732                HAL_UART_TxCpltCallback
 .text.UART_DMAAbortOnError
                0x0800b734       0x10 ./Drivers/STM32F1xx_HAL_Driver/Src/stm32f1xx_hal_uart.o
 .text.HAL_UARTEx_RxEventCallback
                0x0800b744        0x2 ./Drivers/STM32F1xx_HAL_Driver/Src/stm32f1xx_hal_uart.o
                0x0800b744                HAL_UARTEx_RxEventCallback
 .text.UART_Receive_IT
                0x0800b746       0xda ./Drivers/STM32F1xx_HAL_Driver/Src/stm32f1xx_hal_uart.o
 .text.HAL_UART_IRQHandler
                0x0800b820      0x2f4 ./Drivers/STM32F1xx_HAL_Driver/Src/stm32f1xx_hal_uart.o
                0x0800b820                HAL_UART_IRQHandler
 .text.UART_Start_Receive_IT
                0x0800bb14       0x36 ./Drivers/STM32F1xx_HAL_Driver/Src/stm32f1xx_hal_uart.o
                0x0800bb14                UART_Start_Receive_IT
 .text.HAL_UART_Receive_IT
                0x0800bb4a       0x24 ./Drivers/STM32F1xx_HAL_Driver/Src/stm32f1xx_hal_uart.o
                0x0800bb4a                HAL_UART_Receive_IT
 .text.USB_CoreInit
                0x0800bb6e        0xe ./Drivers/STM32F1xx_HAL_Driver/Src/stm32f1xx_ll_usb.o
                0x0800bb6e                USB_CoreInit
 .text.USB_EnableGlobalInt
                0x0800bb7c       0x12 ./Drivers/STM32F1xx_HAL_Driver/Src/stm32f1xx_ll_usb.o
                0x0800bb7c                USB_EnableGlobalInt
 .text.USB_DisableGlobalInt
                0x0800bb8e       0x14 ./Drivers/STM32F1xx_HAL_Driver/Src/stm32f1xx_ll_usb.o
                0x0800bb8e                USB_DisableGlobalInt
 .text.USB_SetCurrentMode
                0x0800bba2        0x4 ./Drivers/STM32F1xx_HAL_Driver/Src/stm32f1xx_ll_usb.o
                0x0800bba2                USB_SetCurrentMode
 .text.USB_DevInit
                0x0800bba6       0x22 ./Drivers/STM32F1xx_HAL_Driver/Src/stm32f1xx_ll_usb.o
                0x0800bba6                USB_DevInit
 .text.USB_ActivateEndpoint
                0x0800bbc8      0x38e ./Drivers/STM32F1xx_HAL_Driver/Src/stm32f1xx_ll_usb.o
                0x0800bbc8                USB_ActivateEndpoint
 .text.USB_DeactivateEndpoint
                0x0800bf56      0x1d2 ./Drivers/STM32F1xx_HAL_Driver/Src/stm32f1xx_ll_usb.o
                0x0800bf56                USB_DeactivateEndpoint
 .text.USB_EPSetStall
                0x0800c128       0x4a ./Drivers/STM32F1xx_HAL_Driver/Src/stm32f1xx_ll_usb.o
                0x0800c128                USB_EPSetStall
 .text.USB_EPClearStall
                0x0800c172       0xa2 ./Drivers/STM32F1xx_HAL_Driver/Src/stm32f1xx_ll_usb.o
                0x0800c172                USB_EPClearStall
 .text.USB_SetDevAddress
                0x0800c214        0xc ./Drivers/STM32F1xx_HAL_Driver/Src/stm32f1xx_ll_usb.o
                0x0800c214                USB_SetDevAddress
 .text.USB_DevConnect
                0x0800c220        0x4 ./Drivers/STM32F1xx_HAL_Driver/Src/stm32f1xx_ll_usb.o
                0x0800c220                USB_DevConnect
 .text.USB_DevDisconnect
                0x0800c224        0x4 ./Drivers/STM32F1xx_HAL_Driver/Src/stm32f1xx_ll_usb.o
                0x0800c224                USB_DevDisconnect
 .text.USB_ReadInterrupts
                0x0800c228        0x8 ./Drivers/STM32F1xx_HAL_Driver/Src/stm32f1xx_ll_usb.o
                0x0800c228                USB_ReadInterrupts
 .text.USB_EP0_OutStart
                0x0800c230        0x4 ./Drivers/STM32F1xx_HAL_Driver/Src/stm32f1xx_ll_usb.o
                0x0800c230                USB_EP0_OutStart
 .text.USB_WritePMA
                0x0800c234       0x2e ./Drivers/STM32F1xx_HAL_Driver/Src/stm32f1xx_ll_usb.o
                0x0800c234                USB_WritePMA
 .text.USB_EPStartXfer
                0x0800c262      0x69e ./Drivers/STM32F1xx_HAL_Driver/Src/stm32f1xx_ll_usb.o
                0x0800c262                USB_EPStartXfer
 .text.USB_ReadPMA
                0x0800c900       0x44 ./Drivers/STM32F1xx_HAL_Driver/Src/stm32f1xx_ll_usb.o
                0x0800c900                USB_ReadPMA
 .text.USBD_CDC_EP0_RxReady
                0x0800c944       0x2c ./Middlewares/ST/STM32_USB_Device_Library/Class/CDC/Src/usbd_cdc.o
 .text.USBD_CDC_GetFSCfgDesc
                0x0800c970        0xc ./Middlewares/ST/STM32_USB_Device_Library/Class/CDC/Src/usbd_cdc.o
 .text.USBD_CDC_GetHSCfgDesc
                0x0800c97c        0xc ./Middlewares/ST/STM32_USB_Device_Library/Class/CDC/Src/usbd_cdc.o
 .text.USBD_CDC_GetOtherSpeedCfgDesc
                0x0800c988        0xc ./Middlewares/ST/STM32_USB_Device_Library/Class/CDC/Src/usbd_cdc.o
 .text.USBD_CDC_GetDeviceQualifierDescriptor
                0x0800c994        0xc ./Middlewares/ST/STM32_USB_Device_Library/Class/CDC/Src/usbd_cdc.o
                0x0800c994                USBD_CDC_GetDeviceQualifierDescriptor
 .text.USBD_CDC_DataOut
                0x0800c9a0       0x2e ./Middlewares/ST/STM32_USB_Device_Library/Class/CDC/Src/usbd_cdc.o
 .text.USBD_CDC_DataIn
                0x0800c9ce       0x58 ./Middlewares/ST/STM32_USB_Device_Library/Class/CDC/Src/usbd_cdc.o
 .text.USBD_CDC_Setup
                0x0800ca26       0xd6 ./Middlewares/ST/STM32_USB_Device_Library/Class/CDC/Src/usbd_cdc.o
 .text.USBD_CDC_DeInit
                0x0800cafc       0x42 ./Middlewares/ST/STM32_USB_Device_Library/Class/CDC/Src/usbd_cdc.o
 .text.USBD_CDC_Init
                0x0800cb3e       0xa2 ./Middlewares/ST/STM32_USB_Device_Library/Class/CDC/Src/usbd_cdc.o
 .text.USBD_CDC_RegisterInterface
                0x0800cbe0        0xe ./Middlewares/ST/STM32_USB_Device_Library/Class/CDC/Src/usbd_cdc.o
                0x0800cbe0                USBD_CDC_RegisterInterface
 .text.USBD_CDC_SetTxBuffer
                0x0800cbee       0x10 ./Middlewares/ST/STM32_USB_Device_Library/Class/CDC/Src/usbd_cdc.o
                0x0800cbee                USBD_CDC_SetTxBuffer
 .text.USBD_CDC_SetRxBuffer
                0x0800cbfe        0xc ./Middlewares/ST/STM32_USB_Device_Library/Class/CDC/Src/usbd_cdc.o
                0x0800cbfe                USBD_CDC_SetRxBuffer
 .text.USBD_CDC_TransmitPacket
                0x0800cc0a       0x32 ./Middlewares/ST/STM32_USB_Device_Library/Class/CDC/Src/usbd_cdc.o
                0x0800cc0a                USBD_CDC_TransmitPacket
 .text.USBD_CDC_ReceivePacket
                0x0800cc3c       0x32 ./Middlewares/ST/STM32_USB_Device_Library/Class/CDC/Src/usbd_cdc.o
                0x0800cc3c                USBD_CDC_ReceivePacket
 .text.USBD_Init
                0x0800cc6e       0x2e ./Middlewares/ST/STM32_USB_Device_Library/Core/Src/usbd_core.o
                0x0800cc6e                USBD_Init
 .text.USBD_RegisterClass
                0x0800cc9c        0xe ./Middlewares/ST/STM32_USB_Device_Library/Core/Src/usbd_core.o
                0x0800cc9c                USBD_RegisterClass
 .text.USBD_Start
                0x0800ccaa        0xa ./Middlewares/ST/STM32_USB_Device_Library/Core/Src/usbd_core.o
                0x0800ccaa                USBD_Start
 .text.USBD_SetClassConfig
                0x0800ccb4       0x1a ./Middlewares/ST/STM32_USB_Device_Library/Core/Src/usbd_core.o
                0x0800ccb4                USBD_SetClassConfig
 .text.USBD_ClrClassConfig
                0x0800ccce        0xe ./Middlewares/ST/STM32_USB_Device_Library/Core/Src/usbd_core.o
                0x0800ccce                USBD_ClrClassConfig
 .text.USBD_LL_SetupStage
                0x0800ccdc       0x5a ./Middlewares/ST/STM32_USB_Device_Library/Core/Src/usbd_core.o
                0x0800ccdc                USBD_LL_SetupStage
 .text.USBD_LL_DataOutStage
                0x0800cd36       0x88 ./Middlewares/ST/STM32_USB_Device_Library/Core/Src/usbd_core.o
                0x0800cd36                USBD_LL_DataOutStage
 .text.USBD_LL_DataInStage
                0x0800cdbe       0xd0 ./Middlewares/ST/STM32_USB_Device_Library/Core/Src/usbd_core.o
                0x0800cdbe                USBD_LL_DataInStage
 .text.USBD_LL_Reset
                0x0800ce8e       0x50 ./Middlewares/ST/STM32_USB_Device_Library/Core/Src/usbd_core.o
                0x0800ce8e                USBD_LL_Reset
 .text.USBD_LL_SetSpeed
                0x0800cede        0x6 ./Middlewares/ST/STM32_USB_Device_Library/Core/Src/usbd_core.o
                0x0800cede                USBD_LL_SetSpeed
 .text.USBD_LL_Suspend
                0x0800cee4       0x12 ./Middlewares/ST/STM32_USB_Device_Library/Core/Src/usbd_core.o
                0x0800cee4                USBD_LL_Suspend
 .text.USBD_LL_Resume
                0x0800cef6       0x14 ./Middlewares/ST/STM32_USB_Device_Library/Core/Src/usbd_core.o
                0x0800cef6                USBD_LL_Resume
 .text.USBD_LL_SOF
                0x0800cf0a       0x1c ./Middlewares/ST/STM32_USB_Device_Library/Core/Src/usbd_core.o
                0x0800cf0a                USBD_LL_SOF
 .text.USBD_ParseSetupRequest
                0x0800cf26       0x28 ./Middlewares/ST/STM32_USB_Device_Library/Core/Src/usbd_ctlreq.o
                0x0800cf26                USBD_ParseSetupRequest
 .text.USBD_CtlError
                0x0800cf4e       0x14 ./Middlewares/ST/STM32_USB_Device_Library/Core/Src/usbd_ctlreq.o
                0x0800cf4e                USBD_CtlError
 *fill*         0x0800cf62        0x2 
 .text.USBD_StdDevReq
                0x0800cf64      0x370 ./Middlewares/ST/STM32_USB_Device_Library/Core/Src/usbd_ctlreq.o
                0x0800cf64                USBD_StdDevReq
 .text.USBD_StdItfReq
                0x0800d2d4       0x60 ./Middlewares/ST/STM32_USB_Device_Library/Core/Src/usbd_ctlreq.o
                0x0800d2d4                USBD_StdItfReq
 .text.USBD_StdEPReq
                0x0800d334      0x1a8 ./Middlewares/ST/STM32_USB_Device_Library/Core/Src/usbd_ctlreq.o
                0x0800d334                USBD_StdEPReq
 .text.USBD_GetString
                0x0800d4dc       0x4e ./Middlewares/ST/STM32_USB_Device_Library/Core/Src/usbd_ctlreq.o
                0x0800d4dc                USBD_GetString
 .text.USBD_CtlSendData
                0x0800d52a       0x1a ./Middlewares/ST/STM32_USB_Device_Library/Core/Src/usbd_ioreq.o
                0x0800d52a                USBD_CtlSendData
 .text.USBD_CtlContinueSendData
                0x0800d544       0x10 ./Middlewares/ST/STM32_USB_Device_Library/Core/Src/usbd_ioreq.o
                0x0800d544                USBD_CtlContinueSendData
 .text.USBD_CtlPrepareRx
                0x0800d554       0x1e ./Middlewares/ST/STM32_USB_Device_Library/Core/Src/usbd_ioreq.o
                0x0800d554                USBD_CtlPrepareRx
 .text.USBD_CtlContinueRx
                0x0800d572       0x10 ./Middlewares/ST/STM32_USB_Device_Library/Core/Src/usbd_ioreq.o
                0x0800d572                USBD_CtlContinueRx
 .text.USBD_CtlSendStatus
                0x0800d582       0x16 ./Middlewares/ST/STM32_USB_Device_Library/Core/Src/usbd_ioreq.o
                0x0800d582                USBD_CtlSendStatus
 .text.USBD_CtlReceiveStatus
                0x0800d598       0x16 ./Middlewares/ST/STM32_USB_Device_Library/Core/Src/usbd_ioreq.o
                0x0800d598                USBD_CtlReceiveStatus
 *fill*         0x0800d5ae        0x2 
 .text.MX_USB_DEVICE_Init
                0x0800d5b0       0x54 ./USB_DEVICE/App/usb_device.o
                0x0800d5b0                MX_USB_DEVICE_Init
 .text.CDC_DeInit_FS
                0x0800d604        0x4 ./USB_DEVICE/App/usbd_cdc_if.o
 .text.CDC_Control_FS
                0x0800d608       0x58 ./USB_DEVICE/App/usbd_cdc_if.o
 .text.CDC_Receive_FS
                0x0800d660       0x2c ./USB_DEVICE/App/usbd_cdc_if.o
 .text.CDC_Init_FS
                0x0800d68c       0x28 ./USB_DEVICE/App/usbd_cdc_if.o
 .text.CDC_Transmit_FS
                0x0800d6b4       0x2c ./USB_DEVICE/App/usbd_cdc_if.o
                0x0800d6b4                CDC_Transmit_FS
 .text.CDC_Attach_Rx
                0x0800d6e0        0xc ./USB_DEVICE/App/usbd_cdc_if.o
                0x0800d6e0                CDC_Attach_Rx
 .text.USBD_FS_DeviceDescriptor
                0x0800d6ec        0xc ./USB_DEVICE/App/usbd_desc.o
                0x0800d6ec                USBD_FS_DeviceDescriptor
 .text.USBD_FS_LangIDStrDescriptor
                0x0800d6f8        0xc ./USB_DEVICE/App/usbd_desc.o
                0x0800d6f8                USBD_FS_LangIDStrDescriptor
 .text.IntToUnicode
                0x0800d704       0x28 ./USB_DEVICE/App/usbd_desc.o
 .text.USBD_FS_SerialStrDescriptor
                0x0800d72c       0x44 ./USB_DEVICE/App/usbd_desc.o
                0x0800d72c                USBD_FS_SerialStrDescriptor
 .text.USBD_FS_ProductStrDescriptor
                0x0800d770       0x18 ./USB_DEVICE/App/usbd_desc.o
                0x0800d770                USBD_FS_ProductStrDescriptor
 .text.USBD_FS_ManufacturerStrDescriptor
                0x0800d788       0x1c ./USB_DEVICE/App/usbd_desc.o
                0x0800d788                USBD_FS_ManufacturerStrDescriptor
 .text.USBD_FS_ConfigStrDescriptor
                0x0800d7a4       0x18 ./USB_DEVICE/App/usbd_desc.o
                0x0800d7a4                USBD_FS_ConfigStrDescriptor
 .text.USBD_FS_InterfaceStrDescriptor
                0x0800d7bc       0x18 ./USB_DEVICE/App/usbd_desc.o
                0x0800d7bc                USBD_FS_InterfaceStrDescriptor
 .text.USBD_Get_USB_Status
                0x0800d7d4        0xe ./USB_DEVICE/Target/usbd_conf.o
 *fill*         0x0800d7e2        0x2 
 .text.HAL_PCD_MspInit
                0x0800d7e4       0x4c ./USB_DEVICE/Target/usbd_conf.o
                0x0800d7e4                HAL_PCD_MspInit
 .text.HAL_PCD_SetupStageCallback
                0x0800d830       0x10 ./USB_DEVICE/Target/usbd_conf.o
                0x0800d830                HAL_PCD_SetupStageCallback
 .text.HAL_PCD_DataOutStageCallback
                0x0800d840       0x18 ./USB_DEVICE/Target/usbd_conf.o
                0x0800d840                HAL_PCD_DataOutStageCallback
 .text.HAL_PCD_DataInStageCallback
                0x0800d858       0x16 ./USB_DEVICE/Target/usbd_conf.o
                0x0800d858                HAL_PCD_DataInStageCallback
 .text.HAL_PCD_SOFCallback
                0x0800d86e        0xc ./USB_DEVICE/Target/usbd_conf.o
                0x0800d86e                HAL_PCD_SOFCallback
 .text.HAL_PCD_ResetCallback
                0x0800d87a       0x24 ./USB_DEVICE/Target/usbd_conf.o
                0x0800d87a                HAL_PCD_ResetCallback
 *fill*         0x0800d89e        0x2 
 .text.HAL_PCD_SuspendCallback
                0x0800d8a0       0x20 ./USB_DEVICE/Target/usbd_conf.o
                0x0800d8a0                HAL_PCD_SuspendCallback
 .text.HAL_PCD_ResumeCallback
                0x0800d8c0        0xc ./USB_DEVICE/Target/usbd_conf.o
                0x0800d8c0                HAL_PCD_ResumeCallback
 .text.USBD_LL_Init
                0x0800d8cc       0x84 ./USB_DEVICE/Target/usbd_conf.o
                0x0800d8cc                USBD_LL_Init
 .text.USBD_LL_Start
                0x0800d950       0x10 ./USB_DEVICE/Target/usbd_conf.o
                0x0800d950                USBD_LL_Start
 .text.USBD_LL_OpenEP
                0x0800d960       0x16 ./USB_DEVICE/Target/usbd_conf.o
                0x0800d960                USBD_LL_OpenEP
 .text.USBD_LL_CloseEP
                0x0800d976       0x10 ./USB_DEVICE/Target/usbd_conf.o
                0x0800d976                USBD_LL_CloseEP
 .text.USBD_LL_StallEP
                0x0800d986       0x10 ./USB_DEVICE/Target/usbd_conf.o
                0x0800d986                USBD_LL_StallEP
 .text.USBD_LL_ClearStallEP
                0x0800d996       0x10 ./USB_DEVICE/Target/usbd_conf.o
                0x0800d996                USBD_LL_ClearStallEP
 .text.USBD_LL_IsStallEP
                0x0800d9a6       0x1e ./USB_DEVICE/Target/usbd_conf.o
                0x0800d9a6                USBD_LL_IsStallEP
 .text.USBD_LL_SetUSBAddress
                0x0800d9c4       0x10 ./USB_DEVICE/Target/usbd_conf.o
                0x0800d9c4                USBD_LL_SetUSBAddress
 .text.USBD_LL_Transmit
                0x0800d9d4       0x10 ./USB_DEVICE/Target/usbd_conf.o
                0x0800d9d4                USBD_LL_Transmit
 .text.USBD_LL_PrepareReceive
                0x0800d9e4       0x10 ./USB_DEVICE/Target/usbd_conf.o
                0x0800d9e4                USBD_LL_PrepareReceive
 .text.USBD_LL_GetRxDataSize
                0x0800d9f4        0xc ./USB_DEVICE/Target/usbd_conf.o
                0x0800d9f4                USBD_LL_GetRxDataSize
 .text.USBD_static_malloc
                0x0800da00        0x8 ./USB_DEVICE/Target/usbd_conf.o
                0x0800da00                USBD_static_malloc
 .text.USBD_static_free
                0x0800da08        0x2 ./USB_DEVICE/Target/usbd_conf.o
                0x0800da08                USBD_static_free
 .text.HAL_PCDEx_SetConnectionState
                0x0800da0a        0x2 ./USB_DEVICE/Target/usbd_conf.o
                0x0800da0a                HAL_PCDEx_SetConnectionState
 .text.__itoa   0x0800da0c       0x30 C:/ST/STM32CubeIDE_2.1.0/STM32CubeIDE/plugins/com.st.stm32cube.ide.mcu.externaltools.gnu-tools-for-stm32.14.3.rel1.win32_1.0.100.202602081740/tools/bin/../lib/gcc/arm-none-eabi/14.3.1/../../../../arm-none-eabi/lib/thumb/v7-m/nofp\libc_nano.a(libc_a-itoa.o)
                0x0800da0c                __itoa
 .text.itoa     0x0800da3c        0x4 C:/ST/STM32CubeIDE_2.1.0/STM32CubeIDE/plugins/com.st.stm32cube.ide.mcu.externaltools.gnu-tools-for-stm32.14.3.rel1.win32_1.0.100.202602081740/tools/bin/../lib/gcc/arm-none-eabi/14.3.1/../../../../arm-none-eabi/lib/thumb/v7-m/nofp\libc_nano.a(libc_a-itoa.o)
                0x0800da3c                itoa
 .text.__utoa   0x0800da40       0x84 C:/ST/STM32CubeIDE_2.1.0/STM32CubeIDE/plugins/com.st.stm32cube.ide.mcu.externaltools.gnu-tools-for-stm32.14.3.rel1.win32_1.0.100.202602081740/tools/bin/../lib/gcc/arm-none-eabi/14.3.1/../../../../arm-none-eabi/lib/thumb/v7-m/nofp\libc_nano.a(libc_a-utoa.o)
                0x0800da40                __utoa
 .text.snprintf
                0x0800dac4       0x6c C:/ST/STM32CubeIDE_2.1.0/STM32CubeIDE/plugins/com.st.stm32cube.ide.mcu.externaltools.gnu-tools-for-stm32.14.3.rel1.win32_1.0.100.202602081740/tools/bin/../lib/gcc/arm-none-eabi/14.3.1/../../../../arm-none-eabi/lib/thumb/v7-m/nofp\libc_nano.a(libc_a-snprintf.o)
                0x0800dac4                sniprintf
                0x0800dac4                snprintf
 .text.memset   0x0800db30       0x10 C:/ST/STM32CubeIDE_2.1.0/STM32CubeIDE/plugins/com.st.stm32cube.ide.mcu.externaltools.gnu-tools-for-stm32.14.3.rel1.win32_1.0.100.202602081740/tools/bin/../lib/gcc/arm-none-eabi/14.3.1/../../../../arm-none-eabi/lib/thumb/v7-m/nofp\libc_nano.a(libc_a-memset.o)
                0x0800db30                memset
 .text.strncmp  0x0800db40       0x24 C:/ST/STM32CubeIDE_2.1.0/STM32CubeIDE/plugins/com.st.stm32cube.ide.mcu.externaltools.gnu-tools-for-stm32.14.3.rel1.win32_1.0.100.202602081740/tools/bin/../lib/gcc/arm-none-eabi/14.3.1/../../../../arm-none-eabi/lib/thumb/v7-m/nofp\libc_nano.a(libc_a-strncmp.o)
                0x0800db40                strncmp
 .text.strncpy  0x0800db64       0x26 C:/ST/STM32CubeIDE_2.1.0/STM32CubeIDE/plugins/com.st.stm32cube.ide.mcu.externaltools.gnu-tools-for-stm32.14.3.rel1.win32_1.0.100.202602081740/tools/bin/../lib/gcc/arm-none-eabi/14.3.1/../../../../arm-none-eabi/lib/thumb/v7-m/nofp\libc_nano.a(libc_a-strncpy.o)
                0x0800db64                strncpy
 .text.strstr   0x0800db8a       0x2c C:/ST/STM32CubeIDE_2.1.0/STM32CubeIDE/plugins/com.st.stm32cube.ide.mcu.externaltools.gnu-tools-for-stm32.14.3.rel1.win32_1.0.100.202602081740/tools/bin/../lib/gcc/arm-none-eabi/14.3.1/../../../../arm-none-eabi/lib/thumb/v7-m/nofp\libc_nano.a(libc_a-strstr.o)
                0x0800db8a                strstr
 *fill*         0x0800dbb6        0x2 
 .text.__errno  0x0800dbb8        0xc C:/ST/STM32CubeIDE_2.1.0/STM32CubeIDE/plugins/com.st.stm32cube.ide.mcu.externaltools.gnu-tools-for-stm32.14.3.rel1.win32_1.0.100.202602081740/tools/bin/../lib/gcc/arm-none-eabi/14.3.1/../../../../arm-none-eabi/lib/thumb/v7-m/nofp\libc_nano.a(libc_a-errno.o)
                0x0800dbb8                __errno
 .text.__libc_init_array
                0x0800dbc4       0x48 C:/ST/STM32CubeIDE_2.1.0/STM32CubeIDE/plugins/com.st.stm32cube.ide.mcu.externaltools.gnu-tools-for-stm32.14.3.rel1.win32_1.0.100.202602081740/tools/bin/../lib/gcc/arm-none-eabi/14.3.1/../../../../arm-none-eabi/lib/thumb/v7-m/nofp\libc_nano.a(libc_a-init.o)
                0x0800dbc4                __libc_init_array
 .text.__retarget_lock_acquire_recursive
                0x0800dc0c        0x2 C:/ST/STM32CubeIDE_2.1.0/STM32CubeIDE/plugins/com.st.stm32cube.ide.mcu.externaltools.gnu-tools-for-stm32.14.3.rel1.win32_1.0.100.202602081740/tools/bin/../lib/gcc/arm-none-eabi/14.3.1/../../../../arm-none-eabi/lib/thumb/v7-m/nofp\libc_nano.a(libc_a-lock.o)
                0x0800dc0c                __retarget_lock_acquire_recursive
 .text.__retarget_lock_release_recursive
                0x0800dc0e        0x2 C:/ST/STM32CubeIDE_2.1.0/STM32CubeIDE/plugins/com.st.stm32cube.ide.mcu.externaltools.gnu-tools-for-stm32.14.3.rel1.win32_1.0.100.202602081740/tools/bin/../lib/gcc/arm-none-eabi/14.3.1/../../../../arm-none-eabi/lib/thumb/v7-m/nofp\libc_nano.a(libc_a-lock.o)
                0x0800dc0e                __retarget_lock_release_recursive
 .text.strcpy   0x0800dc10       0x10 C:/ST/STM32CubeIDE_2.1.0/STM32CubeIDE/plugins/com.st.stm32cube.ide.mcu.externaltools.gnu-tools-for-stm32.14.3.rel1.win32_1.0.100.202602081740/tools/bin/../lib/gcc/arm-none-eabi/14.3.1/../../../../arm-none-eabi/lib/thumb/v7-m/nofp\libc_nano.a(libc_a-strcpy.o)
                0x0800dc10                strcpy
 .text.memcpy   0x0800dc20       0x1c C:/ST/STM32CubeIDE_2.1.0/STM32CubeIDE/plugins/com.st.stm32cube.ide.mcu.externaltools.gnu-tools-for-stm32.14.3.rel1.win32_1.0.100.202602081740/tools/bin/../lib/gcc/arm-none-eabi/14.3.1/../../../../arm-none-eabi/lib/thumb/v7-m/nofp\libc_nano.a(libc_a-memcpy-stub.o)
                0x0800dc20                memcpy
 .text._free_r  0x0800dc3c       0x90 C:/ST/STM32CubeIDE_2.1.0/STM32CubeIDE/plugins/com.st.stm32cube.ide.mcu.externaltools.gnu-tools-for-stm32.14.3.rel1.win32_1.0.100.202602081740/tools/bin/../lib/gcc/arm-none-eabi/14.3.1/../../../../arm-none-eabi/lib/thumb/v7-m/nofp\libc_nano.a(libc_a-freer.o)
                0x0800dc3c                _free_r
 .text.sbrk_aligned
                0x0800dccc       0x44 C:/ST/STM32CubeIDE_2.1.0/STM32CubeIDE/plugins/com.st.stm32cube.ide.mcu.externaltools.gnu-tools-for-stm32.14.3.rel1.win32_1.0.100.202602081740/tools/bin/../lib/gcc/arm-none-eabi/14.3.1/../../../../arm-none-eabi/lib/thumb/v7-m/nofp\libc_nano.a(libc_a-mallocr.o)
 .text._malloc_r
                0x0800dd10      0x100 C:/ST/STM32CubeIDE_2.1.0/STM32CubeIDE/plugins/com.st.stm32cube.ide.mcu.externaltools.gnu-tools-for-stm32.14.3.rel1.win32_1.0.100.202602081740/tools/bin/../lib/gcc/arm-none-eabi/14.3.1/../../../../arm-none-eabi/lib/thumb/v7-m/nofp\libc_nano.a(libc_a-mallocr.o)
                0x0800dd10                _malloc_r
 .text.__malloc_lock
                0x0800de10        0xc C:/ST/STM32CubeIDE_2.1.0/STM32CubeIDE/plugins/com.st.stm32cube.ide.mcu.externaltools.gnu-tools-for-stm32.14.3.rel1.win32_1.0.100.202602081740/tools/bin/../lib/gcc/arm-none-eabi/14.3.1/../../../../arm-none-eabi/lib/thumb/v7-m/nofp\libc_nano.a(libc_a-mlock.o)
                0x0800de10                __malloc_lock
 .text.__malloc_unlock
                0x0800de1c        0xc C:/ST/STM32CubeIDE_2.1.0/STM32CubeIDE/plugins/com.st.stm32cube.ide.mcu.externaltools.gnu-tools-for-stm32.14.3.rel1.win32_1.0.100.202602081740/tools/bin/../lib/gcc/arm-none-eabi/14.3.1/../../../../arm-none-eabi/lib/thumb/v7-m/nofp\libc_nano.a(libc_a-mlock.o)
                0x0800de1c                __malloc_unlock
 .text.__ssputs_r
                0x0800de28       0xc0 C:/ST/STM32CubeIDE_2.1.0/STM32CubeIDE/plugins/com.st.stm32cube.ide.mcu.externaltools.gnu-tools-for-stm32.14.3.rel1.win32_1.0.100.202602081740/tools/bin/../lib/gcc/arm-none-eabi/14.3.1/../../../../arm-none-eabi/lib/thumb/v7-m/nofp\libc_nano.a(libc_a-nano-svfprintf.o)
                0x0800de28                __ssputs_r
 .text._svfprintf_r
                0x0800dee8      0x1f0 C:/ST/STM32CubeIDE_2.1.0/STM32CubeIDE/plugins/com.st.stm32cube.ide.mcu.externaltools.gnu-tools-for-stm32.14.3.rel1.win32_1.0.100.202602081740/tools/bin/../lib/gcc/arm-none-eabi/14.3.1/../../../../arm-none-eabi/lib/thumb/v7-m/nofp\libc_nano.a(libc_a-nano-svfprintf.o)
                0x0800dee8                _svfiprintf_r
                0x0800dee8                _svfprintf_r
 .text._printf_common
                0x0800e0d8       0xe4 C:/ST/STM32CubeIDE_2.1.0/STM32CubeIDE/plugins/com.st.stm32cube.ide.mcu.externaltools.gnu-tools-for-stm32.14.3.rel1.win32_1.0.100.202602081740/tools/bin/../lib/gcc/arm-none-eabi/14.3.1/../../../../arm-none-eabi/lib/thumb/v7-m/nofp\libc_nano.a(libc_a-nano-vfprintf_i.o)
                0x0800e0d8                _printf_common
 .text._printf_i
                0x0800e1bc      0x24c C:/ST/STM32CubeIDE_2.1.0/STM32CubeIDE/plugins/com.st.stm32cube.ide.mcu.externaltools.gnu-tools-for-stm32.14.3.rel1.win32_1.0.100.202602081740/tools/bin/../lib/gcc/arm-none-eabi/14.3.1/../../../../arm-none-eabi/lib/thumb/v7-m/nofp\libc_nano.a(libc_a-nano-vfprintf_i.o)
                0x0800e1bc                _printf_i
 .text.memmove  0x0800e408       0x32 C:/ST/STM32CubeIDE_2.1.0/STM32CubeIDE/plugins/com.st.stm32cube.ide.mcu.externaltools.gnu-tools-for-stm32.14.3.rel1.win32_1.0.100.202602081740/tools/bin/../lib/gcc/arm-none-eabi/14.3.1/../../../../arm-none-eabi/lib/thumb/v7-m/nofp\libc_nano.a(libc_a-memmove.o)
                0x0800e408                memmove
 *fill*         0x0800e43a        0x2 
 .text._sbrk_r  0x0800e43c       0x20 C:/ST/STM32CubeIDE_2.1.0/STM32CubeIDE/plugins/com.st.stm32cube.ide.mcu.externaltools.gnu-tools-for-stm32.14.3.rel1.win32_1.0.100.202602081740/tools/bin/../lib/gcc/arm-none-eabi/14.3.1/../../../../arm-none-eabi/lib/thumb/v7-m/nofp\libc_nano.a(libc_a-sbrkr.o)
                0x0800e43c                _sbrk_r
 .text.memchr   0x0800e45c       0x1c C:/ST/STM32CubeIDE_2.1.0/STM32CubeIDE/plugins/com.st.stm32cube.ide.mcu.externaltools.gnu-tools-for-stm32.14.3.rel1.win32_1.0.100.202602081740/tools/bin/../lib/gcc/arm-none-eabi/14.3.1/../../../../arm-none-eabi/lib/thumb/v7-m/nofp\libc_nano.a(libc_a-memchr-stub.o)
                0x0800e45c                memchr
 .text._realloc_r
                0x0800e478       0x5c C:/ST/STM32CubeIDE_2.1.0/STM32CubeIDE/plugins/com.st.stm32cube.ide.mcu.externaltools.gnu-tools-for-stm32.14.3.rel1.win32_1.0.100.202602081740/tools/bin/../lib/gcc/arm-none-eabi/14.3.1/../../../../arm-none-eabi/lib/thumb/v7-m/nofp\libc_nano.a(libc_a-reallocr.o)
                0x0800e478                _realloc_r
 .text._malloc_usable_size_r
                0x0800e4d4       0x10 C:/ST/STM32CubeIDE_2.1.0/STM32CubeIDE/plugins/com.st.stm32cube.ide.mcu.externaltools.gnu-tools-for-stm32.14.3.rel1.win32_1.0.100.202602081740/tools/bin/../lib/gcc/arm-none-eabi/14.3.1/../../../../arm-none-eabi/lib/thumb/v7-m/nofp\libc_nano.a(libc_a-msizer.o)
                0x0800e4d4                _malloc_usable_size_r
 *(.glue_7)
 .glue_7        0x0800e4e4        0x0 linker stubs
 *(.glue_7t)
 .glue_7t       0x0800e4e4        0x0 linker stubs
 *(.eh_frame)
 .eh_frame      0x0800e4e4        0x0 C:/ST/STM32CubeIDE_2.1.0/STM32CubeIDE/plugins/com.st.stm32cube.ide.mcu.externaltools.gnu-tools-for-stm32.14.3.rel1.win32_1.0.100.202602081740/tools/bin/../lib/gcc/arm-none-eabi/14.3.1/thumb/v7-m/nofp/crtbegin.o
 *(.init)
 .init          0x0800e4e4        0x4 C:/ST/STM32CubeIDE_2.1.0/STM32CubeIDE/plugins/com.st.stm32cube.ide.mcu.externaltools.gnu-tools-for-stm32.14.3.rel1.win32_1.0.100.202602081740/tools/bin/../lib/gcc/arm-none-eabi/14.3.1/thumb/v7-m/nofp/crti.o
                0x0800e4e4                _init
 .init          0x0800e4e8        0x8 C:/ST/STM32CubeIDE_2.1.0/STM32CubeIDE/plugins/com.st.stm32cube.ide.mcu.externaltools.gnu-tools-for-stm32.14.3.rel1.win32_1.0.100.202602081740/tools/bin/../lib/gcc/arm-none-eabi/14.3.1/thumb/v7-m/nofp/crtn.o
 *(.fini)
 .fini          0x0800e4f0        0x4 C:/ST/STM32CubeIDE_2.1.0/STM32CubeIDE/plugins/com.st.stm32cube.ide.mcu.externaltools.gnu-tools-for-stm32.14.3.rel1.win32_1.0.100.202602081740/tools/bin/../lib/gcc/arm-none-eabi/14.3.1/thumb/v7-m/nofp/crti.o
                0x0800e4f0                _fini
 .fini          0x0800e4f4        0x8 C:/ST/STM32CubeIDE_2.1.0/STM32CubeIDE/plugins/com.st.stm32cube.ide.mcu.externaltools.gnu-tools-for-stm32.14.3.rel1.win32_1.0.100.202602081740/tools/bin/../lib/gcc/arm-none-eabi/14.3.1/thumb/v7-m/nofp/crtn.o
                0x0800e4fc                        . = ALIGN (0x4)
                0x0800e4fc                        _etext = .

.vfp11_veneer   0x0800e4fc        0x0
 .vfp11_veneer  0x0800e4fc        0x0 linker stubs

.v4_bx          0x0800e4fc        0x0
 .v4_bx         0x0800e4fc        0x0 linker stubs

.iplt           0x0800e4fc        0x0
 .iplt          0x0800e4fc        0x0 C:/ST/STM32CubeIDE_2.1.0/STM32CubeIDE/plugins/com.st.stm32cube.ide.mcu.externaltools.gnu-tools-for-stm32.14.3.rel1.win32_1.0.100.202602081740/tools/bin/../lib/gcc/arm-none-eabi/14.3.1/thumb/v7-m/nofp/crtbegin.o

.rodata         0x0800e4fc     0x2874
                0x0800e4fc                        . = ALIGN (0x4)
 *(.rodata)
 *(.rodata*)
 .rodata.ESP01_Send.str1.4
                0x0800e4fc      0xcba ./Core/Src/esp01.o
                                 0x34 (size before relaxing)
 .rodata.ESP01_Task.str1.4
                0x0800f1b6      0x18a ./Core/Src/esp01.o
 *fill*         0x0800f1b6        0x2 
 .rodata.responses
                0x0800f1b8       0x4c ./Core/Src/esp01.o
                0x0800f1b8                responses
 .rodata.respBUSYS
                0x0800f204        0xb ./Core/Src/esp01.o
                0x0800f204                respBUSYS
 *fill*         0x0800f20f        0x1 
 .rodata.respBUSYP
                0x0800f210        0xb ./Core/Src/esp01.o
                0x0800f210                respBUSYP
 *fill*         0x0800f21b        0x1 
 .rodata.respReady
                0x0800f21c        0xc ./Core/Src/esp01.o
                0x0800f21c                respReady
 .rodata.respIPD
                0x0800f228        0x9 ./Core/Src/esp01.o
                0x0800f228                respIPD
 *fill*         0x0800f231        0x3 
 .rodata.respBUSY
                0x0800f234        0xb ./Core/Src/esp01.o
                0x0800f234                respBUSY
 *fill*         0x0800f23f        0x1 
 .rodata.respCIFSRAPIP
                0x0800f240       0x11 ./Core/Src/esp01.o
                0x0800f240                respCIFSRAPIP
 *fill*         0x0800f251        0x3 
 .rodata.respCLOSED
                0x0800f254        0xd ./Core/Src/esp01.o
                0x0800f254                respCLOSED
 *fill*         0x0800f261        0x3 
 .rodata.respCONNECT
                0x0800f264        0xe ./Core/Src/esp01.o
                0x0800f264                respCONNECT
 *fill*         0x0800f272        0x2 
 .rodata.respSENDOK
                0x0800f274        0xe ./Core/Src/esp01.o
                0x0800f274                respSENDOK
 *fill*         0x0800f282        0x2 
 .rodata.respDISCONNECTED
                0x0800f284       0x13 ./Core/Src/esp01.o
                0x0800f284                respDISCONNECTED
 *fill*         0x0800f297        0x1 
 .rodata.respWIFIDISCONNECTED
                0x0800f298       0x18 ./Core/Src/esp01.o
                0x0800f298                respWIFIDISCONNECTED
 .rodata.respWIFIDISCONNECT
                0x0800f2b0       0x16 ./Core/Src/esp01.o
                0x0800f2b0                respWIFIDISCONNECT
 *fill*         0x0800f2c6        0x2 
 .rodata.respWIFICONNECTED
                0x0800f2c8       0x15 ./Core/Src/esp01.o
                0x0800f2c8                respWIFICONNECTED
 *fill*         0x0800f2dd        0x3 
 .rodata.respWIFIGOTIP
                0x0800f2e0       0x12 ./Core/Src/esp01.o
                0x0800f2e0                respWIFIGOTIP
 *fill*         0x0800f2f2        0x2 
 .rodata.respERROR
                0x0800f2f4        0xc ./Core/Src/esp01.o
                0x0800f2f4                respERROR
 .rodata.respOK
                0x0800f300        0x9 ./Core/Src/esp01.o
                0x0800f300                respOK
 *fill*         0x0800f309        0x3 
 .rodata.respATp
                0x0800f30c        0x8 ./Core/Src/esp01.o
                0x0800f30c                respATp
 .rodata.respAT
                0x0800f314        0x8 ./Core/Src/esp01.o
                0x0800f314                respAT
 .rodata.ATCIPSERVER
                0x0800f31c       0x14 ./Core/Src/esp01.o
                0x0800f31c                ATCIPSERVER
 .rodata.ATCWDHCP
                0x0800f330       0x14 ./Core/Src/esp01.o
                0x0800f330                ATCWDHCP
 .rodata.ATCWSAP
                0x0800f344        0xe ./Core/Src/esp01.o
                0x0800f344                ATCWSAP
 *fill*         0x0800f352        0x2 
 .rodata.ATCIPSEND
                0x0800f354        0xc ./Core/Src/esp01.o
                0x0800f354                ATCIPSEND
 .rodata.ATCIPCLOSE
                0x0800f360        0xe ./Core/Src/esp01.o
                0x0800f360                ATCIPCLOSE
 *fill*         0x0800f36e        0x2 
 .rodata.ATCIPSTART
                0x0800f370        0xd ./Core/Src/esp01.o
                0x0800f370                ATCIPSTART
 *fill*         0x0800f37d        0x3 
 .rodata.ATCIFSR
                0x0800f380        0xb ./Core/Src/esp01.o
                0x0800f380                ATCIFSR
 *fill*         0x0800f38b        0x1 
 .rodata.ATCWJAP
                0x0800f38c        0xa ./Core/Src/esp01.o
                0x0800f38c                ATCWJAP
 *fill*         0x0800f396        0x2 
 .rodata.ATCWMODE
                0x0800f398        0xe ./Core/Src/esp01.o
                0x0800f398                ATCWMODE
 *fill*         0x0800f3a6        0x2 
 .rodata.ATAT   0x0800f3a8        0x5 ./Core/Src/esp01.o
                0x0800f3a8                ATAT
 *fill*         0x0800f3ad        0x3 
 .rodata.Font_11x18
                0x0800f3b0        0xc ./Core/Src/fonts.o
                0x0800f3b0                Font_11x18
 .rodata.Font_7x10
                0x0800f3bc        0xc ./Core/Src/fonts.o
                0x0800f3bc                Font_7x10
 .rodata.Font11x18
                0x0800f3c8      0xd5c ./Core/Src/fonts.o
 .rodata.Font7x10
                0x08010124      0x76c ./Core/Src/fonts.o
 .rodata.format_pitch_deg.str1.4
                0x08010890       0x14 ./Core/Src/main.o
 .rodata.ssd1306Data.str1.4
                0x08010890       0x5a ./Core/Src/main.o
 .rodata.sendJSONTelemetry.str1.4
                0x08010890       0xf3 ./Core/Src/main.o
 .rodata.sendHTMLForm.str1.4
                0x08010890      0x751 ./Core/Src/main.o
 .rodata.sendHTTPOKPage.str1.4
                0x08010890       0x75 ./Core/Src/main.o
 .rodata.parseHTTPGetParams.str1.4
                0x08010890       0x34 ./Core/Src/main.o
 .rodata.httpTask.str1.4
                0x08010890       0x1e ./Core/Src/main.o
 .rodata.HandleModeScreenTransition.str1.4
                0x08010890       0x59 ./Core/Src/main.o
 .rodata.main.str1.4
                0x08010890       0x13 ./Core/Src/main.o
 .rodata.LUT_Y_SCALE
                0x08010890       0x20 ./Core/Src/main.o
                0x08010890                LUT_Y_SCALE
 .rodata.LUT_PROMEDIO
                0x080108b0       0x20 ./Core/Src/main.o
                0x080108b0                LUT_PROMEDIO
 .rodata.LUT_IR5_DER
                0x080108d0       0x20 ./Core/Src/main.o
                0x080108d0                LUT_IR5_DER
 .rodata.LUT_IR3_CEN
                0x080108f0       0x20 ./Core/Src/main.o
                0x080108f0                LUT_IR3_CEN
 .rodata.LUT_IR1_IZQ
                0x08010910       0x20 ./Core/Src/main.o
                0x08010910                LUT_IR1_IZQ
 .rodata.str1.4
                0x08010930       0xcd ./Core/Src/main.o
 .rodata.knownNetworks
                0x08010930       0x3c ./Core/Src/main.o
 .rodata.firmware
                0x0801096c        0xd ./Core/Src/main.o
                0x0801096c                firmware
 *fill*         0x08010979        0x3 
 .rodata.APBPrescTable
                0x0801097c        0x8 ./Core/Src/system_stm32f1xx.o
                0x0801097c                APBPrescTable
 .rodata.AHBPrescTable
                0x08010984       0x10 ./Core/Src/system_stm32f1xx.o
                0x08010984                AHBPrescTable
 .rodata.pyramid_edges
                0x08010994       0x40 ./Core/Src/wiregfx.o
 .rodata.pyramid_vertices
                0x080109d4       0x1e ./Core/Src/wiregfx.o
 *fill*         0x080109f2        0x2 
 .rodata.tesseract_edges
                0x080109f4      0x100 ./Core/Src/wiregfx.o
 .rodata.tesseract_vertices
                0x08010af4       0x80 ./Core/Src/wiregfx.o
 .rodata.cube_edges
                0x08010b74       0x60 ./Core/Src/wiregfx.o
 .rodata.cube_vertices
                0x08010bd4       0x30 ./Core/Src/wiregfx.o
 .rodata.sin_LUT
                0x08010c04      0x100 ./Core/Src/wiregfx.o
                0x08010c04                sin_LUT
 .rodata.aPredivFactorTable.0
                0x08010d04        0x2 ./Drivers/STM32F1xx_HAL_Driver/Src/stm32f1xx_hal_rcc.o
 *fill*         0x08010d06        0x2 
 .rodata.aPLLMULFactorTable.1
                0x08010d08       0x10 ./Drivers/STM32F1xx_HAL_Driver/Src/stm32f1xx_hal_rcc.o
 .rodata.USBD_FS_ProductStrDescriptor.str1.4
                0x08010d18       0x16 ./USB_DEVICE/App/usbd_desc.o
 .rodata.USBD_FS_ManufacturerStrDescriptor.str1.4
                0x08010d18       0x13 ./USB_DEVICE/App/usbd_desc.o
 .rodata.USBD_FS_ConfigStrDescriptor.str1.4
                0x08010d18        0xb ./USB_DEVICE/App/usbd_desc.o
 .rodata.USBD_FS_InterfaceStrDescriptor.str1.4
                0x08010d18        0xe ./USB_DEVICE/App/usbd_desc.o
 .rodata.__utoa.str1.1
                0x08010d18       0x58 C:/ST/STM32CubeIDE_2.1.0/STM32CubeIDE/plugins/com.st.stm32cube.ide.mcu.externaltools.gnu-tools-for-stm32.14.3.rel1.win32_1.0.100.202602081740/tools/bin/../lib/gcc/arm-none-eabi/14.3.1/../../../../arm-none-eabi/lib/thumb/v7-m/nofp\libc_nano.a(libc_a-utoa.o)
                                 0x25 (size before relaxing)
 .rodata._svfprintf_r.str1.1
                0x08010d70       0x11 C:/ST/STM32CubeIDE_2.1.0/STM32CubeIDE/plugins/com.st.stm32cube.ide.mcu.externaltools.gnu-tools-for-stm32.14.3.rel1.win32_1.0.100.202602081740/tools/bin/../lib/gcc/arm-none-eabi/14.3.1/../../../../arm-none-eabi/lib/thumb/v7-m/nofp\libc_nano.a(libc_a-nano-svfprintf.o)
 .rodata._printf_i.str1.1
                0x08010d70       0x22 C:/ST/STM32CubeIDE_2.1.0/STM32CubeIDE/plugins/com.st.stm32cube.ide.mcu.externaltools.gnu-tools-for-stm32.14.3.rel1.win32_1.0.100.202602081740/tools/bin/../lib/gcc/arm-none-eabi/14.3.1/../../../../arm-none-eabi/lib/thumb/v7-m/nofp\libc_nano.a(libc_a-nano-vfprintf_i.o)
                0x08010d94                        . = ALIGN (0x4)

.ARM.extab      0x08010d70        0x0
                0x08010d70                        . = ALIGN (0x4)
 *(.ARM.extab* .gnu.linkonce.armextab.*)
                0x08010d70                        . = ALIGN (0x4)

.ARM            0x08010d70        0x8
                0x08010d70                        . = ALIGN (0x4)
                0x08010d70                        __exidx_start = .
 *(.ARM.exidx*)
 .ARM.exidx     0x08010d70        0x8 C:/ST/STM32CubeIDE_2.1.0/STM32CubeIDE/plugins/com.st.stm32cube.ide.mcu.externaltools.gnu-tools-for-stm32.14.3.rel1.win32_1.0.100.202602081740/tools/bin/../lib/gcc/arm-none-eabi/14.3.1/../../../../arm-none-eabi/lib/thumb/v7-m/nofp\libc_nano.a(libc_a-strcmp.o)
 .ARM.exidx     0x08010d78        0x0 C:/ST/STM32CubeIDE_2.1.0/STM32CubeIDE/plugins/com.st.stm32cube.ide.mcu.externaltools.gnu-tools-for-stm32.14.3.rel1.win32_1.0.100.202602081740/tools/bin/../lib/gcc/arm-none-eabi/14.3.1/../../../../arm-none-eabi/lib/thumb/v7-m/nofp\libc_nano.a(libc_a-strlen.o)
                                  0x8 (size before relaxing)
 .ARM.exidx     0x08010d78        0x0 C:/ST/STM32CubeIDE_2.1.0/STM32CubeIDE/plugins/com.st.stm32cube.ide.mcu.externaltools.gnu-tools-for-stm32.14.3.rel1.win32_1.0.100.202602081740/tools/bin/../lib/gcc/arm-none-eabi/14.3.1/thumb/v7-m/nofp\libgcc.a(_udivmoddi4.o)
                                  0x8 (size before relaxing)
                0x08010d78                        __exidx_end = .
                0x08010d78                        . = ALIGN (0x4)

.preinit_array  0x08010d78        0x0
                0x08010d78                        . = ALIGN (0x4)
                0x08010d78                        PROVIDE (__preinit_array_start = .)
 *(.preinit_array*)
                0x08010d78                        PROVIDE (__preinit_array_end = .)
                0x08010d78                        . = ALIGN (0x4)

.init_array     0x08010d78        0x4
                0x08010d78                        . = ALIGN (0x4)
                0x08010d78                        PROVIDE (__init_array_start = .)
 *(SORT_BY_NAME(.init_array.*))
 *(.init_array*)
 .init_array    0x08010d78        0x4 C:/ST/STM32CubeIDE_2.1.0/STM32CubeIDE/plugins/com.st.stm32cube.ide.mcu.externaltools.gnu-tools-for-stm32.14.3.rel1.win32_1.0.100.202602081740/tools/bin/../lib/gcc/arm-none-eabi/14.3.1/thumb/v7-m/nofp/crtbegin.o
                0x08010d7c                        PROVIDE (__init_array_end = .)
                0x08010d7c                        . = ALIGN (0x4)

.fini_array     0x08010d7c        0x4
                0x08010d7c                        . = ALIGN (0x4)
                [!provide]                        PROVIDE (__fini_array_start = .)
 *(SORT_BY_NAME(.fini_array.*))
 *(.fini_array*)
 .fini_array    0x08010d7c        0x4 C:/ST/STM32CubeIDE_2.1.0/STM32CubeIDE/plugins/com.st.stm32cube.ide.mcu.externaltools.gnu-tools-for-stm32.14.3.rel1.win32_1.0.100.202602081740/tools/bin/../lib/gcc/arm-none-eabi/14.3.1/thumb/v7-m/nofp/crtbegin.o
                [!provide]                        PROVIDE (__fini_array_end = .)
                0x08010d80                        . = ALIGN (0x4)
                0x08010d80                        _sidata = LOADADDR (.data)

.rel.dyn        0x08010d80        0x0
 .rel.iplt      0x08010d80        0x0 C:/ST/STM32CubeIDE_2.1.0/STM32CubeIDE/plugins/com.st.stm32cube.ide.mcu.externaltools.gnu-tools-for-stm32.14.3.rel1.win32_1.0.100.202602081740/tools/bin/../lib/gcc/arm-none-eabi/14.3.1/thumb/v7-m/nofp/crtbegin.o

.data           0x20000000      0x278 load address 0x08010d80
                0x20000000                        . = ALIGN (0x4)
                0x20000000                        _sdata = .
 *(.data)
 *(.data*)
 .data.esp01AP_ENC
                0x20000000        0x2 ./Core/Src/esp01.o
 *fill*         0x20000002        0x2 
 .data.esp01AP_CH
                0x20000004        0x3 ./Core/Src/esp01.o
 *fill*         0x20000007        0x1 
 .data.esp01PROTO
                0x20000008        0x4 ./Core/Src/esp01.o
 .data.standby_next_state.13
                0x2000000c        0x1 ./Core/Src/main.o
 .data.search_direction.14
                0x2000000d        0x1 ./Core/Src/main.o
 .data.cross_direction.17
                0x2000000e        0x1 ./Core/Src/main.o
 *fill*         0x2000000f        0x1 
 .data.bufferTx.27
                0x20000010        0x9 ./Core/Src/main.o
 *fill*         0x20000019        0x1 
 .data.obs_align_dist
                0x2000001a        0x2 ./Core/Src/main.o
                0x2000001a                obs_align_dist
 .data.obs_stop_cycles
                0x2000001c        0x2 ./Core/Src/main.o
                0x2000001c                obs_stop_cycles
 .data.obs_side_dist
                0x2000001e        0x2 ./Core/Src/main.o
                0x2000001e                obs_side_dist
 .data.Kd_anticipo
                0x20000020        0x4 ./Core/Src/main.o
                0x20000020                Kd_anticipo
 .data.Kp_pared
                0x20000024        0x4 ./Core/Src/main.o
                0x20000024                Kp_pared
 .data.obs_lost_dist
                0x20000028        0x2 ./Core/Src/main.o
                0x20000028                obs_lost_dist
 .data.obs_corner_dist
                0x2000002a        0x2 ./Core/Src/main.o
                0x2000002a                obs_corner_dist
 .data.obs_detect_dist
                0x2000002c        0x2 ./Core/Src/main.o
                0x2000002c                obs_detect_dist
 .data.turn_limit
                0x2000002e        0x2 ./Core/Src/main.o
                0x2000002e                turn_limit
 .data.vel_damp_limit
                0x20000030        0x2 ./Core/Src/main.o
                0x20000030                vel_damp_limit
 .data.vel_damp_div
                0x20000032        0x2 ./Core/Src/main.o
                0x20000032                vel_damp_div
 .data.custom_turn
                0x20000034        0x2 ./Core/Src/main.o
                0x20000034                custom_turn
 .data.Kq_line_backup
                0x20000036        0x2 ./Core/Src/main.o
                0x20000036                Kq_line_backup
 .data.Kp_line_backup
                0x20000038        0x2 ./Core/Src/main.o
                0x20000038                Kp_line_backup
 .data.Kq_line  0x2000003a        0x2 ./Core/Src/main.o
                0x2000003a                Kq_line
 .data.Kp_line  0x2000003c        0x2 ./Core/Src/main.o
                0x2000003c                Kp_line
 .data.alfa_lpf
                0x2000003e        0x2 ./Core/Src/main.o
                0x2000003e                alfa_lpf
 .data.Ki_ext   0x20000040        0x2 ./Core/Src/main.o
                0x20000040                Ki_ext
 .data.Kp_ext   0x20000042        0x2 ./Core/Src/main.o
                0x20000042                Kp_ext
 .data.attack_setpoint
                0x20000044        0x2 ./Core/Src/main.o
                0x20000044                attack_setpoint
 *fill*         0x20000046        0x2 
 .data.setpoint
                0x20000048        0x4 ./Core/Src/main.o
                0x20000048                setpoint
 .data.PWM_RRot
                0x2000004c        0x2 ./Core/Src/main.o